 d2warden

 Timestamp is 67340efd (Tue Nov 12 23:29:17 2024)

 Preferred load address is 10000000

 Start         Length     Name                   Class
 0001:00000000 00000010H .text$di                CODE
 0001:00000010 0001a3e0H .text$mn                CODE
 0001:0001a3f0 00000ce0H .text$x                 CODE
 0001:0001b0d0 00000072H .text$yd                CODE
 0002:00000000 000001f0H .idata$5                DATA
 0002:000001f0 00000004H .00cfg                  DATA
 0002:000001f4 00000004H .CRT$XCA                DATA
 0002:000001f8 00000004H .CRT$XCL                DATA
 0002:000001fc 00000004H .CRT$XCZ                DATA
 0002:00000200 00000004H .CRT$XIA                DATA
 0002:00000204 00000004H .CRT$XIC                DATA
 0002:00000208 00000004H .CRT$XIZ                DATA
 0002:0000020c 00000004H .CRT$XLA                DATA
 0002:00000210 00000004H .CRT$XLZ                DATA
 0002:00000214 00000004H .CRT$XPA                DATA
 0002:00000218 00000004H .CRT$XPZ                DATA
 0002:0000021c 00000004H .CRT$XTA                DATA
 0002:00000220 00000010H .CRT$XTZ                DATA
 0002:00000224 00000000H .gfids$y                DATA
 0002:00000230 000040d0H .rdata                  DATA
 0002:00004300 00000000H .rdata$CastGuardVftablesA DATA
 0002:00004300 00000000H .rdata$CastGuardVftablesC DATA
 0002:00004300 00000018H .rdata$T                DATA
 0002:00004318 000003a8H .rdata$r                DATA
 0002:000046c0 00000098H .rdata$sxdata           DATA
 0002:00004758 00000028H .rdata$voltmd           DATA
 0002:00004780 000003c0H .rdata$zzzdbg           DATA
 0002:00004b40 00000004H .rtc$IAA                DATA
 0002:00004b44 00000004H .rtc$IZZ                DATA
 0002:00004b48 00000004H .rtc$TAA                DATA
 0002:00004b4c 00000004H .rtc$TZZ                DATA
 0002:00004b50 00000004H .tls                    DATA
 0002:00004b54 00000004H .tls$                   DATA
 0002:00004b58 00000008H .tls$ZZZ                DATA
 0002:00004b60 00000b50H .xdata$x                DATA
 0002:000056b0 00000038H .edata                  DATA
 0002:000056e8 000000c8H .idata$2                DATA
 0002:000057b0 00000014H .idata$3                DATA
 0002:000057c4 000001f0H .idata$4                DATA
 0002:000059b4 00000e02H .idata$6                DATA
 0003:00000000 00000244H .data                   DATA
 0003:00000244 0000007cH .data$r                 DATA
 0003:000002c0 000001b0H .data$rs                DATA
 0003:00000470 0000204cH .bss                    DATA
 0004:00000000 00000060H .rsrc$01                DATA
 0004:00000060 00000180H .rsrc$02                DATA

  Address         Publics by Value              Rva+Base       Lib:Object

 0000:00000000       ___guard_eh_cont_count     00000000     <absolute>
 0000:00000000       ___arm64x_extra_rfe_table  00000000     <absolute>
 0000:00000000       ___guard_longjmp_table     00000000     <absolute>
 0000:00000000       ___arm64x_native_entrypoint 00000000     <absolute>
 0000:00000000       ___hybrid_code_map_count   00000000     <absolute>
 0000:00000000       ___guard_fids_count        00000000     <absolute>
 0000:00000000       ___x64_code_ranges_to_entry_points 00000000     <absolute>
 0000:00000000       ___guard_eh_cont_table     00000000     <absolute>
 0000:00000000       ___guard_iat_count         00000000     <absolute>
 0000:00000000       ___x64_code_ranges_to_entry_points_count 00000000     <absolute>
 0000:00000000       ___hybrid_code_map         00000000     <absolute>
 0000:00000000       ___arm64x_extra_rfe_table_size 00000000     <absolute>
 0000:00000000       ___hybrid_auxiliary_iat_copy 00000000     <absolute>
 0000:00000000       ___guard_iat_table         00000000     <absolute>
 0000:00000000       ___guard_longjmp_count     00000000     <absolute>
 0000:00000000       ___hybrid_auxiliary_iat    00000000     <absolute>
 0000:00000000       ___dynamic_value_reloc_table 00000000     <absolute>
 0000:00000000       ___guard_check_icall_a64n_fptr 00000000     <absolute>
 0000:00000000       ___arm64x_redirection_metadata_count 00000000     <absolute>
 0000:00000000       ___AbsoluteZero            00000000     <absolute>
 0000:00000000       ___enclave_config          00000000     <absolute>
 0000:00000000       ___guard_fids_table        00000000     <absolute>
 0000:00000000       ___arm64x_redirection_metadata 00000000     <absolute>
 0000:00000026       ___safe_se_handler_count   00000026     <absolute>
 0000:0000002c       __tls_array                0000002c     <absolute>
 0000:00000100       ___guard_flags             00000100     <absolute>
 0000:00000000       ___ImageBase               10000000     <linker-defined>
 0001:00000010       ?LEVELS_GetActByLevel@@YIEPAULevel@@@Z 10001010 f   D2Handlers.obj
 0001:00000070       ?LEVELS_GetActByRoom2@@YIEHPAURoom2@@@Z 10001070 f   D2Handlers.obj
 0001:000000f0       ?LEVELS_GetActByLevelNo@@YGKK@Z 100010f0 f   D2Handlers.obj
 0001:00000120       ?D2GAME_IsUnitDead@@YIHPAUUnitAny@@@Z 10001120 f   D2Handlers.obj
 0001:00000170       ?OnLastHit@@YGXPAUUnitAny@@0PAUDamage@@@Z 10001170 f   D2Handlers.obj
 0001:00000320       ?DAMAGE_FireEnchanted@@YIXPAUGame@@PAUUnitAny@@HH@Z 10001320 f   D2Handlers.obj
 0001:00000330       ?isPermStore@@YGHPAUGame@@PAUUnitAny@@1@Z 10001330 f   D2Handlers.obj
 0001:00000590       ?OnMonsterDeath@@YIXPAUUnitAny@@0PAUGame@@@Z 10001590 f   D2Handlers.obj
 0001:00000590       ?D2GAME_SendKillsNULL_STUB@D2Stubs@@YIXXZ 10001590 f   D2Stubs.obj
 0001:000005a0       ?OnNPCHeal@@YIXPAUUnitAny@@@Z 100015a0 f   D2Handlers.obj
 0001:00000690       ?OnD2ExPacket@@YIKPAUGame@@PAUUnitAny@@PAEK@Z 10001690 f   D2Handlers.obj
 0001:000006d0       ?OnActLoad@@YGPAUAct@@KKKPAUGame@@KPAUD2PoolManager@@KKK@Z 100016d0 f   D2Handlers.obj
 0001:00000870       ?OnGameEnter@@YIHPAUClientData@@PAUGame@@PAUUnitAny@@@Z 10001870 f   D2Handlers.obj
 0001:00000880       ?ReparseChat@@YIHPAUGame@@PAUUnitAny@@PAEH@Z 10001880 f   D2Handlers.obj
 0001:00000b10       ?TestEvent@@YIXPAUGame@@PAUUnitAny@@HPAX2@Z 10001b10 f   D2Handlers.obj
 0001:00000b30       ?OnChat@@YIHPAUUnitAny@@PAE@Z 10001b30 f   D2Handlers.obj
 0001:00002a80       ??1?$map@KPAUUnitAny@@U?$less@K@std@@V?$allocator@U?$pair@$$CBKPAUUnitAny@@@std@@@3@@std@@QAE@XZ 10003a80 f i D2Handlers.obj
 0001:00002ac0       ??_D?$basic_ostringstream@DU?$char_traits@D@std@@V?$allocator@D@2@@std@@QAEXXZ 10003ac0 f i D2Handlers.obj
 0001:00002b00       ?seekpos@?$basic_stringbuf@DU?$char_traits@D@std@@V?$allocator@D@2@@std@@MAE?AV?$fpos@U_Mbstatet@@@2@V32@H@Z 10003b00 f i D2Handlers.obj
 0001:00002c10       ?seekoff@?$basic_stringbuf@DU?$char_traits@D@std@@V?$allocator@D@2@@std@@MAE?AV?$fpos@U_Mbstatet@@@2@_JHH@Z 10003c10 f i D2Handlers.obj
 0001:00002da0       ?underflow@?$basic_stringbuf@DU?$char_traits@D@std@@V?$allocator@D@2@@std@@MAEHXZ 10003da0 f i D2Handlers.obj
 0001:00002e00       ?pbackfail@?$basic_stringbuf@DU?$char_traits@D@std@@V?$allocator@D@2@@std@@MAEHH@Z 10003e00 f i D2Handlers.obj
 0001:00002e50       ?overflow@?$basic_stringbuf@DU?$char_traits@D@std@@V?$allocator@D@2@@std@@MAEHH@Z 10003e50 f i D2Handlers.obj
 0001:00002fa0       ??1?$basic_stringbuf@DU?$char_traits@D@std@@V?$allocator@D@2@@std@@UAE@XZ 10003fa0 f i D2Handlers.obj
 0001:00003050       ??0?$basic_ostringstream@DU?$char_traits@D@std@@V?$allocator@D@2@@std@@QAE@XZ 10004050 f i D2Handlers.obj
 0001:00003110       ??A?$map@KPAUUnitAny@@U?$less@K@std@@V?$allocator@U?$pair@$$CBKPAUUnitAny@@@std@@@3@@std@@QAEAAPAUUnitAny@@ABK@Z 10004110 f i D2Handlers.obj
 0001:000031f0       ??_G?$basic_stringbuf@DU?$char_traits@D@std@@V?$allocator@D@2@@std@@UAEPAXI@Z 100041f0 f i D2Handlers.obj
 0001:000031f0       ??_E?$basic_stringbuf@DU?$char_traits@D@std@@V?$allocator@D@2@@std@@UAEPAXI@Z 100041f0 f i * CIL library *:* CIL module *
 0001:00003210       ??_E?$basic_ostringstream@DU?$char_traits@D@std@@V?$allocator@D@2@@std@@UAEPAXI@Z 10004210 f i * CIL library *:* CIL module *
 0001:00003210       ??_G?$basic_ostringstream@DU?$char_traits@D@std@@V?$allocator@D@2@@std@@UAEPAXI@Z 10004210 f i D2Handlers.obj
 0001:00003270       ?_Insert_node@?$_Tree_val@U?$_Tree_simple_types@U?$pair@$$CBV?$basic_string@DU?$char_traits@D@std@@V?$allocator@D@2@@std@@V12@@std@@@std@@@std@@QAEPAU?$_Tree_node@U?$pair@$$CBV?$basic_string@DU?$char_traits@D@std@@V?$allocator@D@2@@std@@V12@@std@@PAX@2@U?$_Tree_id@PAU?$_Tree_node@U?$pair@$$CBV?$basic_string@DU?$char_traits@D@std@@V?$allocator@D@2@@std@@V12@@std@@PAX@std@@@2@QAU32@@Z 10004270 f i INIReader.obj
 0001:00003270       ?_Insert_node@?$_Tree_val@U?$_Tree_simple_types@U?$pair@$$CBKPAUUnitAny@@@std@@@std@@@std@@QAEPAU?$_Tree_node@U?$pair@$$CBKPAUUnitAny@@@std@@PAX@2@U?$_Tree_id@PAU?$_Tree_node@U?$pair@$$CBKPAUUnitAny@@@std@@PAX@std@@@2@QAU32@@Z 10004270 f i D2Handlers.obj
 0001:00003480       ??1?$_Alloc_construct_ptr@V?$allocator@U?$_Tree_node@U?$pair@$$CBKPAUUnitAny@@@std@@PAX@std@@@std@@@std@@QAE@XZ 10004480 f i D2Handlers.obj
 0001:000034a0       ??$_Erase_tree@V?$allocator@U?$_Tree_node@U?$pair@$$CBKPAUUnitAny@@@std@@PAX@std@@@std@@@?$_Tree_val@U?$_Tree_simple_types@U?$pair@$$CBKPAUUnitAny@@@std@@@std@@@std@@QAEXAAV?$allocator@U?$_Tree_node@U?$pair@$$CBKPAUUnitAny@@@std@@PAX@std@@@1@PAU?$_Tree_node@U?$pair@$$CBKPAUUnitAny@@@std@@PAX@1@@Z 100044a0 f i D2Handlers.obj
 0001:000034d9       ??_E?$basic_ostringstream@DU?$char_traits@D@std@@V?$allocator@D@2@@std@@$4PPPPPPPM@A@AEPAXI@Z 100044d9 f i D2Handlers.obj
 0001:000034f0       ?_Throw_tree_length_error@std@@YAXXZ 100044f0 f i D2Handlers.obj
 0001:00003500       ??$?6U?$char_traits@D@std@@@std@@YAAAV?$basic_ostream@DU?$char_traits@D@std@@@0@AAV10@PBD@Z 10004500 f i D2Handlers.obj
 0001:00003740       ??1_Sentry_base@?$basic_ostream@DU?$char_traits@D@std@@@std@@QAE@XZ 10004740 f i D2Handlers.obj
 0001:00003790       ??1sentry@?$basic_ostream@DU?$char_traits@D@std@@@std@@QAE@XZ 10004790 f i D2Handlers.obj
 0001:00003800       ??$?6U?$char_traits@D@std@@@std@@YAAAV?$basic_ostream@DU?$char_traits@D@std@@@0@AAV10@D@Z 10004800 f i D2Handlers.obj
 0001:00003a20       ___local_stdio_printf_options 10004a20 f i D2Handlers.obj
 0001:00003a30       __vsnprintf_s_l            10004a30 f i D2Handlers.obj
 0001:00003a70       __snprintf_s               10004a70 f i D2Handlers.obj
 0001:00003aa0       ?getInstance@Warden@@SAAAV1@XZ 10004aa0 f i D2Handlers.obj
 0001:00003b50       ??1?$basic_string@DU?$char_traits@D@std@@V?$allocator@D@2@@std@@QAE@XZ 10004b50 f i D2Handlers.obj
 0001:00003ba0       ?_Xlen_string@std@@YAXXZ   10004ba0 f i D2Handlers.obj
 0001:00003bb0       ??0bad_array_new_length@std@@QAE@XZ 10004bb0 f i D2Handlers.obj
 0001:00003bd0       ??1bad_cast@std@@UAE@XZ    10004bd0 f i Misc.obj
 0001:00003bd0       ??1bad_alloc@std@@UAE@XZ   10004bd0 f i D2Handlers.obj
 0001:00003bd0       ??1bad_array_new_length@std@@UAE@XZ 10004bd0 f i D2Handlers.obj
 0001:00003bf0       ??_Ebad_cast@std@@UAEPAXI@Z 10004bf0 f i * CIL library *:* CIL module *
 0001:00003bf0       ??_Gexception@std@@UAEPAXI@Z 10004bf0 f i D2Handlers.obj
 0001:00003bf0       ??_Ebad_array_new_length@std@@UAEPAXI@Z 10004bf0 f i * CIL library *:* CIL module *
 0001:00003bf0       ??_Ebad_alloc@std@@UAEPAXI@Z 10004bf0 f i * CIL library *:* CIL module *
 0001:00003bf0       ??_Gbad_array_new_length@std@@UAEPAXI@Z 10004bf0 f i D2Handlers.obj
 0001:00003bf0       ??_Gbad_cast@std@@UAEPAXI@Z 10004bf0 f i Misc.obj
 0001:00003bf0       ??_Eexception@std@@UAEPAXI@Z 10004bf0 f i * CIL library *:* CIL module *
 0001:00003bf0       ??_Gbad_alloc@std@@UAEPAXI@Z 10004bf0 f i D2Handlers.obj
 0001:00003c20       ??0bad_array_new_length@std@@QAE@ABV01@@Z 10004c20 f i D2Handlers.obj
 0001:00003c60       ??0bad_alloc@std@@QAE@ABV01@@Z 10004c60 f i D2Handlers.obj
 0001:00003ca0       ?what@exception@std@@UBEPBDXZ 10004ca0 f i D2Handlers.obj
 0001:00003cb0       ??0exception@std@@QAE@ABV01@@Z 10004cb0 f i D2Handlers.obj
 0001:00003ce0       ?_Throw_bad_array_new_length@std@@YAXXZ 10004ce0 f i D2Handlers.obj
 0001:00003d00       ?allocate@?$allocator@D@std@@QAEPADI@Z 10004d00 f i D2Handlers.obj
 0001:00003d50       ?deallocate@?$allocator@D@std@@QAEXQADI@Z 10004d50 f i D2Handlers.obj
 0001:00003d90       ?assign@?$basic_string@DU?$char_traits@D@std@@V?$allocator@D@2@@std@@QAEAAV12@QBDI@Z 10004d90 f i D2Handlers.obj
 0001:00003ed0       ??0?$basic_string@DU?$char_traits@D@std@@V?$allocator@D@2@@std@@QAE@QBD@Z 10004ed0 f i D2Handlers.obj
 0001:00003f30       ?patchD2@Warden@@AAEXXZ    10004f30 f   D2Patches.obj
 0001:00007620       ?Get@INIReader@@QAE?AV?$basic_string@DU?$char_traits@D@std@@V?$allocator@D@2@@std@@V23@00@Z 10008620 f   INIReader.obj
 0001:00007800       ?MakeKey@INIReader@@CA?AV?$basic_string@DU?$char_traits@D@std@@V?$allocator@D@2@@std@@V23@0@Z 10008800 f   INIReader.obj
 0001:00007b00       ?ValueHandler@INIReader@@CAHPAXPBD11@Z 10008b00 f   INIReader.obj
 0001:00007ce0       ??A?$map@V?$basic_string@DU?$char_traits@D@std@@V?$allocator@D@2@@std@@V12@U?$less@V?$basic_string@DU?$char_traits@D@std@@V?$allocator@D@2@@std@@@2@V?$allocator@U?$pair@$$CBV?$basic_string@DU?$char_traits@D@std@@V?$allocator@D@2@@std@@V12@@std@@@2@@std@@QAEAAV?$basic_string@DU?$char_traits@D@std@@V?$allocator@D@2@@1@ABV21@@Z 10008ce0 f i INIReader.obj
 0001:00007dd0       ??0?$basic_string@DU?$char_traits@D@std@@V?$allocator@D@2@@std@@QAE@ABV01@@Z 10008dd0 f i INIReader.obj
 0001:00007e90       ??$_Find_lower_bound@V?$basic_string@DU?$char_traits@D@std@@V?$allocator@D@2@@std@@@?$_Tree@V?$_Tmap_traits@V?$basic_string@DU?$char_traits@D@std@@V?$allocator@D@2@@std@@V12@U?$less@V?$basic_string@DU?$char_traits@D@std@@V?$allocator@D@2@@std@@@2@V?$allocator@U?$pair@$$CBV?$basic_string@DU?$char_traits@D@std@@V?$allocator@D@2@@std@@V12@@std@@@2@$0A@@std@@@std@@IBE?AU?$_Tree_find_result@PAU?$_Tree_node@U?$pair@$$CBV?$basic_string@DU?$char_traits@D@std@@V?$allocator@D@2@@std@@V12@@std@@PAX@std@@@1@ABV?$basic_string@DU?$char_traits@D@std@@V?$allocator@D@2@@1@@Z 10008e90 f i INIReader.obj
 0001:00007f80       ??$_Reallocate_grow_by@V<lambda_ab246b20b9526e2ef7792587e4298a77>@@PBDI@?$basic_string@DU?$char_traits@D@std@@V?$allocator@D@2@@std@@AAEAAV01@IV<lambda_ab246b20b9526e2ef7792587e4298a77>@@PBDI@Z 10008f80 f i INIReader.obj
 0001:000080f0       ??R?$less@V?$basic_string@DU?$char_traits@D@std@@V?$allocator@D@2@@std@@@std@@QBE_NABV?$basic_string@DU?$char_traits@D@std@@V?$allocator@D@2@@1@0@Z 100090f0 f i INIReader.obj
 0001:00008190       ??1?$_Tree_temp_node_alloc@V?$allocator@U?$_Tree_node@U?$pair@$$CBV?$basic_string@DU?$char_traits@D@std@@V?$allocator@D@2@@std@@V12@@std@@PAX@std@@@std@@@std@@QAE@XZ 10009190 f i INIReader.obj
 0001:00008190       ??1?$_Alloc_construct_ptr@V?$allocator@U?$_Tree_node@U?$pair@$$CBV?$basic_string@DU?$char_traits@D@std@@V?$allocator@D@2@@std@@V12@@std@@PAX@std@@@std@@@std@@QAE@XZ 10009190 f i INIReader.obj
 0001:000081b0       ??$_Erase_tree@V?$allocator@U?$_Tree_node@U?$pair@$$CBV?$basic_string@DU?$char_traits@D@std@@V?$allocator@D@2@@std@@V12@@std@@PAX@std@@@std@@@?$_Tree_val@U?$_Tree_simple_types@U?$pair@$$CBV?$basic_string@DU?$char_traits@D@std@@V?$allocator@D@2@@std@@V12@@std@@@std@@@std@@QAEXAAV?$allocator@U?$_Tree_node@U?$pair@$$CBV?$basic_string@DU?$char_traits@D@std@@V?$allocator@D@2@@std@@V12@@std@@PAX@std@@@1@PAU?$_Tree_node@U?$pair@$$CBV?$basic_string@DU?$char_traits@D@std@@V?$allocator@D@2@@std@@V12@@std@@PAX@1@@Z 100091b0 f i INIReader.obj
 0001:00008200       ??$_Traits_equal@U?$char_traits@D@std@@@std@@YA_NQBDI0I@Z 10009200 f i INIReader.obj
 0001:00008270       ??1?$pair@$$CBV?$basic_string@DU?$char_traits@D@std@@V?$allocator@D@2@@std@@V12@@std@@QAE@XZ 10009270 f i INIReader.obj
 0001:00008270       ??1?$char_separator@DU?$char_traits@D@std@@@boost@@QAE@XZ 10009270 f i Warden.obj
 0001:000083c0       _ini_parse_stream          100093c0 f   ini.obj
 0001:00008620       ?DAMAGE_ApplyResistPenalty@@YGHPAUAttack@@PAUResRecord@@@Z 10009620 f   LDamage.obj
 0001:00008780       ?DAMAGE_AppylResistPenalty_STUB@@YAXXZ 10009780 f   LDamage.obj
 0001:00008790       ?OnCreatePacketReceive@@YGXPAUPacketData@@@Z 10009790 f   LPackets.obj
 0001:00008890       ?OnDebugPacketReceive@@YGXPAUPacketData@@@Z 10009890 f   LPackets.obj
 0001:00008b00       ?OnPacketReceive@@YGHPAEPAUUnitAny@@PAUGame@@H@Z 10009b00 f   LPackets.obj
 0001:00009570       ?OnClickUnit@@YIKPAUGame@@PAUUnitAny@@PAUSkillTargetPacket@@K@Z 1000a570 f   LPackets.obj
 0001:000097c0       ?OnClickLocation@@YIKPAUGame@@PAUUnitAny@@PAUSkillPacket@@K@Z 1000a7c0 f   LPackets.obj
 0001:00009cd0       ?OnRunToLocation@@YIKPAUGame@@PAUUnitAny@@PAUSkillPacket@@K@Z 1000acd0 f   LPackets.obj
 0001:00009ef0       ?OnResurrect@@YIKPAUGame@@PAUUnitAny@@PAEK@Z 1000aef0 f   LPackets.obj
 0001:0000a0e0       _sprintf_s                 1000b0e0 f i LPackets.obj
 0001:0000a120       ?OnPartyRelationChange@@YIKPAUGame@@PAUUnitAny@@PAEH@Z 1000b120 f   LParty.obj
 0001:0000a210       ?UBERQUEST_SpawnMonsters@@YGXPAUGame@@@Z 1000b210 f   LUberQuest.obj
 0001:0000a660       ?NODES_CrashDump@D2Stubs@@YAXPAUUnitNode@@PAUUnitAny@@@Z 1000b660 f   D2Stubs.obj
 0001:0000aab0       ?D2GAME_TestCrash_STUB@D2Stubs@@YAXXZ 1000bab0 f   D2Stubs.obj
 0001:0000aac0       ?UBERQUEST_SpawnMonsters_STUB@D2Stubs@@YAXXZ 1000bac0 f   D2Stubs.obj
 0001:0000aad0       ?GetActByLevelNo_STUB1@D2Stubs@@YIEK@Z 1000bad0 f   D2Stubs.obj
 0001:0000aaf0       ?GetActByLevelNo_STUB2@D2Stubs@@YIEK@Z 1000baf0 f   D2Stubs.obj
 0001:0000ab10       ?OnDebugPacketReceive_STUB@D2Stubs@@YIXXZ 1000bb10 f   D2Stubs.obj
 0001:0000ab20       ?D2GAME_IsUnitDead_STUB@D2Stubs@@YIXXZ 1000bb20 f   D2Stubs.obj
 0001:0000ab40       ?D2GAME_OnPacketReceive_STUB@D2Stubs@@YGXXZ 1000bb40 f   D2Stubs.obj
 0001:0000ab50       ?D2GAME_OnCreateDamage_STUB@D2Stubs@@YIXXZ 1000bb50 f   D2Stubs.obj
 0001:0000ab70       ?D2GAME_LastHitIntercept_STUB@D2Stubs@@YIXXZ 1000bb70 f   D2Stubs.obj
 0001:0000ab80       ?D2GAME_OnMonsterDeath_STUB@D2Stubs@@YIXXZ 1000bb80 f   D2Stubs.obj
 0001:0000aba0       ?D2GAME_AssignNode_STUB@D2Stubs@@YGXH@Z 1000bba0 f   D2Stubs.obj
 0001:0000abc0       ?D2GAME_FreeNode_STUB@D2Stubs@@YIXPAUGame@@PAUUnitAny@@@Z 1000bbc0 f   D2Stubs.obj
 0001:0000abd0       ?D2GAME_FreeNodes_STUB@D2Stubs@@YIXPAUGame@@@Z 1000bbd0 f   D2Stubs.obj
 0001:0000abe0       ?D2GAME_FreeChildNode_STUB@D2Stubs@@YIXPAUGame@@PAUUnitAny@@@Z 1000bbe0 f   D2Stubs.obj
 0001:0000abf0       ?D2GAME_SetUnitsNode_STUB@D2Stubs@@YGXPAUUnitAny@@PAUUnitNode@@@Z 1000bbf0 f   D2Stubs.obj
 0001:0000ac10       ?D2GAME_SetNodeParented_STUB@D2Stubs@@YGXPAUUnitNode@@@Z 1000bc10 f   D2Stubs.obj
 0001:0000ac30       ?D2GAME_PermStore_STUB@D2Stubs@@YIHXZ 1000bc30 f   D2Stubs.obj
 0001:0000ac40       ?D2GAME_GameEnter_STUB@D2Stubs@@YIXXZ 1000bc40 f   D2Stubs.obj
 0001:0000ac60       ?D2GAME_OnEventSend_STUB@D2Stubs@@YIXXZ 1000bc60 f   D2Stubs.obj
 0001:0000ac70       ?D2GAME_GameDestroy_STUB@D2Stubs@@YIXXZ 1000bc70 f   D2Stubs.obj
 0001:0000ac80       ?D2GAME_NPCHeal_STUB@D2Stubs@@YIXXZ 1000bc80 f   D2Stubs.obj
 0001:0000aca0       ?D2GAME_Chat_STUB@D2Stubs@@YIXXZ 1000bca0 f   D2Stubs.obj
 0001:0000ace0       ?D2GAME_DeathMsg_STUB@D2Stubs@@YIXPAUUnitAny@@PAXPAUGame@@@Z 1000bce0 f   D2Stubs.obj
 0001:0000acf0       ?D2GAME_SendStatToOther_STUB@D2Stubs@@YIHXZ 1000bcf0 f   D2Stubs.obj
 0001:0000ad50       ?D2GAME_FindUnit_STUB@D2Stubs@@YIPAUUnitAny@@XZ 1000bd50 f   D2Stubs.obj
 0001:0000ad60       ?D2GAME_UpdateRoomUnits@D2ASMFuncs@@YGXPAUGame@@@Z 1000bd60 f   D2Stubs.obj
 0001:0000ad70       ?D2GAME_RemovePets@D2ASMFuncs@@YIXPAUGame@@PAUUnitAny@@@Z 1000bd70 f   D2Stubs.obj
 0001:0000ad80       ?D2GAME_BroadcastLeavingEvent@D2ASMFuncs@@YGXPAUClientData@@PAUGame@@E@Z 1000bd80 f   D2Stubs.obj
 0001:0000ada0       ?D2GAME_StopSequence@D2ASMFuncs@@YIXPAUUnitAny@@@Z 1000bda0 f   D2Stubs.obj
 0001:0000adb0       ?D2GAME_RemoveBuffs@D2ASMFuncs@@YIXPAUGame@@PAUUnitAny@@@Z 1000bdb0 f   D2Stubs.obj
 0001:0000adc0       ?D2GAME_ResetTimers@D2ASMFuncs@@YIXPAUGame@@PAUUnitAny@@@Z 1000bdc0 f   D2Stubs.obj
 0001:0000add0       ?D2GAME_DeleteTimers@D2ASMFuncs@@YIXPAUGame@@PAUUnitAny@@@Z 1000bdd0 f   D2Stubs.obj
 0001:0000ade0       ?D2GAME_RemoveInteraction@D2ASMFuncs@@YIXPAUGame@@PAUUnitAny@@@Z 1000bde0 f   D2Stubs.obj
 0001:0000adf0       ?D2GAME_CastSkill@D2ASMFuncs@@YIXPAUUnitAny@@PAUSkill@@PAUGame@@HH@Z 1000bdf0 f   D2Stubs.obj
 0001:0000ae00       ?D2GAME_CastSkillOnUnit@D2ASMFuncs@@YIHPAUUnitAny@@PAUSkill@@PAUGame@@KKH@Z 1000be00 f   D2Stubs.obj
 0001:0000ae10       ?D2GAME_UpdateBonuses@D2ASMFuncs@@YGXPAUUnitAny@@@Z 1000be10 f   D2Stubs.obj
 0001:0000ae20       ?D2GAME_LevelAwards@D2ASMFuncs@@YIXPAUUnitAny@@PAUGame@@@Z 1000be20 f   D2Stubs.obj
 0001:0000ae30       ?D2GAME_GetExpGained@D2ASMFuncs@@YGHHPAUUnitAny@@HPAUGame@@H@Z 1000be30 f   D2Stubs.obj
 0001:0000ae60       ?D2GAME_ForEachInParty@D2ASMFuncs@@YIXPAUUnitAny@@PAUGame@@P6IX10PAX@Z2@Z 1000be60 f   D2Stubs.obj
 0001:0000ae80       ?D2GAME_DupeItem@D2ASMFuncs@@YIPAUUnitAny@@PAUGame@@PAU2@H@Z 1000be80 f   D2Stubs.obj
 0001:0000ae90       ?D2GAME_DropItem@D2ASMFuncs@@YIXPAUUnitAny@@PAURoom1@@PAUGame@@0HH@Z 1000be90 f   D2Stubs.obj
 0001:0000aeb0       ?D2GAME_FindFreeCoords@D2ASMFuncs@@YIPAURoom1@@PAUD2POINT@@PAU2@0H@Z 1000beb0 f   D2Stubs.obj
 0001:0000aed0       ?D2GAME_isUnitInRange@D2ASMFuncs@@YIHPAUGame@@KKPAUUnitAny@@H@Z 1000bed0 f   D2Stubs.obj
 0001:0000aef0       ?D2GAME_GetPartyID@D2ASMFuncs@@YIFPAUUnitAny@@@Z 1000bef0 f   D2Stubs.obj
 0001:0000af00       ?D2COMMON_GetUnitX@D2ASMFuncs@@YGHPAUPath@@@Z 1000bf00 f   D2Stubs.obj
 0001:0000af20       ?D2COMMON_GetUnitY@D2ASMFuncs@@YGHPAUPath@@@Z 1000bf20 f   D2Stubs.obj
 0001:0000af40       ?D2GAME_MoveUnitToLevelId@D2ASMFuncs@@YIXPAUUnitAny@@HPAUGame@@@Z 1000bf40 f   D2Stubs.obj
 0001:0000af60       ?D2GAME_TeleportUnit@D2ASMFuncs@@YIHHHPAURoom1@@PAUGame@@PAUUnitAny@@@Z 1000bf60 f   D2Stubs.obj
 0001:0000af80       ?D2GAME_FindUnit@D2ASMFuncs@@YGPAUUnitAny@@PAUGame@@KE@Z 1000bf80 f   D2Stubs.obj
 0001:0000b040       ?D2GAME_SendPacket@D2ASMFuncs@@YIKPAUClientData@@PAEH@Z 1000c040 f   D2Stubs.obj
 0001:0000b060       ?EVENTS_SendClanInfo@@YAXPAUClientData@@@Z 1000c060 f   LEvents.obj
 0001:0000b2e0       ?EVENTS_BroadcastClanInfo@@YAXPAUClientData@@@Z 1000c2e0 f   LEvents.obj
 0001:0000b4e0       ?EVENTS_OnGameJoin@@YAXPAUGame@@PAUClientData@@@Z 1000c4e0 f   LEvents.obj
 0001:0000ba50       ?OnDeath@@YGXPAUUnitAny@@0PAUGame@@@Z 1000ca50 f   LEvents.obj
 0001:0000c020       ?OnCreateCorpse@@YGXPAUGame@@PAUUnitAny@@HHPAURoom1@@@Z 1000d020 f   LEvents.obj
 0001:0000c090       ?OnBroadcastEvent@@YGXPAUGame@@PAUEventPacket@@@Z 1000d090 f   LEvents.obj
 0001:0000c320       ?DoRoundEndStuff@@YAXPAUGame@@PAUUnitAny@@@Z 1000d320 f   LEvents.obj
 0001:0000c6e0       ?substr@?$basic_string@DU?$char_traits@D@std@@V?$allocator@D@2@@std@@QBE?AV12@II@Z 1000d6e0 f i LEvents.obj
 0001:0000c730       ?ITEMS_AddKillerId@@YIPAUUnitAny@@PAUGame@@PAUPresetItem@@H@Z 1000d730 f   LItems.obj
 0001:0000c7a0       ?ParseItemsCmds@@YA_NPAUUnitAny@@PAD1@Z 1000d7a0 f   LItems.obj
 0001:0000d390       ?CreateFFAItems@@YAXPAUUnitAny@@@Z 1000e390 f   LItems.obj
 0001:0000e110       ?OnMonsterSpawn@@YIPAUUnitAny@@PAUPresetMonster@@@Z 1000f110 f   LMonsters.obj
 0001:0000e120       ?ParseMonCmds@@YA_NPAUUnitAny@@PAD1@Z 1000f120 f   LMonsters.obj
 0001:0000e5c0       ?GetDyeRealCol@@YAHH@Z     1000f5c0 f   LQuests.obj
 0001:0000e670       ?DYES_DrawItem@@YGPAEPAUUnitAny@@0PAEH@Z 1000f670 f   LQuests.obj
 0001:0000e6f0       ?DYES_Prepare@@YIHPAUGame@@PAUUnitAny@@11HHH@Z 1000f6f0 f   LQuests.obj
 0001:0000e740       ?DYES_Colorize@@YIHPAUGame@@PAUUnitAny@@11HHH@Z 1000f740 f   LQuests.obj
 0001:0000e970       ?QUESTS_OpenPortal@@YGHPAUGame@@PAUUnitAny@@K@Z 1000f970 f   LQuests.obj
 0001:0000eb20       ?QUEST_AllocQuestControl@@YGXPAUGame@@@Z 1000fb20 f   LQuests.obj
 0001:0000edc0       ?OnCreateDamage@@YGXPAUUnitAny@@PAUDamage@@0@Z 1000fdc0 f   LRoster.obj
 0001:0000edf0       ?COMBAT_Free@@YAXPAUGame@@PAUUnitAny@@@Z 1000fdf0 f   LRoster.obj
 0001:0000ee50       ?OnGameDestroy@@YIXPAUGame@@@Z 1000fe50 f   LRoster.obj
 0001:0000ef10       ?SyncClient@LRoster@@YAXPAUGame@@KPAULRosterData@@@Z 1000ff10 f   LRoster.obj
 0001:0000efe0       ?Find@LRoster@@YAPAULRosterData@@PAUGame@@PAD@Z 1000ffe0 f   LRoster.obj
 0001:0000f020       ?UpdateRoster@LRoster@@YAXPAUGame@@PADE@Z 10010020 f   LRoster.obj
 0001:0000f0f0       ?WE_isKey@@YA_NPAUUnitAny@@@Z 100100f0 f   LWorldEvent.obj
 0001:0000f380       ?WE_GenerateNextDC@@YAXXZ  10010380 f   LWorldEvent.obj
 0001:0000f590       ?WE_Spawn@@YIHPAUGame@@PAUUnitAny@@11HHH@Z 10010590 f   LWorldEvent.obj
 0001:0000f700       ?WE_UpdateCounter@@YAXH@Z  10010700 f   LWorldEvent.obj
 0001:0000f850       ?WE_Inform@@YAXPAUGame@@@Z 10010850 f   LWorldEvent.obj
 0001:0000f8c0       ?str@?$basic_ostringstream@DU?$char_traits@D@std@@V?$allocator@D@2@@std@@QBE?AV?$basic_string@DU?$char_traits@D@std@@V?$allocator@D@2@@2@XZ 100108c0 f i LWorldEvent.obj
 0001:0000f9a0       ??R?$variate_generator@AAV?$mersenne_twister_engine@I$0CA@$0CHA@$0BIN@$0BP@$0JJAILANP@$0L@$0PPPPPPPP@$06$0JNCMFGIA@$0P@$0OPMGAAAA@$0BC@$0GMAHIJGF@@random@boost@@V?$uniform_int@H@3@@random@boost@@QAEHXZ 100109a0 f i LWorldEvent.obj
 0001:0000fa40       ?seed@?$mersenne_twister_engine@I$0CA@$0CHA@$0BIN@$0BP@$0JJAILANP@$0L@$0PPPPPPPP@$06$0JNCMFGIA@$0P@$0OPMGAAAA@$0BC@$0GMAHIJGF@@random@boost@@QAEXABI@Z 10010a40 f i LWorldEvent.obj
 0001:0000fa90       ??R?$mersenne_twister_engine@I$0CA@$0CHA@$0BIN@$0BP@$0JJAILANP@$0L@$0PPPPPPPP@$06$0JNCMFGIA@$0P@$0OPMGAAAA@$0BC@$0GMAHIJGF@@random@boost@@QAEIXZ 10010a90 f i LWorldEvent.obj
 0001:0000fae0       ?twist@?$mersenne_twister_engine@I$0CA@$0CHA@$0BIN@$0BP@$0JJAILANP@$0L@$0PPPPPPPP@$06$0JNCMFGIA@$0P@$0OPMGAAAA@$0BC@$0GMAHIJGF@@random@boost@@AAEXXZ 10010ae0 f i LWorldEvent.obj
 0001:0000fcf0       ?NODES_AssignNode@@YIXPAUGame@@PAUUnitAny@@PAUUnitNode@@@Z 10010cf0 f   NodesEx.obj
 0001:0000fe10       ?NODES_FreeChildNode@@YIXPAUGame@@PAUUnitAny@@@Z 10010e10 f   NodesEx.obj
 0001:0000ff00       ?NODES_FreeUnitNode@@YIXPAUGame@@PAUUnitAny@@@Z 10010f00 f   NodesEx.obj
 0001:0000ff80       ?getMaxPlayers@@YGEXZ      10010f80 f   NodesEx.obj
 0001:0000ff90       ?NODES_GetUnitNode@@YIPAUUnitNode@@PAUUnitAny@@PAUGame@@@Z 10010f90 f   NodesEx.obj
 0001:0000ffe0       ?NODES_SetUnitNode@@YIXPAUGame@@PAUUnitAny@@PAUUnitNode@@H@Z 10010fe0 f   NodesEx.obj
 0001:000100b0       ?NODES_AddAsParentNode@@YIXPAUGame@@PAUUnitAny@@PAUUnitNode@@H@Z 100110b0 f   NodesEx.obj
 0001:00010160       ?NODES_Free@@YIXPAUGame@@@Z 10011160 f   NodesEx.obj
 0001:00010220       ?NODES_NormalCheck@@YGPAUUnitAny@@PAUGame@@PAU1@PAH2HP6IH11@Z@Z 10011220 f   NodesEx.obj
 0001:000104f0       ?NODES_BaalCheck@@YGPAUUnitAny@@PAUGame@@PAU1@PAH2HP6IH11@Z@Z 100114f0 f   NodesEx.obj
 0001:000107c0       ?EXPFormula@@YIHH@Z        100117c0 f   PartyExp.obj
 0001:000107d0       ?HPFormula@@YIHH@Z         100117d0 f   PartyExp.obj
 0001:000107f0       ?nPlayersFormula@@YAHXZ    100117f0 f   PartyExp.obj
 0001:00010800       ?HpGainFormula@@YAHXZ      10011800 f   PartyExp.obj
 0001:00010810       ?ExpCallback@@YIXPAUGame@@PAUUnitAny@@PAUPartyExp@@@Z 10011810 f   PartyExp.obj
 0001:00010930       ?AddExp@@YAXPAUGame@@PAUUnitAny@@HH@Z 10011930 f   PartyExp.obj
 0001:000109b0       ?ExpShare_NEW@@YGXPAUUnitAny@@PAUGame@@0HHH@Z 100119b0 f   PartyExp.obj
 0001:00010b10       ?rc4_setup@@YAXPAE0H@Z     10011b10 f   RC4.obj
 0001:00010b70       ?rc4_crypt@@YAXPAE0H@Z     10011b70 f   RC4.obj
 0001:00010bd0       ?SPECTATOR_UpdatePositions@@YAXPAUGame@@PAUUnitAny@@GG@Z 10011bd0 f   LSpectator.obj
 0001:00010d60       ?SPECTATOR_RemoveFromQueue@@YAXPAUGame@@K@Z 10011d60 f   LSpectator.obj
 0001:00010f20       ?SPECTATOR_OnClickSpecate@@YAKPAUGame@@PAUUnitAny@@1@Z 10011f20 f   LSpectator.obj
 0001:00011160       ??1?$_Alloc_construct_ptr@V?$allocator@U?$_List_node@UPlayerObservation@@PAX@std@@@std@@@std@@QAE@XZ 10012160 f i LSpectator.obj
 0001:00011180       ?UnitTypeToStr@@YAPBDK@Z   10012180 f   Misc.obj
 0001:000111d0       ?GetEIP@@YAKXZ             100121d0 f   Misc.obj
 0001:000111e0       ?GetColorNameByAcc@@YAEV?$basic_string@DU?$char_traits@D@std@@V?$allocator@D@2@@std@@@Z 100121e0 f   Misc.obj
 0001:000113b0       ?isAnAdmin@@YA_NV?$basic_string@DU?$char_traits@D@std@@V?$allocator@D@2@@std@@@Z 100123b0 f   Misc.obj
 0001:000114c0       ?isItemBelongToUnit@@YAHPAUUnitAny@@KW4ItemQuality@@@Z 100124c0 f   Misc.obj
 0001:00011550       ?FindClientDataByName@@YAPAUClientData@@PAUGame@@PAD@Z 10012550 f   Misc.obj
 0001:000115a0       ?TransQuality@@YAHV?$basic_string@DU?$char_traits@D@std@@V?$allocator@D@2@@std@@@Z 100125a0 f   Misc.obj
 0001:00011940       ?TransCode@@YAKPBD@Z       10012940 f   Misc.obj
 0001:000119d0       ?TransCode@@YAPBDK@Z       100129d0 f   Misc.obj
 0001:00011a90       ?BootPlayer@@YAXKW4BootReason@@@Z 10012a90 f   Misc.obj
 0001:00011ad0       ?SendMsgToClient@@YAXPAUClientData@@PADZZ 10012ad0 f   Misc.obj
 0001:00011ba0       ?BroadcastMsg@@YAXPAUGame@@PADZZ 10012ba0 f   Misc.obj
 0001:00011c90       ?BroadcastExEvent@@YAXPAUGame@@HHHFFV?$basic_string@DU?$char_traits@D@std@@V?$allocator@D@2@@std@@1@Z 10012c90 f   Misc.obj
 0001:00011e20       ?BroadcastExEvent@@YAXPAUGame@@HKHV?$basic_string@DU?$char_traits@D@std@@V?$allocator@D@2@@std@@@Z 10012e20 f   Misc.obj
 0001:00011f40       ?SendExEvent@@YAXPAUClientData@@HHHFFV?$basic_string@DU?$char_traits@D@std@@V?$allocator@D@2@@std@@1@Z 10012f40 f   Misc.obj
 0001:000120b0       ?BroadcastEventMsg@@YAXPAUGame@@HPADZZ 100130b0 f   Misc.obj
 0001:000121a0       ?ClearSayGoFlag@@YAXPAUGame@@@Z 100131a0 f   Misc.obj
 0001:000121e0       ?PatchGS@@YAXEKKKPAD@Z     100131e0 f   Misc.obj
 0001:00012310       ?ConvertSkill@@YA?AV?$basic_string@DU?$char_traits@D@std@@V?$allocator@D@2@@std@@G@Z 10013310 f   Misc.obj
 0001:00012670       ?isSafeSkill@@YA_NG@Z      10013670 f   Misc.obj
 0001:000127c0       ?Log@@YAXPADZZ             100137c0 f   Misc.obj
 0001:00012930       ?LogToFile@@YAXPAD_N0ZZ    10013930 f   Misc.obj
 0001:00012aa0       ??$to_lower@V?$basic_string@DU?$char_traits@D@std@@V?$allocator@D@2@@std@@@algorithm@boost@@YAXAAV?$basic_string@DU?$char_traits@D@std@@V?$allocator@D@2@@std@@ABVlocale@3@@Z 10013aa0 f i Misc.obj
 0001:00012bf0       ??1?$_Tidy_deallocate_guard@V?$basic_string@DU?$char_traits@D@std@@V?$allocator@D@2@@std@@@std@@QAE@XZ 10013bf0 f i Misc.obj
 0001:00012c40       ??0bad_cast@std@@QAE@XZ    10013c40 f i Misc.obj
 0001:00012c60       ??0bad_cast@std@@QAE@ABV01@@Z 10013c60 f i Misc.obj
 0001:00012ca0       ?_Throw_bad_cast@std@@YAXXZ 10013ca0 f i Misc.obj
 0001:00012cc0       ??1?$unique_ptr@V_Facet_base@std@@U?$default_delete@V_Facet_base@std@@@2@@std@@QAE@XZ 10013cc0 f i Misc.obj
 0001:00012cd0       ??$_Reallocate_grow_by@V<lambda_15711c68e099a15a58f4d77303cb286d>@@D@?$basic_string@DU?$char_traits@D@std@@V?$allocator@D@2@@std@@AAEAAV01@IV<lambda_15711c68e099a15a58f4d77303cb286d>@@D@Z 10013cd0 f i Misc.obj
 0001:00012e00       ?reserve@?$basic_string@DU?$char_traits@D@std@@V?$allocator@D@2@@std@@QAEXI@Z 10013e00 f i Misc.obj
 0001:00012fa0       ??1?$basic_string@_WU?$char_traits@_W@std@@V?$allocator@_W@2@@std@@QAE@XZ 10013fa0 f i Misc.obj
 0001:00013000       ?assign@?$basic_string@_WU?$char_traits@_W@std@@V?$allocator@_W@2@@std@@QAEAAV12@QB_WI@Z 10014000 f i Misc.obj
 0001:00013170       __vscprintf_l              10014170 f i Misc.obj
 0001:000131b0       ??1locale@std@@QAE@XZ      100141b0 f i Misc.obj
 0001:000131d0       ??0Warden@@QAE@XZ          100141d0 f   Warden.obj
 0001:00013800       ??1INIReader@@QAE@XZ       10014800 f i Warden.obj
 0001:00013820       ??1?$map@KV?$vector@V?$basic_string@DU?$char_traits@D@std@@V?$allocator@D@2@@std@@V?$allocator@V?$basic_string@DU?$char_traits@D@std@@V?$allocator@D@2@@std@@@2@@std@@U?$less@K@2@V?$allocator@U?$pair@$$CBKV?$vector@V?$basic_string@DU?$char_traits@D@std@@V?$allocator@D@2@@std@@V?$allocator@V?$basic_string@DU?$char_traits@D@std@@V?$allocator@D@2@@std@@@2@@std@@@std@@@2@@std@@QAE@XZ 10014820 f i Warden.obj
 0001:00013840       ??1Warden@@QAE@XZ          10014840 f   Warden.obj
 0001:00013b30       ?findClientById@Warden@@QAE?AV?$_List_iterator@V?$_List_val@U?$_List_simple_types@VWardenClient@@@std@@@std@@@std@@K@Z 10014b30 f   Warden.obj
 0001:00013b70       ?findClientByAcc@Warden@@QAE?AV?$_List_iterator@V?$_List_val@U?$_List_simple_types@VWardenClient@@@std@@@std@@@std@@V?$basic_string@DU?$char_traits@D@std@@V?$allocator@D@2@@3@@Z 10014b70 f   Warden.obj
 0001:00013c60       ?findClientByName@Warden@@QAE?AV?$_List_iterator@V?$_List_val@U?$_List_simple_types@VWardenClient@@@std@@@std@@@std@@V?$basic_string@DU?$char_traits@D@std@@V?$allocator@D@2@@3@@Z 10014c60 f   Warden.obj
 0001:00013d50       ?onJoinGame@Warden@@QAIKPAUPacketData@@@Z 10014d50 f   Warden.obj
 0001:00014270       ?loadConfig@Warden@@QAEXXZ 10015270 f   Warden.obj
 0001:00015f70       ??1?$tokenizer@V?$char_separator@DU?$char_traits@D@std@@@boost@@V?$_String_const_iterator@V?$_String_val@U?$_Simple_types@D@std@@@std@@@std@@V?$basic_string@DU?$char_traits@D@std@@V?$allocator@D@2@@4@@boost@@QAE@XZ 10016f70 f i Warden.obj
 0001:00015f80       ??1?$token_iterator@V?$char_separator@DU?$char_traits@D@std@@@boost@@V?$_String_const_iterator@V?$_String_val@U?$_Simple_types@D@std@@@std@@@std@@V?$basic_string@DU?$char_traits@D@std@@V?$allocator@D@2@@4@@boost@@QAE@XZ 10016f80 f i Warden.obj
 0001:00015fe0       ??1?$list@V?$basic_string@DU?$char_traits@D@std@@V?$allocator@D@2@@std@@V?$allocator@V?$basic_string@DU?$char_traits@D@std@@V?$allocator@D@2@@std@@@2@@std@@QAE@XZ 10016fe0 f i Warden.obj
 0001:00016070       ??1?$list@VWardenClient@@V?$allocator@VWardenClient@@@std@@@std@@QAE@XZ 10017070 f i Warden.obj
 0001:000160c0       ??0?$token_iterator@V?$char_separator@DU?$char_traits@D@std@@@boost@@V?$_String_const_iterator@V?$_String_val@U?$_Simple_types@D@std@@@std@@@std@@V?$basic_string@DU?$char_traits@D@std@@V?$allocator@D@2@@4@@boost@@QAE@V?$char_separator@DU?$char_traits@D@std@@@1@V?$_String_const_iterator@V?$_String_val@U?$_Simple_types@D@std@@@std@@@std@@1@Z 100170c0 f i Warden.obj
 0001:000161a0       ??$?RV?$_String_const_iterator@V?$_String_val@U?$_Simple_types@D@std@@@std@@@std@@V?$basic_string@DU?$char_traits@D@std@@V?$allocator@D@2@@1@@?$char_separator@DU?$char_traits@D@std@@@boost@@QAE_NAAV?$_String_const_iterator@V?$_String_val@U?$_Simple_types@D@std@@@std@@@std@@V23@AAV?$basic_string@DU?$char_traits@D@std@@V?$allocator@D@2@@3@@Z 100171a0 f i Warden.obj
 0001:000164c0       ?is_dropped@?$char_separator@DU?$char_traits@D@std@@@boost@@ABE_ND@Z 100174c0 f i Warden.obj
 0001:00016530       ?is_kept@?$char_separator@DU?$char_traits@D@std@@@boost@@ABE_ND@Z 10017530 f i Warden.obj
 0001:000165a0       ??1?$_Alloc_construct_ptr@V?$allocator@U?$_List_node@VWardenClient@@PAX@std@@@std@@@std@@QAE@XZ 100175a0 f i Warden.obj
 0001:000165c0       ??1?$_Alloc_construct_ptr@V?$allocator@U?$_List_node@V?$basic_string@DU?$char_traits@D@std@@V?$allocator@D@2@@std@@PAX@std@@@std@@@std@@QAE@XZ 100175c0 f i Warden.obj
 0001:000165e0       ??$_Erase_tree@V?$allocator@U?$_Tree_node@U?$pair@$$CBKV?$vector@V?$basic_string@DU?$char_traits@D@std@@V?$allocator@D@2@@std@@V?$allocator@V?$basic_string@DU?$char_traits@D@std@@V?$allocator@D@2@@std@@@2@@std@@@std@@PAX@std@@@std@@@?$_Tree_val@U?$_Tree_simple_types@U?$pair@$$CBKV?$vector@V?$basic_string@DU?$char_traits@D@std@@V?$allocator@D@2@@std@@V?$allocator@V?$basic_string@DU?$char_traits@D@std@@V?$allocator@D@2@@std@@@2@@std@@@std@@@std@@@std@@QAEXAAV?$allocator@U?$_Tree_node@U?$pair@$$CBKV?$vector@V?$basic_string@DU?$char_traits@D@std@@V?$allocator@D@2@@std@@V?$allocator@V?$basic_string@DU?$char_traits@D@std@@V?$allocator@D@2@@std@@@2@@std@@@std@@PAX@std@@@1@PAU?$_Tree_node@U?$pair@$$CBKV?$vector@V?$basic_string@DU?$char_traits@D@std@@V?$allocator@D@2@@std@@V?$allocator@V?$basic_string@DU?$char_traits@D@std@@V?$allocator@D@2@@std@@@2@@std@@@std@@PAX@1@@Z 100175e0 f i Warden.obj
 0001:000166f0       ??1WardenClient@@QAE@XZ    100176f0 f   WardenClient.obj
 0001:00016850       ?SetupD2Funcs@@YAXXZ       10017850 f   WardenInit.obj
 0001:000177f0       ?SetupD2Pointers@@YAXXZ    100187f0 f   WardenInit.obj
 0001:00017f70       ?SetupD2Vars@@YAXXZ        10018f70 f   WardenInit.obj
 0001:00018160       _DllMain@12                10019160 f   WardenInit.obj
 0001:000181f8       @HashGameSeed@16           100191f8 f   HashGameSeed.obj
 0001:00018241       _sub_18C1098               10019241 f   HashGameSeed.obj
 0001:0001828a       _RC4_Init                  1001928a f   HashGameSeed.obj
 0001:000182ee       _sub_18C23BC               100192ee f   HashGameSeed.obj
 0001:0001831a       _ManyBSHA______A           1001931a f   HashGameSeed.obj
 0001:0001834b       _sub_18C1112               1001934b f   HashGameSeed.obj
 0001:0001838d       _BSHA_Init                 1001938d f   HashGameSeed.obj
 0001:000183b8       _Call_BSHA_Process         100193b8 f   HashGameSeed.obj
 0001:0001844e       _sub_18C2300               1001944e f   HashGameSeed.obj
 0001:000184ae       _BSHA_Process              100194ae f   HashGameSeed.obj
 0001:000187b1       _sub_18C135B               100197b1 f   HashGameSeed.obj
 0001:000187d4       _sub_18C1339               100197d4 f   HashGameSeed.obj
 0001:000187f6       _BSHA_OP1                  100197f6 f   HashGameSeed.obj
 0001:00018833       _BSHA_OP2                  10019833 f   HashGameSeed.obj
 0001:00018870       _BSHA_OP3                  10019870 f   HashGameSeed.obj
 0001:000188af       _BSHA_OP4                  100198af f   HashGameSeed.obj
 0001:000188ec       @Double_MD5@12             100198ec f   HashGameSeed.obj
 0001:0001895e       _Call_MD5_Process          1001995e f   HashGameSeed.obj
 0001:00018a21       _MD5_Process               10019a21 f   HashGameSeed.obj
 0001:0001927a       ?sync@?$basic_streambuf@DU?$char_traits@D@std@@@std@@MAEHXZ 1001a27a f   msvcprt:MSVCP140.dll
 0001:00019280       ?_Unlock@?$basic_streambuf@DU?$char_traits@D@std@@@std@@UAEXXZ 1001a280 f   msvcprt:MSVCP140.dll
 0001:00019286       ?_Lock@?$basic_streambuf@DU?$char_traits@D@std@@@std@@UAEXXZ 1001a286 f   msvcprt:MSVCP140.dll
 0001:0001928c       ?xsputn@?$basic_streambuf@DU?$char_traits@D@std@@@std@@MAE_JPBD_J@Z 1001a28c f   msvcprt:MSVCP140.dll
 0001:00019292       ?showmanyc@?$basic_streambuf@DU?$char_traits@D@std@@@std@@MAE_JXZ 1001a292 f   msvcprt:MSVCP140.dll
 0001:00019298       ?uflow@?$basic_streambuf@DU?$char_traits@D@std@@@std@@MAEHXZ 1001a298 f   msvcprt:MSVCP140.dll
 0001:0001929e       ?xsgetn@?$basic_streambuf@DU?$char_traits@D@std@@@std@@MAE_JPAD_J@Z 1001a29e f   msvcprt:MSVCP140.dll
 0001:000192a4       ?setbuf@?$basic_streambuf@DU?$char_traits@D@std@@@std@@MAEPAV12@PAD_J@Z 1001a2a4 f   msvcprt:MSVCP140.dll
 0001:000192aa       ?imbue@?$basic_streambuf@DU?$char_traits@D@std@@@std@@MAEXABVlocale@2@@Z 1001a2aa f   msvcprt:MSVCP140.dll
 0001:000192b0       ??1_Fac_node@std@@QAE@XZ   1001a2b0 f i msvcprt:locale0_implib.obj
 0001:000192e1       ??1_Fac_tidy_reg_t@std@@QAE@XZ 1001a2e1 f i msvcprt:locale0_implib.obj
 0001:00019308       ?_Facet_Register@std@@YAXPAV_Facet_base@1@@Z 1001a308 f   msvcprt:locale0_implib.obj
 0001:00019334       @__security_check_cookie@4 1001a334 f   MSVCRT:secchk.obj
 0001:00019342       ??3@YAXPAXI@Z              1001a342 f   MSVCRT:delete_scalar_size.obj
 0001:00019350       ??2@YAPAXI@Z               1001a350 f   MSVCRT:new_scalar.obj
 0001:00019380       ??_Etype_info@@UAEPAXI@Z   1001a380 f i MSVCRT:std_type_info_static.obj
 0001:00019380       ??_Gtype_info@@UAEPAXI@Z   1001a380 f i MSVCRT:std_type_info_static.obj
 0001:00019468       __Init_thread_abort        1001a468 f   MSVCRT:thread_safe_statics.obj
 0001:0001948c       __Init_thread_footer       1001a48c f   MSVCRT:thread_safe_statics.obj
 0001:000194d6       __Init_thread_header       1001a4d6 f   MSVCRT:thread_safe_statics.obj
 0001:00019528       __Init_thread_notify       1001a528 f   MSVCRT:thread_safe_statics.obj
 0001:0001955e       __Init_thread_wait         1001a55e f   MSVCRT:thread_safe_statics.obj
 0001:000195f0       ___scrt_acquire_startup_lock 1001a5f0 f   MSVCRT:utility.obj
 0001:00019622       ___scrt_dllmain_after_initialize_c 1001a622 f   MSVCRT:utility.obj
 0001:0001964d       ___scrt_dllmain_before_initialize_c 1001a64d f   MSVCRT:utility.obj
 0001:0001965b       ___scrt_dllmain_crt_thread_attach 1001a65b f   MSVCRT:utility.obj
 0001:0001967a       ___scrt_dllmain_crt_thread_detach 1001a67a f   MSVCRT:utility.obj
 0001:00019687       ___scrt_dllmain_exception_filter 1001a687 f   MSVCRT:utility.obj
 0001:000196bb       ___scrt_dllmain_uninitialize_c 1001a6bb f   MSVCRT:utility.obj
 0001:000196de       ___scrt_dllmain_uninitialize_critical 1001a6de f   MSVCRT:utility.obj
 0001:000196eb       ___scrt_initialize_crt     1001a6eb f   MSVCRT:utility.obj
 0001:00019724       ___scrt_initialize_onexit_tables 1001a724 f   MSVCRT:utility.obj
 0001:000197ab       ___scrt_is_nonwritable_in_current_image 1001a7ab f   MSVCRT:utility.obj
 0001:0001983f       ___scrt_release_startup_lock 1001a83f f   MSVCRT:utility.obj
 0001:0001985c       ___scrt_uninitialize_crt   1001a85c f   MSVCRT:utility.obj
 0001:00019884       __onexit                   1001a884 f   MSVCRT:utility.obj
 0001:000198b1       _atexit                    1001a8b1 f   MSVCRT:utility.obj
 0001:000198c6       ___raise_securityfailure   1001a8c6 f   MSVCRT:gs_report.obj
 0001:000198ee       ___report_gsfailure        1001a8ee f   MSVCRT:gs_report.obj
 0001:000199e8       ??_U@YAPAXI@Z              1001a9e8 f   MSVCRT:new_array.obj
 0001:000199f1       ??_V@YAXPAX@Z              1001a9f1 f   MSVCRT:delete_array.obj
 0001:00019d36       __DllMainCRTStartup@12     1001ad36 f   MSVCRT:dll_dllmain.obj
 0001:00019d59       @_guard_check_icall_nop@4  1001ad59 f i MSVCRT:guard_support.obj
 0001:00019d5c       ??3@YAXPAX@Z               1001ad5c f   MSVCRT:delete_scalar.obj
 0001:00019d61       ??0bad_alloc@std@@QAE@XZ   1001ad61 f i MSVCRT:throw_bad_alloc.obj
 0001:00019d79       ?__scrt_throw_std_bad_alloc@@YAXXZ 1001ad79 f   MSVCRT:throw_bad_alloc.obj
 0001:00019d96       ?__scrt_throw_std_bad_array_new_length@@YAXXZ 1001ad96 f   MSVCRT:throw_bad_alloc.obj
 0001:00019db3       ___scrt_fastfail           1001adb3 f   MSVCRT:utility_desktop.obj
 0001:00019ece       __crt_debugger_hook        1001aece f   MSVCRT:utility_desktop.obj
 0001:00019ed9       ___isa_available_init      1001aed9 f   MSVCRT:cpu_disp.obj
 0001:0001a0aa       __get_startup_argv_mode    1001b0aa f   MSVCRT:argv_mode.obj
 0001:0001a0ae       ___scrt_is_ucrt_dll_in_use 1001b0ae f   MSVCRT:ucrt_detection.obj
 0001:0001a0c0       __SEH_prolog4              1001b0c0 f   MSVCRT:sehprolg4.obj
 0001:0001a105       __except_handler4          1001b105 f   MSVCRT:chandler4gs.obj
 0001:0001a181       ___security_init_cookie    1001b181 f   MSVCRT:gs_support.obj
 0001:0001a1cc       ?__scrt_initialize_type_info@@YAXXZ 1001b1cc f   MSVCRT:tncleanup.obj
 0001:0001a1d8       ?__scrt_uninitialize_type_info@@YAXXZ 1001b1d8 f   MSVCRT:tncleanup.obj
 0001:0001a1e4       ___local_stdio_scanf_options 1001b1e4 f i MSVCRT:default_local_stdio_options.obj
 0001:0001a1ea       ___scrt_initialize_default_local_stdio_options 1001b1ea f   MSVCRT:default_local_stdio_options.obj
 0001:0001a207       ___scrt_get_dyn_tls_init_callback 1001b207 f   MSVCRT:dyn_tls_init.obj
 0001:0001a20d       __RTC_Initialize           1001b20d f   MSVCRT:initsect.obj
 0001:0001a239       __RTC_Terminate            1001b239 f   MSVCRT:initsect.obj
 0001:0001a265       ___CxxFrameHandler3        1001b265 f   vcruntime:VCRUNTIME140.dll
 0001:0001a26b       ___std_terminate           1001b26b f   vcruntime:VCRUNTIME140.dll
 0001:0001a271       __CxxThrowException@8      1001b271 f   vcruntime:VCRUNTIME140.dll
 0001:0001a277       _memset                    1001b277 f   vcruntime:VCRUNTIME140.dll
 0001:0001a27d       __except_handler4_common   1001b27d f   vcruntime:VCRUNTIME140.dll
 0001:0001a283       ___std_type_info_destroy_list 1001b283 f   vcruntime:VCRUNTIME140.dll
 0001:0001a289       __callnewh                 1001b289 f   ucrt:api-ms-win-crt-heap-l1-1-0.dll
 0001:0001a28f       _malloc                    1001b28f f   ucrt:api-ms-win-crt-heap-l1-1-0.dll
 0001:0001a295       __seh_filter_dll           1001b295 f   ucrt:api-ms-win-crt-runtime-l1-1-0.dll
 0001:0001a29b       __configure_narrow_argv    1001b29b f   ucrt:api-ms-win-crt-runtime-l1-1-0.dll
 0001:0001a2a1       __initialize_narrow_environment 1001b2a1 f   ucrt:api-ms-win-crt-runtime-l1-1-0.dll
 0001:0001a2a7       __initialize_onexit_table  1001b2a7 f   ucrt:api-ms-win-crt-runtime-l1-1-0.dll
 0001:0001a2ad       __register_onexit_function 1001b2ad f   ucrt:api-ms-win-crt-runtime-l1-1-0.dll
 0001:0001a2b3       __execute_onexit_table     1001b2b3 f   ucrt:api-ms-win-crt-runtime-l1-1-0.dll
 0001:0001a2b9       __crt_atexit               1001b2b9 f   ucrt:api-ms-win-crt-runtime-l1-1-0.dll
 0001:0001a2bf       __cexit                    1001b2bf f   ucrt:api-ms-win-crt-runtime-l1-1-0.dll
 0001:0001a2c5       __initterm                 1001b2c5 f   ucrt:api-ms-win-crt-runtime-l1-1-0.dll
 0001:0001a2cb       __initterm_e               1001b2cb f   ucrt:api-ms-win-crt-runtime-l1-1-0.dll
 0001:0001a2d1       _free                      1001b2d1 f   ucrt:api-ms-win-crt-heap-l1-1-0.dll
 0001:0001a2d7       ___acrt_initialize         1001b2d7 f   MSVCRT:ucrt_stubs.obj
 0001:0001a2d7       ___vcrt_initialize         1001b2d7 f   MSVCRT:ucrt_stubs.obj
 0001:0001a2d7       ___scrt_stub_for_acrt_uninitialize 1001b2d7 f   MSVCRT:ucrt_stubs.obj
 0001:0001a2d7       ___acrt_thread_detach      1001b2d7 f   MSVCRT:ucrt_stubs.obj
 0001:0001a2d7       ___acrt_uninitialize       1001b2d7 f   MSVCRT:ucrt_stubs.obj
 0001:0001a2d7       ___vcrt_uninitialize_critical 1001b2d7 f   MSVCRT:ucrt_stubs.obj
 0001:0001a2d7       ___scrt_stub_for_acrt_thread_attach 1001b2d7 f   MSVCRT:ucrt_stubs.obj
 0001:0001a2d7       ___vcrt_uninitialize       1001b2d7 f   MSVCRT:ucrt_stubs.obj
 0001:0001a2d7       ___acrt_thread_attach      1001b2d7 f   MSVCRT:ucrt_stubs.obj
 0001:0001a2d7       ___scrt_stub_for_acrt_initialize 1001b2d7 f   MSVCRT:ucrt_stubs.obj
 0001:0001a2d7       ___vcrt_thread_detach      1001b2d7 f   MSVCRT:ucrt_stubs.obj
 0001:0001a2d7       ___acrt_uninitialize_critical 1001b2d7 f   MSVCRT:ucrt_stubs.obj
 0001:0001a2d7       ___vcrt_thread_attach      1001b2d7 f   MSVCRT:ucrt_stubs.obj
 0001:0001a2d7       ___scrt_stub_for_acrt_thread_detach 1001b2d7 f   MSVCRT:ucrt_stubs.obj
 0001:0001a2d7       ___scrt_stub_for_acrt_uninitialize_critical 1001b2d7 f   MSVCRT:ucrt_stubs.obj
 0001:0001a2da       __is_c_termination_complete 1001b2da f   MSVCRT:ucrt_stubs.obj
 0001:0001a2da       ___scrt_stub_for_is_c_termination_complete 1001b2da f   MSVCRT:ucrt_stubs.obj
 0001:0001a2dd       __filter_x86_sse2_floating_point_exception 1001b2dd f   MSVCRT:x86_exception_filter.obj
 0001:0001a2dd       __filter_x86_sse2_floating_point_exception_default 1001b2dd f   MSVCRT:x86_exception_filter.obj
 0001:0001a360       __dtoui3                   1001b360 f   MSVCRT:ftol3.obj
 0001:0001a3d4       _memchr                    1001b3d4 f   vcruntime:VCRUNTIME140.dll
 0001:0001a3da       _memcpy                    1001b3da f   vcruntime:VCRUNTIME140.dll
 0001:0001a3e0       _memmove                   1001b3e0 f   vcruntime:VCRUNTIME140.dll
 0001:0001b0d0       ??__Fwarden@?1??getInstance@Warden@@SAAAV1@XZ@YAXXZ 1001c0d0 f i D2Handlers.obj
 0002:00000000       __imp__GetTickCount@0      1001d000     kernel32:KERNEL32.dll
 0002:00000004       __imp__GetModuleHandleA@4  1001d004     kernel32:KERNEL32.dll
 0002:00000008       __imp__LoadLibraryA@4      1001d008     kernel32:KERNEL32.dll
 0002:0000000c       __imp__GetProcAddress@8    1001d00c     kernel32:KERNEL32.dll
 0002:00000010       __imp__WritePrivateProfileStringA@16 1001d010     kernel32:KERNEL32.dll
 0002:00000014       __imp__GetCurrentDirectoryA@8 1001d014     kernel32:KERNEL32.dll
 0002:00000018       __imp__GetPrivateProfileIntA@16 1001d018     kernel32:KERNEL32.dll
 0002:0000001c       __imp__VirtualProtect@16   1001d01c     kernel32:KERNEL32.dll
 0002:00000020       __imp__GetLocalTime@4      1001d020     kernel32:KERNEL32.dll
 0002:00000024       __imp__GetPrivateProfileStringA@24 1001d024     kernel32:KERNEL32.dll
 0002:00000028       __imp__EnterCriticalSection@4 1001d028     kernel32:KERNEL32.dll
 0002:0000002c       __imp__LeaveCriticalSection@4 1001d02c     kernel32:KERNEL32.dll
 0002:00000030       __imp__InitializeCriticalSectionAndSpinCount@8 1001d030     kernel32:KERNEL32.dll
 0002:00000034       __imp__DeleteCriticalSection@4 1001d034     kernel32:KERNEL32.dll
 0002:00000038       __imp__SetEvent@4          1001d038     kernel32:KERNEL32.dll
 0002:0000003c       __imp__ResetEvent@4        1001d03c     kernel32:KERNEL32.dll
 0002:00000040       __imp__WaitForSingleObjectEx@12 1001d040     kernel32:KERNEL32.dll
 0002:00000044       __imp__CreateEventW@16     1001d044     kernel32:KERNEL32.dll
 0002:00000048       __imp__GetModuleHandleW@4  1001d048     kernel32:KERNEL32.dll
 0002:0000004c       __imp__UnhandledExceptionFilter@4 1001d04c     kernel32:KERNEL32.dll
 0002:00000050       __imp__SetUnhandledExceptionFilter@4 1001d050     kernel32:KERNEL32.dll
 0002:00000054       __imp__GetCurrentProcess@0 1001d054     kernel32:KERNEL32.dll
 0002:00000058       __imp__TerminateProcess@8  1001d058     kernel32:KERNEL32.dll
 0002:0000005c       __imp__IsProcessorFeaturePresent@4 1001d05c     kernel32:KERNEL32.dll
 0002:00000060       __imp__IsDebuggerPresent@0 1001d060     kernel32:KERNEL32.dll
 0002:00000064       __imp__QueryPerformanceCounter@4 1001d064     kernel32:KERNEL32.dll
 0002:00000068       __imp__GetCurrentProcessId@0 1001d068     kernel32:KERNEL32.dll
 0002:0000006c       __imp__GetCurrentThreadId@0 1001d06c     kernel32:KERNEL32.dll
 0002:00000070       __imp__GetSystemTimeAsFileTime@4 1001d070     kernel32:KERNEL32.dll
 0002:00000074       __imp__InitializeSListHead@4 1001d074     kernel32:KERNEL32.dll
 0002:00000078       __imp__CloseHandle@4       1001d078     kernel32:KERNEL32.dll
 0002:0000007c       \177KERNEL32_NULL_THUNK_DATA 1001d07c     kernel32:KERNEL32.dll
 0002:00000080       __imp_??1?$basic_streambuf@DU?$char_traits@D@std@@@std@@UAE@XZ 1001d080     msvcprt:MSVCP140.dll
 0002:00000084       __imp_??1?$basic_ostream@DU?$char_traits@D@std@@@std@@UAE@XZ 1001d084     msvcprt:MSVCP140.dll
 0002:00000088       __imp_??0?$basic_ios@DU?$char_traits@D@std@@@std@@IAE@XZ 1001d088     msvcprt:MSVCP140.dll
 0002:0000008c       __imp_??0?$basic_ostream@DU?$char_traits@D@std@@@std@@QAE@PAV?$basic_streambuf@DU?$char_traits@D@std@@@1@_N@Z 1001d08c     msvcprt:MSVCP140.dll
 0002:00000090       __imp_??0?$basic_streambuf@DU?$char_traits@D@std@@@std@@IAE@XZ 1001d090     msvcprt:MSVCP140.dll
 0002:00000094       __imp_?showmanyc@?$basic_streambuf@DU?$char_traits@D@std@@@std@@MAE_JXZ 1001d094     msvcprt:MSVCP140.dll
 0002:00000098       __imp_?uflow@?$basic_streambuf@DU?$char_traits@D@std@@@std@@MAEHXZ 1001d098     msvcprt:MSVCP140.dll
 0002:0000009c       __imp_?xsgetn@?$basic_streambuf@DU?$char_traits@D@std@@@std@@MAE_JPAD_J@Z 1001d09c     msvcprt:MSVCP140.dll
 0002:000000a0       __imp_?setbuf@?$basic_streambuf@DU?$char_traits@D@std@@@std@@MAEPAV12@PAD_J@Z 1001d0a0     msvcprt:MSVCP140.dll
 0002:000000a4       __imp_?imbue@?$basic_streambuf@DU?$char_traits@D@std@@@std@@MAEXABVlocale@2@@Z 1001d0a4     msvcprt:MSVCP140.dll
 0002:000000a8       __imp_??6?$basic_ostream@DU?$char_traits@D@std@@@std@@QAEAAV01@H@Z 1001d0a8     msvcprt:MSVCP140.dll
 0002:000000ac       __imp_?_Init@locale@std@@CAPAV_Locimp@12@_N@Z 1001d0ac     msvcprt:MSVCP140.dll
 0002:000000b0       __imp_?tolower@?$ctype@D@std@@QBEDD@Z 1001d0b0     msvcprt:MSVCP140.dll
 0002:000000b4       __imp_?_Getcat@?$ctype@D@std@@SAIPAPBVfacet@locale@2@PBV42@@Z 1001d0b4     msvcprt:MSVCP140.dll
 0002:000000b8       __imp_??1_Lockit@std@@QAE@XZ 1001d0b8     msvcprt:MSVCP140.dll
 0002:000000bc       __imp_??0_Lockit@std@@QAE@H@Z 1001d0bc     msvcprt:MSVCP140.dll
 0002:000000c0       __imp_?_Getgloballocale@locale@std@@CAPAV_Locimp@12@XZ 1001d0c0     msvcprt:MSVCP140.dll
 0002:000000c4       __imp_?id@?$ctype@D@std@@2V0locale@2@A 1001d0c4     msvcprt:MSVCP140.dll
 0002:000000c8       __imp_??Bid@locale@std@@QAEIXZ 1001d0c8     msvcprt:MSVCP140.dll
 0002:000000cc       __imp_??1?$basic_ios@DU?$char_traits@D@std@@@std@@UAE@XZ 1001d0cc     msvcprt:MSVCP140.dll
 0002:000000d0       __imp_?_Xlength_error@std@@YAXPBD@Z 1001d0d0     msvcprt:MSVCP140.dll
 0002:000000d4       __imp_?setstate@?$basic_ios@DU?$char_traits@D@std@@@std@@QAEXH_N@Z 1001d0d4     msvcprt:MSVCP140.dll
 0002:000000d8       __imp_?sputc@?$basic_streambuf@DU?$char_traits@D@std@@@std@@QAEHD@Z 1001d0d8     msvcprt:MSVCP140.dll
 0002:000000dc       __imp_?_Pninc@?$basic_streambuf@DU?$char_traits@D@std@@@std@@IAEPADXZ 1001d0dc     msvcprt:MSVCP140.dll
 0002:000000e0       __imp_?_Osfx@?$basic_ostream@DU?$char_traits@D@std@@@std@@QAEXXZ 1001d0e0     msvcprt:MSVCP140.dll
 0002:000000e4       __imp_?sync@?$basic_streambuf@DU?$char_traits@D@std@@@std@@MAEHXZ 1001d0e4     msvcprt:MSVCP140.dll
 0002:000000e8       __imp_?xsputn@?$basic_streambuf@DU?$char_traits@D@std@@@std@@MAE_JPBD_J@Z 1001d0e8     msvcprt:MSVCP140.dll
 0002:000000ec       __imp_?sputn@?$basic_streambuf@DU?$char_traits@D@std@@@std@@QAE_JPBD_J@Z 1001d0ec     msvcprt:MSVCP140.dll
 0002:000000f0       __imp_?_Lock@?$basic_streambuf@DU?$char_traits@D@std@@@std@@UAEXXZ 1001d0f0     msvcprt:MSVCP140.dll
 0002:000000f4       __imp_?flush@?$basic_ostream@DU?$char_traits@D@std@@@std@@QAEAAV12@XZ 1001d0f4     msvcprt:MSVCP140.dll
 0002:000000f8       __imp_?_Unlock@?$basic_streambuf@DU?$char_traits@D@std@@@std@@UAEXXZ 1001d0f8     msvcprt:MSVCP140.dll
 0002:000000fc       __imp_?uncaught_exception@std@@YA_NXZ 1001d0fc     msvcprt:MSVCP140.dll
 0002:00000100       \177MSVCP140_NULL_THUNK_DATA 1001d100     msvcprt:MSVCP140.dll
 0002:00000104       __imp__memcpy              1001d104     vcruntime:VCRUNTIME140.dll
 0002:00000108       __imp__memmove             1001d108     vcruntime:VCRUNTIME140.dll
 0002:0000010c       __imp____std_type_info_destroy_list 1001d10c     vcruntime:VCRUNTIME140.dll
 0002:00000110       __imp___except_handler4_common 1001d110     vcruntime:VCRUNTIME140.dll
 0002:00000114       __imp__memset              1001d114     vcruntime:VCRUNTIME140.dll
 0002:00000118       __imp___CxxThrowException@8 1001d118     vcruntime:VCRUNTIME140.dll
 0002:0000011c       __imp__strchr              1001d11c     vcruntime:VCRUNTIME140.dll
 0002:00000120       __imp____std_exception_destroy 1001d120     vcruntime:VCRUNTIME140.dll
 0002:00000124       __imp____std_exception_copy 1001d124     vcruntime:VCRUNTIME140.dll
 0002:00000128       __imp____std_terminate     1001d128     vcruntime:VCRUNTIME140.dll
 0002:0000012c       __imp____CxxFrameHandler3  1001d12c     vcruntime:VCRUNTIME140.dll
 0002:00000130       __imp__memchr              1001d130     vcruntime:VCRUNTIME140.dll
 0002:00000134       \177VCRUNTIME140_NULL_THUNK_DATA 1001d134     vcruntime:VCRUNTIME140.dll
 0002:00000138       __imp__atoi                1001d138     ucrt:api-ms-win-crt-convert-l1-1-0.dll
 0002:0000013c       \177api-ms-win-crt-convert-l1-1-0_NULL_THUNK_DATA 1001d13c     ucrt:api-ms-win-crt-convert-l1-1-0.dll
 0002:00000140       __imp___callnewh           1001d140     ucrt:api-ms-win-crt-heap-l1-1-0.dll
 0002:00000144       __imp__free                1001d144     ucrt:api-ms-win-crt-heap-l1-1-0.dll
 0002:00000148       __imp__malloc              1001d148     ucrt:api-ms-win-crt-heap-l1-1-0.dll
 0002:0000014c       \177api-ms-win-crt-heap-l1-1-0_NULL_THUNK_DATA 1001d14c     ucrt:api-ms-win-crt-heap-l1-1-0.dll
 0002:00000150       __imp___register_onexit_function 1001d150     ucrt:api-ms-win-crt-runtime-l1-1-0.dll
 0002:00000154       __imp___execute_onexit_table 1001d154     ucrt:api-ms-win-crt-runtime-l1-1-0.dll
 0002:00000158       __imp___crt_atexit         1001d158     ucrt:api-ms-win-crt-runtime-l1-1-0.dll
 0002:0000015c       __imp___cexit              1001d15c     ucrt:api-ms-win-crt-runtime-l1-1-0.dll
 0002:00000160       __imp___initterm           1001d160     ucrt:api-ms-win-crt-runtime-l1-1-0.dll
 0002:00000164       __imp___initterm_e         1001d164     ucrt:api-ms-win-crt-runtime-l1-1-0.dll
 0002:00000168       __imp___initialize_onexit_table 1001d168     ucrt:api-ms-win-crt-runtime-l1-1-0.dll
 0002:0000016c       __imp___configure_narrow_argv 1001d16c     ucrt:api-ms-win-crt-runtime-l1-1-0.dll
 0002:00000170       __imp___seh_filter_dll     1001d170     ucrt:api-ms-win-crt-runtime-l1-1-0.dll
 0002:00000174       __imp___initialize_narrow_environment 1001d174     ucrt:api-ms-win-crt-runtime-l1-1-0.dll
 0002:00000178       __imp___invalid_parameter_noinfo_noreturn 1001d178     ucrt:api-ms-win-crt-runtime-l1-1-0.dll
 0002:0000017c       __imp__exit                1001d17c     ucrt:api-ms-win-crt-runtime-l1-1-0.dll
 0002:00000180       \177api-ms-win-crt-runtime-l1-1-0_NULL_THUNK_DATA 1001d180     ucrt:api-ms-win-crt-runtime-l1-1-0.dll
 0002:00000184       __imp__fopen_s             1001d184     ucrt:api-ms-win-crt-stdio-l1-1-0.dll
 0002:00000188       __imp__fread               1001d188     ucrt:api-ms-win-crt-stdio-l1-1-0.dll
 0002:0000018c       __imp____stdio_common_vsprintf 1001d18c     ucrt:api-ms-win-crt-stdio-l1-1-0.dll
 0002:00000190       __imp__fwrite              1001d190     ucrt:api-ms-win-crt-stdio-l1-1-0.dll
 0002:00000194       __imp__ftell               1001d194     ucrt:api-ms-win-crt-stdio-l1-1-0.dll
 0002:00000198       __imp____stdio_common_vsnprintf_s 1001d198     ucrt:api-ms-win-crt-stdio-l1-1-0.dll
 0002:0000019c       __imp__fseek               1001d19c     ucrt:api-ms-win-crt-stdio-l1-1-0.dll
 0002:000001a0       __imp____stdio_common_vsprintf_s 1001d1a0     ucrt:api-ms-win-crt-stdio-l1-1-0.dll
 0002:000001a4       __imp__fopen               1001d1a4     ucrt:api-ms-win-crt-stdio-l1-1-0.dll
 0002:000001a8       __imp__fgets               1001d1a8     ucrt:api-ms-win-crt-stdio-l1-1-0.dll
 0002:000001ac       __imp__fclose              1001d1ac     ucrt:api-ms-win-crt-stdio-l1-1-0.dll
 0002:000001b0       \177api-ms-win-crt-stdio-l1-1-0_NULL_THUNK_DATA 1001d1b0     ucrt:api-ms-win-crt-stdio-l1-1-0.dll
 0002:000001b4       __imp__ispunct             1001d1b4     ucrt:api-ms-win-crt-string-l1-1-0.dll
 0002:000001b8       __imp__tolower             1001d1b8     ucrt:api-ms-win-crt-string-l1-1-0.dll
 0002:000001bc       __imp__isspace             1001d1bc     ucrt:api-ms-win-crt-string-l1-1-0.dll
 0002:000001c0       __imp__strncpy             1001d1c0     ucrt:api-ms-win-crt-string-l1-1-0.dll
 0002:000001c4       __imp___stricmp            1001d1c4     ucrt:api-ms-win-crt-string-l1-1-0.dll
 0002:000001c8       __imp__strcpy_s            1001d1c8     ucrt:api-ms-win-crt-string-l1-1-0.dll
 0002:000001cc       __imp__strncpy_s           1001d1cc     ucrt:api-ms-win-crt-string-l1-1-0.dll
 0002:000001d0       __imp___strnicmp           1001d1d0     ucrt:api-ms-win-crt-string-l1-1-0.dll
 0002:000001d4       __imp__strtok_s            1001d1d4     ucrt:api-ms-win-crt-string-l1-1-0.dll
 0002:000001d8       \177api-ms-win-crt-string-l1-1-0_NULL_THUNK_DATA 1001d1d8     ucrt:api-ms-win-crt-string-l1-1-0.dll
 0002:000001dc       __imp___time64             1001d1dc     ucrt:api-ms-win-crt-time-l1-1-0.dll
 0002:000001e0       \177api-ms-win-crt-time-l1-1-0_NULL_THUNK_DATA 1001d1e0     ucrt:api-ms-win-crt-time-l1-1-0.dll
 0002:000001e4       __imp__srand               1001d1e4     ucrt:api-ms-win-crt-utility-l1-1-0.dll
 0002:000001e8       __imp__rand                1001d1e8     ucrt:api-ms-win-crt-utility-l1-1-0.dll
 0002:000001ec       \177api-ms-win-crt-utility-l1-1-0_NULL_THUNK_DATA 1001d1ec     ucrt:api-ms-win-crt-utility-l1-1-0.dll
 0002:000001f0       ___guard_check_icall_fptr  1001d1f0     MSVCRT:guard_support.obj
 0002:000001f4       ___xc_a                    1001d1f4     MSVCRT:initializers.obj
 0002:000001fc       ___xc_z                    1001d1fc     MSVCRT:initializers.obj
 0002:00000200       ___xi_a                    1001d200     MSVCRT:initializers.obj
 0002:00000208       ___xi_z                    1001d208     MSVCRT:initializers.obj
 0002:0000020c       ___xl_a                    1001d20c     MSVCRT:tlssup.obj
 0002:00000210       ___xl_z                    1001d210     MSVCRT:tlssup.obj
 0002:00000214       ___xp_a                    1001d214     MSVCRT:initializers.obj
 0002:00000218       ___xp_z                    1001d218     MSVCRT:initializers.obj
 0002:0000021c       ___xt_a                    1001d21c     MSVCRT:initializers.obj
 0002:00000220       ___xt_z                    1001d220     MSVCRT:initializers.obj
 0002:00000234       ??_7type_info@@6B@         1001d234     MSVCRT:std_type_info_static.obj
 0002:00000238       ??_C@_1EC@JIJBPKFM@?$AAa?$AAp?$AAi?$AA?9?$AAm?$AAs?$AA?9?$AAw?$AAi?$AAn?$AA?9?$AAc?$AAo?$AAr?$AAe@ 1001d238     MSVCRT:thread_safe_statics.obj
 0002:0000027c       ??_C@_1BK@MGMFAEKH@?$AAk?$AAe?$AAr?$AAn?$AAe?$AAl?$AA3?$AA2?$AA?4?$AAd?$AAl?$AAl@ 1001d27c     MSVCRT:thread_safe_statics.obj
 0002:00000298       ??_C@_0BJ@JEBJOJFJ@SleepConditionVariableCS@ 1001d298     MSVCRT:thread_safe_statics.obj
 0002:000002b4       ??_C@_0BJ@PGPPEPCC@WakeAllConditionVariable@ 1001d2b4     MSVCRT:thread_safe_statics.obj
 0002:000002d8       __pRawDllMain              1001d2d8     MSVCRT:dll_dllmain.obj
 0002:000002d8       __pDefaultRawDllMain       1001d2d8     MSVCRT:dll_dllmain.obj
 0002:000002e0       ??_7exception@std@@6B@     1001d2e0     MSVCRT:throw_bad_alloc.obj
 0002:000002ec       ??_7bad_alloc@std@@6B@     1001d2ec     MSVCRT:throw_bad_alloc.obj
 0002:000002f4       ??_C@_0P@GHFPNOJB@bad?5allocation@ 1001d2f4     MSVCRT:throw_bad_alloc.obj
 0002:00000308       ??_7bad_array_new_length@std@@6B@ 1001d308     MSVCRT:throw_bad_alloc.obj
 0002:00000310       ??_C@_0BF@GPOBEEHL@LEVELS_GetActByLevel@ 1001d310     D2Handlers.obj
 0002:00000328       ??_C@_0FE@ONOOJEPG@C?3?2Users?2android?9jo08lemn?2Docum@ 1001d328     D2Handlers.obj
 0002:00000380       ??_C@_0EB@PFGEEHKI@Critical?5error?5in?5line?5?$CFd?0?5file@ 1001d380     D2Handlers.obj
 0002:000003c4       ??_C@_0BF@BLLHAGEG@LEVELS_GetActByRoom2@ 1001d3c4     D2Handlers.obj
 0002:000003dc       ??_C@_0BA@CLCCFHGK@data?2D2Ex?2Blobs@ 1001d3dc     D2Handlers.obj
 0002:000003ec       ??_C@_0DO@LBIENEPM@Uwaga?5masz?5starego?5klienta?$CB?5Wpi@ 1001d3ec     D2Handlers.obj
 0002:0000042c       ??_C@_0DM@JMJFIBAH@Warning?0?5your?5client?5is?5outdate@ 1001d42c     D2Handlers.obj
 0002:00000468       ??_C@_02KFKPNHPM@?9?5@     1001d468     D2Handlers.obj
 0002:0000046c       ??_C@_03PAEKGFEI@ffa@      1001d46c     D2Handlers.obj
 0002:00000470       ??_C@_0M@EOMDHBCC@?$CFs?7?$CFs?7?$CFs?7?$CFs@ 1001d470     D2Handlers.obj
 0002:0000047c       ??_C@_0M@POEGJCME@GameLog?4txt@ 1001d47c     D2Handlers.obj
 0002:00000488       ??_C@_0N@CKPMLFGM@?$CFs?3?5?o?$LP?$LNc?$CFd?$CFs@ 1001d488     D2Handlers.obj
 0002:00000498       ??_C@_0BA@FCBKPEIN@?$FLadministrator?$FN@ 1001d498     D2Handlers.obj
 0002:000004a8       ??_C@_0L@PIPEPBAF@It?5worked?$CB@ 1001d4a8     D2Handlers.obj
 0002:000004b4       ??_C@_0L@HDOBPCOI@?$CDtestevent@ 1001d4b4     D2Handlers.obj
 0002:000004c0       ??_C@_03NFNBFJKK@Ok?$CB@   1001d4c0     D2Handlers.obj
 0002:000004c4       ??_C@_06JKKFCPOF@?$CDtest2@ 1001d4c4     D2Handlers.obj
 0002:000004cc       ??_C@_0BA@BBHNOKDE@?$CDtest2?5?$DMlvl?5no?$DO@ 1001d4cc     D2Handlers.obj
 0002:000004dc       ??_C@_0N@JFEDLCPA@Data?5for?3?5?$CFd@ 1001d4dc     D2Handlers.obj
 0002:000004f0       ??_C@_0FK@JCKDFCGG@nQuest?3?5?$CFd?0?5nMonstersASSUME?3?5?$CFd@ 1001d4f0     D2Handlers.obj
 0002:0000054c       ??_C@_06OEAJFHHG@?$CDcheer@ 1001d54c     D2Handlers.obj
 0002:00000554       ??_C@_0CA@ENIILIKO@?$CDcheer?5?$DMtext?$DO?5?$DMsound?5id?$DO?5?$DMname?$DO@ 1001d554     D2Handlers.obj
 0002:00000574       ??_C@_0BC@IJOOEOLP@Player?5not?5found?$CB@ 1001d574     D2Handlers.obj
 0002:00000588       ??_C@_02PMOINJOG@?$CD1@    1001d588     D2Handlers.obj
 0002:0000058c       ??_C@_02OFPDOIKH@?$CD0@    1001d58c     D2Handlers.obj
 0002:00000590       ??_C@_0N@CPDMNIMP@Such?5a?5noob?$CB@ 1001d590     D2Handlers.obj
 0002:000005a0       ??_C@_0O@OHPEAKJK@Jestes?5zerem?$CB@ 1001d5a0     D2Handlers.obj
 0002:000005b0       ??_C@_07GGELIGMF@?$CDroster@ 1001d5b0     D2Handlers.obj
 0002:000005b8       ??_C@_0DI@CDCLGABN@Kills?5?3?5?$CFd?5?$HM?5Deaths?5?3?5?$CFd?5?$HM?5Assi@ 1001d5b8     D2Handlers.obj
 0002:000005f0       ??_C@_0BK@OGHJEKOM@No?5roster?5data?5available?$CB@ 1001d5f0     D2Handlers.obj
 0002:0000060c       ??_C@_03CFAIMBAE@?$CDwe@   1001d60c     D2Handlers.obj
 0002:00000610       ??_C@_02IAAGKKDJ@On@       1001d610     D2Handlers.obj
 0002:00000614       ??_C@_03GCDBBDDL@Off@      1001d614     D2Handlers.obj
 0002:00000618       ??_C@_0DG@OFOOBNHP@World?5Event?5is?5?$CFs?0?5Sell?5count?5?3@ 1001d618     D2Handlers.obj
 0002:00000650       ??_C@_07EKKPIOHJ@?$CDuptime@ 1001d650     D2Handlers.obj
 0002:00000658       ??_C@_0DP@FHGCKCHB@GS?5Uptime?5?$CF?42d?3?$CF?42d?3?$CF?42d?0?5Warde@ 1001d658     D2Handlers.obj
 0002:00000698       ??_C@_06OOLKOGAA@?$CDbuild@ 1001d698     D2Handlers.obj
 0002:000006a0       ??_C@_08MIMANHMB@23?329?316@ 1001d6a0     D2Handlers.obj
 0002:000006ac       ??_C@_0M@CBMKHLBM@Nov?512?52024@ 1001d6ac     D2Handlers.obj
 0002:000006b8       ??_C@_0BM@GLEOAEGI@Program?5build?5?$CFd?5on?5?$CFs?0?5?$CFs?4@ 1001d6b8     D2Handlers.obj
 0002:000006d4       ??_C@_0L@CCJBOHHK@?$CDdumpunits@ 1001d6d4     D2Handlers.obj
 0002:000006e0       ??_C@_03ONJMBPEK@OK?$CB@   1001d6e0     D2Handlers.obj
 0002:000006e4       ??_C@_0N@OEFKMCHJ@?$CDdumppresets@ 1001d6e4     D2Handlers.obj
 0002:000006f4       ??_C@_07PMAMKJOL@?$CDupdate@ 1001d6f4     D2Handlers.obj
 0002:000006fc       ??_C@_0BN@IBMAGILA@Trying?5to?5download?5patch?4?4?4?4@ 1001d6fc     D2Handlers.obj
 0002:0000071c       ??_C@_04BANKKKAJ@?$CDmap@  1001d71c     D2Handlers.obj
 0002:00000724       ??_C@_0O@EJELBAFF@Map?5Id?5?3?5?8?$CFd?8@ 1001d724     D2Handlers.obj
 0002:00000734       ??_C@_03MDMBIKPO@?$CDgo@   1001d734     D2Handlers.obj
 0002:00000738       ??_C@_02BAAJCDDE@?$CDg@    1001d738     D2Handlers.obj
 0002:0000073c       ??_C@_0BH@PBAIHEAN@Najpierw?5opusc?5miasto?$CB@ 1001d73c     D2Handlers.obj
 0002:00000754       ??_C@_0BC@MOBEAKKI@Leave?5town?5first?$CB@ 1001d754     D2Handlers.obj
 0002:00000768       ??_C@_0BL@OPNNDLOM@Powiedzia?o?$LP?$LNe?o?$LP?$LN?5ju?o?$LP?$LN?5to?$CB@ 1001d768     D2Handlers.obj
 0002:00000784       ??_C@_0BJ@PNLGCDJO@You?8ve?5already?5said?5that@ 1001d784     D2Handlers.obj
 0002:000007a0       ??_C@_0O@OOFGEGJA@Round?5begins?$CB@ 1001d7a0     D2Handlers.obj
 0002:000007b0       ??_C@_0BC@JJJFDBGL@Runda?5rozpoczeta?$CB@ 1001d7b0     D2Handlers.obj
 0002:000007c4       ??_C@_0CB@KGHLHGAF@Nieprawidlowa?5ilosc?5druzyn?5?9?5?$CFd@ 1001d7c4     D2Handlers.obj
 0002:000007e8       ??_C@_0BL@OHHPJIOC@Incorrect?5party?5count?5?9?5?$CFd@ 1001d7e8     D2Handlers.obj
 0002:00000804       ??_C@_03HDOMHACF@?$CDgu@   1001d804     D2Handlers.obj
 0002:00000808       ??_C@_06LHNINOKC@?$CDdebug@ 1001d808     D2Handlers.obj
 0002:00000810       ??_C@_07LJOJGIGF@?$CDreload@ 1001d810     D2Handlers.obj
 0002:00000818       ??_C@_0BL@LKNMKIAL@Ustawienia?5prze?o?$LP?$LNadowane?4@ 1001d818     D2Handlers.obj
 0002:00000834       ??_C@_0BB@POMMOBEF@Config?5reloaded?4@ 1001d834     D2Handlers.obj
 0002:00000848       ??_C@_0N@CLBHGCMO@?$CDreloadclans@ 1001d848     D2Handlers.obj
 0002:00000858       ??_C@_0BN@FMOOJCBE@Clans?5reloaded?5successfully?4@ 1001d858     D2Handlers.obj
 0002:00000878       ??_C@_0BD@HAHLLFDK@Error?5in?5ini?5file?$CB@ 1001d878     D2Handlers.obj
 0002:0000088c       ??_C@_05KLFBBAAE@?$CDkick@ 1001d88c     D2Handlers.obj
 0002:00000894       ??_C@_0CG@NAMCOBOF@?$CDkick?5?$DM?$CKaccount?$DO?5or?5?$CDkick?5?$FLchar@ 1001d894     D2Handlers.obj
 0002:000008bc       ??_C@_0CM@MGAKNIOO@Wrong?5charname?5?1?5Player?5is?5not?5@ 1001d8bc     D2Handlers.obj
 0002:000008e8       ??_C@_0BM@NBOIEKOD@?8?$CFs?8?5has?5been?5kicked?5by?5?$CK?$CFs@ 1001d8e8     D2Handlers.obj
 0002:00000904       ??_C@_06MJFCEADP@?$CDstats@ 1001d904     D2Handlers.obj
 0002:00000910       ??_C@_0GM@FAMNLBCC@Resistances?5?3?5?o?$LP?$LNc1Fire?5?8?$CFd?8?1?8?$CF@ 1001d910     D2Handlers.obj
 0002:00000980       ??_C@_0EK@MJHDBFAE@FCR?5?o?$LP?$LNc9?8?$CFd?8?o?$LP?$LNcc?0?5FRW?5?o?$LP?$LNc9?8?$CF@ 1001d980     D2Handlers.obj
 0002:000009d0       ??_C@_0EO@OGNCNAPL@DS?5?o?$LP?$LNc9?8?$CFd?$CF?$CF?8?o?$LP?$LNcc?0?5OW?5?o?$LP?$LNc9?8?$CF@ 1001d9d0     D2Handlers.obj
 0002:00000a20       ??_C@_0GE@FOMFOOHJ@?o?$LP?$LNc1Fire?5Abs?5?o?$LP?$LNc9?8?$CFd?$CF?$CF?8?5?o?$LP?$LNc3@ 1001da20     D2Handlers.obj
 0002:00000a88       ??_C@_0EE@BDDPKNCK@?o?$LP?$LNc1Life?5?3?5?8?$CFd?8?0?5?o?$LP?$LNc3Mana?5?3?5?8@ 1001da88     D2Handlers.obj
 0002:00000acc       ??_C@_05IFBEPGGN@?$CDmove@ 1001dacc     D2Handlers.obj
 0002:00000ad4       ??_C@_0BK@KILCPCC@?$CDmove?5?$DMlevelid?$DO?5?$FLaccount?$FN@ 1001dad4     D2Handlers.obj
 0002:00000af0       ??_C@_0BN@IHPINBGD@Moving?5?8?$CFs?8?5to?5level?5?8?$CFd?8?4?4?4@ 1001daf0     D2Handlers.obj
 0002:00000b10       ??_C@_08BDCMEMDJ@?$CDmoveall@ 1001db10     D2Handlers.obj
 0002:00000b1c       ??_C@_0BA@PGFDNPOG@?$CDmove?5?$DMlevelid?$DO@ 1001db1c     D2Handlers.obj
 0002:00000b2c       ??_C@_0CF@GNCNJGHE@Moving?5?8?$CFd?8?5clients?5to?5level?5?8?$CF@ 1001db2c     D2Handlers.obj
 0002:00000b54       ??_C@_03IINFNI@?$CDop@     1001db54     D2Handlers.obj
 0002:00000b58       ??_C@_0CK@IIFNGAFH@?$CDop?5?$DMlevelid?$DO?5?9?5opens?5a?5portal?5@ 1001db58     D2Handlers.obj
 0002:00000b84       ??_C@_0CC@DPMENFLE@Opening?5a?5portal?5to?5level?5?8?$CFd?8?4@ 1001db84     D2Handlers.obj
 0002:00000ba8       ??_C@_06HLCCOGLM@?$CDlevel@ 1001dba8     D2Handlers.obj
 0002:00000bb0       ??_C@_04FHHICFME@?$CDlvl@  1001dbb0     D2Handlers.obj
 0002:00000bb8       ??_C@_0M@KLKDLGMF@?$CDremovepets@ 1001dbb8     D2Handlers.obj
 0002:00000bc4       ??_C@_0BG@CHBFHIDH@Removing?5your?5pets?4?4?4@ 1001dbc4     D2Handlers.obj
 0002:00000bdc       ??_C@_0L@GEMPNHFN@?$CDinterinfo@ 1001dbdc     D2Handlers.obj
 0002:00000be8       ??_C@_0BH@IOHFFHBG@I?$DP?5?$CFd?0?5Id?3?5?$CFd?0?5Type?5?$CFd@ 1001dbe8     D2Handlers.obj
 0002:00000c00       ??_C@_0L@GFIEPBDJ@?$CDcheckroom@ 1001dc00     D2Handlers.obj
 0002:00000c0c       ??_C@_0CJ@LPCOINCK@Skipping?5A?$CFd?5because?5is?5not?5ini@ 1001dc0c     D2Handlers.obj
 0002:00000c38       ??_C@_0BK@JHFFNJDG@Possible?5room?5found?5?$EA?5A?$CFd@ 1001dc38     D2Handlers.obj
 0002:00000c54       ??_C@_09LIBBHMMF@?$CDsetstate@ 1001dc54     D2Handlers.obj
 0002:00000c60       ??_C@_0CB@PNLKPFBL@Usage?3?5?$CDsetstate?5?$DMstateid?$DO?5?$DM1?00@ 1001dc60     D2Handlers.obj
 0002:00000c84       ??_C@_0CD@CGJBIEFO@State?5?8?$CFd?8?5is?5out?5of?5range?5?$CI?$CFd?$CJ@ 1001dc84     D2Handlers.obj
 0002:00000ca8       ??_C@_0DF@OHGFEJAN@Unknown?5state?8s?5state?5?$CI?$CFd?$CJ?4?5Onl@ 1001dca8     D2Handlers.obj
 0002:00000ce0       ??_C@_0BH@NBCNEKJG@State?5?$CFd?5has?5been?5set?$CB@ 1001dce0     D2Handlers.obj
 0002:00000cf8       ??_C@_0BB@GCADKGJO@map?1set?5too?5long@ 1001dcf8     D2Handlers.obj
 0002:00000d6c       ??_8?$basic_ostringstream@DU?$char_traits@D@std@@V?$allocator@D@2@@std@@7B@ 1001dd6c     D2Handlers.obj
 0002:00000d78       ??_7?$basic_ostringstream@DU?$char_traits@D@std@@V?$allocator@D@2@@std@@6B@ 1001dd78     D2Handlers.obj
 0002:00000d80       ??_7?$basic_stringbuf@DU?$char_traits@D@std@@V?$allocator@D@2@@std@@6B@ 1001dd80     D2Handlers.obj
 0002:00000dbc       ??_C@_01CLKCMJKC@?5@       1001ddbc     D2Handlers.obj
 0002:00000dc0       ??_C@_0BA@JFNIOLAK@string?5too?5long@ 1001ddc0     D2Handlers.obj
 0002:00000dd0       ??_C@_0BF@KINCDENJ@bad?5array?5new?5length@ 1001ddd0     D2Handlers.obj
 0002:00000de8       ??_C@_0BC@EOODALEL@Unknown?5exception@ 1001dde8     D2Handlers.obj
 0002:00000dfc       ??_C@_0CE@FKAEGLBM@Change?5the?5way?5the?5max?5resist?5w@ 1001ddfc     D2Patches.obj
 0002:00000e20       ??_C@_0L@MIDFOMIC@D2Game?4dll@ 1001de20     D2Patches.obj
 0002:00000e2c       ??_C@_0BF@OLMCGIAE@Cow?5Level?5Dont?5Close@ 1001de2c     D2Patches.obj
 0002:00000e44       ??_C@_0BM@KMIBOPOK@Nihlathak?5Portal?5Dont?5Close@ 1001de44     D2Patches.obj
 0002:00000e60       ??_C@_0CA@MCKIEJN@Bring?5back?5the?5classic?5ww?5style@ 1001de60     D2Patches.obj
 0002:00000e80       ??_C@_0BM@GHDHFOGB@Set?5a?5stat?5for?5magic?5pierce@ 1001de80     D2Patches.obj
 0002:00000e9c       ??_C@_0BP@IMMMPCEB@Set?5a?5stat?5for?5physical?5pierce@ 1001de9c     D2Patches.obj
 0002:00000ebc       ??_C@_0CB@DIOGALKB@Allow?5pierce?5to?5break?5immunitie@ 1001debc     D2Patches.obj
 0002:00000ee0       ??_C@_0CD@LHNCPLDB@Disable?5reconnect?5spam?5hacklist@ 1001dee0     D2Patches.obj
 0002:00000f04       ??_C@_07FPBAAPMM@Fog?4dll@ 1001df04     D2Patches.obj
 0002:00000f0c       ??_C@_0BF@EFHPLEEB@Create?5packet?5parser@ 1001df0c     D2Patches.obj
 0002:00000f24       ??_C@_0BE@NHFOAAEH@Spawn?5uber?5monsters@ 1001df24     D2Patches.obj
 0002:00000f38       ??_C@_0BN@DACBNPOK@Replace?5inline?5GetActByLevel@ 1001df38     D2Patches.obj
 0002:00000f58       ??_C@_0N@PBBJKMKJ@D2Common?4dll@ 1001df58     D2Patches.obj
 0002:00000f68       ??_C@_0CB@HDAPHDID@Replace?5original?5GetActByLevelN@ 1001df68     D2Patches.obj
 0002:00000f8c       ??_C@_0BI@HBKMIMCH@Fix?5Debug?5Packet?5Parser@ 1001df8c     D2Patches.obj
 0002:00000fa4       ??_C@_0N@HKFOJLNI@Quest?5Init?5I@ 1001dfa4     D2Patches.obj
 0002:00000fb4       ??_C@_0O@KJMJPADB@Quest?5Init?5II@ 1001dfb4     D2Patches.obj
 0002:00000fc4       ??_C@_0BL@KOHHDACI@Assassin?8s?5Cloak?5Crash?5Fix@ 1001dfc4     D2Patches.obj
 0002:00000fe0       ??_C@_0BG@EEENKOHM@Is?5Unit?5Dead?5Override@ 1001dfe0     D2Patches.obj
 0002:00000ff8       ??_C@_0BC@IOCCEJAO@On?5Create?5Monster@ 1001dff8     D2Patches.obj
 0002:0000100c       ??_C@_0BA@KNMFJMAK@Hostile?5Level?5I@ 1001e00c     D2Patches.obj
 0002:0000101c       ??_C@_0BB@MBMDNIMO@Hostile?5Level?5II@ 1001e01c     D2Patches.obj
 0002:00001030       ??_C@_0BC@FNKGNICD@Hostile?5Level?5III@ 1001e030     D2Patches.obj
 0002:00001044       ??_C@_0BB@MJJNGFA@Hostile?5Level?5IV@ 1001e044     D2Patches.obj
 0002:00001058       ??_C@_0BB@BNLDFOOE@LastHitIntercept@ 1001e058     D2Patches.obj
 0002:0000106c       ??_C@_0BB@LAIOKHOG@OnDamageCreation@ 1001e06c     D2Patches.obj
 0002:00001080       ??_C@_0BL@GAIBMOHD@Client?5Packet?5Wrapper?5NEW?5@ 1001e080     D2Patches.obj
 0002:0000109c       ??_C@_0N@HGPHIIAH@D2Ex?5Connect@ 1001e09c     D2Patches.obj
 0002:000010ac       ??_C@_08CHDCPHOK@Act?5Load@ 1001e0ac     D2Patches.obj
 0002:000010b8       ??_C@_0BL@LLIGFCJA@Move?5Player?5Corpse?5To?5Town@ 1001e0b8     D2Patches.obj
 0002:000010d4       ??_C@_0BB@JLEEPHDK@Hostile?5WP?5Delay@ 1001e0d4     D2Patches.obj
 0002:000010e8       ??_C@_0BF@EPKCBMJB@Hostile?5Button?5Delay@ 1001e0e8     D2Patches.obj
 0002:00001100       ??_C@_0BD@CCKKFHPJ@Gold?5drop?5on?5death@ 1001e100     D2Patches.obj
 0002:00001114       ??_C@_0BC@HAEELPGP@Ear?5drop?5on?5death@ 1001e114     D2Patches.obj
 0002:00001128       ??_C@_0N@CONBGDED@FindUnit?5Fix@ 1001e128     D2Patches.obj
 0002:00001138       ??_C@_0BA@MKEBFHDL@Str?1dex?5bug?5fix@ 1001e138     D2Patches.obj
 0002:00001148       ??_C@_0N@BENPAFJJ@Chat?5Wrapper@ 1001e148     D2Patches.obj
 0002:00001158       ??_C@_0BG@FCFJIEEE@NPC?5Slow?5Missile?5Heal@ 1001e158     D2Patches.obj
 0002:00001170       ??_C@_0P@IDICGABH@Roster?5Wrapper@ 1001e170     D2Patches.obj
 0002:00001180       ??_C@_0BB@DFHCFBIO@On?5Monster?5Death@ 1001e180     D2Patches.obj
 0002:00001194       ??_C@_0BI@BGODAFOA@Null?5Original?5S?9?$DOC?50x66@ 1001e194     D2Patches.obj
 0002:000011ac       ??_C@_0BF@NKKKIOPL@Game?5Destroy?5Wrapper@ 1001e1ac     D2Patches.obj
 0002:000011c4       ??_C@_0BJ@GPENJECH@Add?5ClientToGame?5Wrapper@ 1001e1c4     D2Patches.obj
 0002:000011e0       ??_C@_0BG@OGHLPKGK@Player?5Events?5Wrapper@ 1001e1e0     D2Patches.obj
 0002:000011f8       ??_C@_0BA@MDCHJAPD@Perm?5Store?5Stub@ 1001e1f8     D2Patches.obj
 0002:00001208       ??_C@_0BF@BJAJCCII@Disable?5repair?5costs@ 1001e208     D2Patches.obj
 0002:00001220       ??_C@_0BI@MPIKFJJI@Disable?5repair?5costs?5II@ 1001e220     D2Patches.obj
 0002:00001238       ??_C@_0BD@BHCPGKLH@Extend?5Game?5Struct@ 1001e238     D2Patches.obj
 0002:0000124c       ??_C@_0N@JABNHHFK@D2Client?4dll@ 1001e24c     D2Patches.obj
 0002:0000125c       ??_C@_0BJ@IKNLOBGA@Extend?5PlayerData?5Struct@ 1001e25c     D2Patches.obj
 0002:00001278       ??_C@_0BI@MODEPFGC@Party?5Share?5Fix?5Prepare@ 1001e278     D2Patches.obj
 0002:00001290       ??_C@_0BA@DLKCHNAA@Party?5Share?5Fix@ 1001e290     D2Patches.obj
 0002:000012a0       ??_C@_0BB@GIBGJDPE@Exp?5Increase?5Fix@ 1001e2a0     D2Patches.obj
 0002:000012b4       ??_C@_0BA@BFLCOFIH@Hp?5Increase?5Fix@ 1001e2b4     D2Patches.obj
 0002:000012c4       ??_C@_0BH@CGNGHDLC@Decresae?5Corpse?5number@ 1001e2c4     D2Patches.obj
 0002:000012dc       ??_C@_0BB@KIBPLHNL@Null?5Iron?5Maiden@ 1001e2dc     D2Patches.obj
 0002:000012f0       ??_C@_0BC@EMFMEOEG@Null?5Lower?5Resist@ 1001e2f0     D2Patches.obj
 0002:00001304       ??_C@_0P@LLAAJFJN@Cows?8?5drop?5fix@ 1001e304     D2Patches.obj
 0002:00001314       ??_C@_0BD@CEBBIPC@Fire?5Enchanted?5Fix@ 1001e314     D2Patches.obj
 0002:00001328       ??_C@_0BJ@DGGPPIGG@Colour?5Item?5Intercept?5IV@ 1001e328     D2Patches.obj
 0002:00001344       ??_C@_0BI@CDOAGKPF@Colour?5Item?5Intercept?5V@ 1001e344     D2Patches.obj
 0002:0000135c       ??_C@_0BL@EHJILLDO@Tresure?5Class?5Create?5Hndlr@ 1001e35c     D2Patches.obj
 0002:00001378       ??_C@_0BB@HBAAJIJF@NodesEX?3?5Baal?5Ai@ 1001e378     D2Patches.obj
 0002:0000138c       ??_C@_0BD@DBALMGPH@NodesEX?3?5Diablo?5Ai@ 1001e38c     D2Patches.obj
 0002:000013a0       ??_C@_0CA@NEFBOHOP@NodesEX?3?5Alloc?516?9players?5nodes@ 1001e3a0     D2Patches.obj
 0002:000013c0       ??_C@_0BP@CBAIOCCB@NodesEX?3?5Free?516?9players?5nodes@ 1001e3c0     D2Patches.obj
 0002:000013e0       ??_C@_0CI@IOAIHKAA@NodesEX?3?5Free?5Child?5of?516?9playe@ 1001e3e0     D2Patches.obj
 0002:00001408       ??_C@_0BH@HEGMPDLK@NodesEX?3?5Get?5Unit?5Node@ 1001e408     D2Patches.obj
 0002:00001420       ??_C@_0CM@LNDDJOEH@NodesEX?3?5Set?5Unit?5Node?5As?5Paren@ 1001e420     D2Patches.obj
 0002:0000144c       ??_C@_0CL@JJNFDMCL@NodesEX?3?5Set?5Unit?5Node?5As?5Paren@ 1001e44c     D2Patches.obj
 0002:00001478       ??_C@_0BI@MIBMCBHE@NodesEX?3?5Free?5all?5nodes@ 1001e478     D2Patches.obj
 0002:00001490       ??_C@_0BO@GNEDEKJI@NodesEX?3?5Change?5node?5offset?5I@ 1001e490     D2Patches.obj
 0002:000014b0       ??_C@_0BP@NPACKMHA@NodesEX?3?5Change?5node?5offset?5II@ 1001e4b0     D2Patches.obj
 0002:000014d0       ??_C@_0CA@HBGBIHNM@NodesEX?3?5Change?5node?5offset?5III@ 1001e4d0     D2Patches.obj
 0002:000014f0       ??_C@_0CD@DAJBLMFM@GameEnter?3?5Check?5number?5of?5play@ 1001e4f0     D2Patches.obj
 0002:00001514       ??_C@_0CG@FEBMHILP@GameEnter?3?5Check?5number?5of?5play@ 1001e514     D2Patches.obj
 0002:0000153c       ??_C@_0CH@HKDBEGCJ@GameEnter?3?5Check?5number?5of?5play@ 1001e53c     D2Patches.obj
 0002:00001564       ??_C@_08GGLHOMKK@D2GS?4exe@ 1001e564     D2Patches.obj
 0002:00001570       ??_C@_0CG@JJEGHGCB@GameEnter?3?5Check?5number?5of?5play@ 1001e570     D2Patches.obj
 0002:00001598       ??_C@_0CB@MELDJBLL@NodesEX?3?5Fix?5Treasure?5Class?5Dro@ 1001e598     D2Patches.obj
 0002:000015bc       ??_C@_0CE@NPLKFGF@NodesEX?3?5Fix?5Treasure?5Class?5Dro@ 1001e5bc     D2Patches.obj
 0002:000015e0       ??_C@_0CN@GLJLHNBB@NodesEX?3?5Create?5UnitAny?3?5Change@ 1001e5e0     D2Patches.obj
[...]
 0001:0001afb6       __unwindfunclet$?loadConfig@Warden@@QAEXXZ$80 1001bfb6 f   Warden.obj
 0001:0001afd8       __unwindfunclet$?loadConfig@Warden@@QAEXXZ$83 1001bfd8 f   Warden.obj
 0001:0001afe3       __unwindfunclet$?loadConfig@Warden@@QAEXXZ$81 1001bfe3 f   Warden.obj
 0001:0001afee       __unwindfunclet$?loadConfig@Warden@@QAEXXZ$60 1001bfee f   Warden.obj
 0001:0001b010       __unwindfunclet$?loadConfig@Warden@@QAEXXZ$63 1001c010 f   Warden.obj
 0001:0001b01b       __unwindfunclet$?loadConfig@Warden@@QAEXXZ$61 1001c01b f   Warden.obj
 0001:0001b02b       __ehhandler$?loadConfig@Warden@@QAEXXZ 1001c02b f   Warden.obj
 0001:0001b060       __unwindfunclet$??0?$token_iterator@V?$char_separator@DU?$char_traits@D@std@@@boost@@V?$_String_const_iterator@V?$_String_val@U?$_Simple_types@D@std@@@std@@@std@@V?$basic_string@DU?$char_traits@D@std@@V?$allocator@D@2@@4@@boost@@QAE@V?$char_separator@DU?$char_traits@D@std@@@1@V?$_String_const_iterator@V?$_String_val@U?$_Simple_types@D@std@@@std@@@std@@1@Z$0 1001c060 f   Warden.obj
 0001:0001b068       __unwindfunclet$??0?$token_iterator@V?$char_separator@DU?$char_traits@D@std@@@boost@@V?$_String_const_iterator@V?$_String_val@U?$_Simple_types@D@std@@@std@@@std@@V?$basic_string@DU?$char_traits@D@std@@V?$allocator@D@2@@4@@boost@@QAE@V?$char_separator@DU?$char_traits@D@std@@@1@V?$_String_const_iterator@V?$_String_val@U?$_Simple_types@D@std@@@std@@@std@@1@Z$3 1001c068 f   Warden.obj
 0001:0001b070       __unwindfunclet$??0?$token_iterator@V?$char_separator@DU?$char_traits@D@std@@@boost@@V?$_String_const_iterator@V?$_String_val@U?$_Simple_types@D@std@@@std@@@std@@V?$basic_string@DU?$char_traits@D@std@@V?$allocator@D@2@@4@@boost@@QAE@V?$char_separator@DU?$char_traits@D@std@@@1@V?$_String_const_iterator@V?$_String_val@U?$_Simple_types@D@std@@@std@@@std@@1@Z$1 1001c070 f   Warden.obj
 0001:0001b078       __unwindfunclet$??0?$token_iterator@V?$char_separator@DU?$char_traits@D@std@@@boost@@V?$_String_const_iterator@V?$_String_val@U?$_Simple_types@D@std@@@std@@@std@@V?$basic_string@DU?$char_traits@D@std@@V?$allocator@D@2@@4@@boost@@QAE@V?$char_separator@DU?$char_traits@D@std@@@1@V?$_String_const_iterator@V?$_String_val@U?$_Simple_types@D@std@@@std@@@std@@1@Z$2 1001c078 f   Warden.obj
 0001:0001b088       __ehhandler$??0?$token_iterator@V?$char_separator@DU?$char_traits@D@std@@@boost@@V?$_String_const_iterator@V?$_String_val@U?$_Simple_types@D@std@@@std@@@std@@V?$basic_string@DU?$char_traits@D@std@@V?$allocator@D@2@@4@@boost@@QAE@V?$char_separator@DU?$char_traits@D@std@@@1@V?$_String_const_iterator@V?$_String_val@U?$_Simple_types@D@std@@@std@@@std@@1@Z 1001c088 f   Warden.obj
 0001:0001b0b0       __ehhandler$??1WardenClient@@QAE@XZ 1001c0b0 f   WardenClient.obj
 0001:0001b0e0       ??__FFile@?1??GetColorNameByAcc@@YAEV?$basic_string@DU?$char_traits@D@std@@V?$allocator@D@2@@std@@@Z@YAXXZ 1001c0e0 f   Misc.obj
 0001:0001b138       ??__F_Fac_tidy_reg@std@@YAXXZ 1001c138 f   msvcprt:locale0_implib.obj
 0002:000001f8       ?_Fac_tidy_reg$initializer$@std@@3P6AXXZA 1001d1f8     msvcprt:locale0_implib.obj
 0002:00000204       ?__scrt_initialize_tss_var@@3P6AHXZA 1001d204     MSVCRT:thread_safe_statics.obj
 0002:000002d0       _GS_ExceptionPointers      1001d2d0     MSVCRT:gs_report.obj
 0002:00000d10       ?piecewise_construct@std@@3Upiecewise_construct_t@1@B 1001dd10     D2Handlers.obj
 0002:00000d11       ?_Fake_alloc@std@@3U_Fake_allocator@1@B 1001dd11     D2Handlers.obj
 0002:00000d12       ?_Fake_alloc@std@@3U_Fake_allocator@1@B 1001dd12     INIReader.obj
 0002:00000d13       ?piecewise_construct@std@@3Upiecewise_construct_t@1@B 1001dd13     INIReader.obj
 0002:00000d14       ?_Fake_alloc@std@@3U_Fake_allocator@1@B 1001dd14     LUberQuest.obj
 0002:00000d15       ?_Fake_alloc@std@@3U_Fake_allocator@1@B 1001dd15     LEvents.obj
 0002:00000d16       ?_Fake_alloc@std@@3U_Fake_allocator@1@B 1001dd16     LItems.obj
 0002:00000d17       ?_Fake_alloc@std@@3U_Fake_allocator@1@B 1001dd17     LMonsters.obj
 0002:00000d18       ?dlls@@3PAPBDA             1001dd18     Offset.obj
 0002:00000d64       ?_Fake_alloc@std@@3U_Fake_allocator@1@B 1001dd64     LWorldEvent.obj
 0002:00000d65       ?_Fake_alloc@std@@3U_Fake_allocator@1@B 1001dd65     stdafx.obj
 0002:00000d66       ?_Fake_alloc@std@@3U_Fake_allocator@1@B 1001dd66     Misc.obj
 0002:00000d67       ?_Fake_alloc@std@@3U_Fake_allocator@1@B 1001dd67     Warden.obj
 0002:00000d68       ?_Fake_alloc@std@@3U_Fake_allocator@1@B 1001dd68     WardenClient.obj
 0002:000041c0       _NaN                       100211c0     MSVCRT:ftol3.obj
 0002:000041c4       _onept5                    100211c4     MSVCRT:ftol3.obj
 0002:000041c8       _DP2to32                   100211c8     MSVCRT:ftol3.obj
 0002:000041c8       _Int32ToUInt32             100211c8     MSVCRT:ftol3.obj
 0002:00004b60       __ehfuncinfo$?OnChat@@YIHPAUUnitAny@@PAE@Z 10021b60     D2Handlers.obj
 0002:00004b88       __unwindtable$?OnChat@@YIHPAUUnitAny@@PAE@Z 10021b88     D2Handlers.obj
 0002:00004be8       __ehfuncinfo$??0?$basic_ostringstream@DU?$char_traits@D@std@@V?$allocator@D@2@@std@@QAE@XZ 10021be8     D2Handlers.obj
 0002:00004c0c       __unwindtable$??0?$basic_ostringstream@DU?$char_traits@D@std@@V?$allocator@D@2@@std@@QAE@XZ 10021c0c     D2Handlers.obj
 0002:00004c1c       __ehfuncinfo$??A?$map@KPAUUnitAny@@U?$less@K@std@@V?$allocator@U?$pair@$$CBKPAUUnitAny@@@std@@@3@@std@@QAEAAPAUUnitAny@@ABK@Z 10021c1c     D2Handlers.obj
 0002:00004c40       __unwindtable$??A?$map@KPAUUnitAny@@U?$less@K@std@@V?$allocator@U?$pair@$$CBKPAUUnitAny@@@std@@@3@@std@@QAEAAPAUUnitAny@@ABK@Z 10021c40     D2Handlers.obj
 0002:00004c48       __ehfuncinfo$??$?6U?$char_traits@D@std@@@std@@YAAAV?$basic_ostream@DU?$char_traits@D@std@@@0@AAV10@PBD@Z 10021c48     D2Handlers.obj
 0002:00004c6c       __unwindtable$??$?6U?$char_traits@D@std@@@std@@YAAAV?$basic_ostream@DU?$char_traits@D@std@@@0@AAV10@PBD@Z 10021c6c     D2Handlers.obj
 0002:00004c9c       __tryblocktable$??$?6U?$char_traits@D@std@@@std@@YAAAV?$basic_ostream@DU?$char_traits@D@std@@@0@AAV10@PBD@Z 10021c9c     D2Handlers.obj
 0002:00004cb0       __catchsym$??$?6U?$char_traits@D@std@@@std@@YAAAV?$basic_ostream@DU?$char_traits@D@std@@@0@AAV10@PBD@Z$6 10021cb0     D2Handlers.obj
 0002:00004cc0       __ehfuncinfo$??1_Sentry_base@?$basic_ostream@DU?$char_traits@D@std@@@std@@QAE@XZ 10021cc0     D2Handlers.obj
 0002:00004cc0       __ehfuncinfo$??1Warden@@QAE@XZ 10021cc0     Warden.obj
 0002:00004cc0       __ehfuncinfo$??1WardenClient@@QAE@XZ 10021cc0     WardenClient.obj
 0002:00004ce4       __ehfuncinfo$??1sentry@?$basic_ostream@DU?$char_traits@D@std@@@std@@QAE@XZ 10021ce4     D2Handlers.obj
 0002:00004d08       __unwindtable$??1sentry@?$basic_ostream@DU?$char_traits@D@std@@@std@@QAE@XZ 10021d08     D2Handlers.obj
 0002:00004d10       __ehfuncinfo$??$?6U?$char_traits@D@std@@@std@@YAAAV?$basic_ostream@DU?$char_traits@D@std@@@0@AAV10@D@Z 10021d10     D2Handlers.obj
 0002:00004d34       __unwindtable$??$?6U?$char_traits@D@std@@@std@@YAAAV?$basic_ostream@DU?$char_traits@D@std@@@0@AAV10@D@Z 10021d34     D2Handlers.obj
 0002:00004d64       __tryblocktable$??$?6U?$char_traits@D@std@@@std@@YAAAV?$basic_ostream@DU?$char_traits@D@std@@@0@AAV10@D@Z 10021d64     D2Handlers.obj
 0002:00004d78       __catchsym$??$?6U?$char_traits@D@std@@@std@@YAAAV?$basic_ostream@DU?$char_traits@D@std@@@0@AAV10@D@Z$6 10021d78     D2Handlers.obj
 0002:00004d88       __ehfuncinfo$?getInstance@Warden@@SAAAV1@XZ 10021d88     D2Handlers.obj
 0002:00004dac       __unwindtable$?getInstance@Warden@@SAAAV1@XZ 10021dac     D2Handlers.obj
 0002:00004db4       __ehfuncinfo$?Get@INIReader@@QAE?AV?$basic_string@DU?$char_traits@D@std@@V?$allocator@D@2@@std@@V23@00@Z 10021db4     INIReader.obj
 0002:00004dd8       __unwindtable$?Get@INIReader@@QAE?AV?$basic_string@DU?$char_traits@D@std@@V?$allocator@D@2@@std@@V23@00@Z 10021dd8     INIReader.obj
 0002:00004e00       __ehfuncinfo$?MakeKey@INIReader@@CA?AV?$basic_string@DU?$char_traits@D@std@@V?$allocator@D@2@@std@@V23@0@Z 10021e00     INIReader.obj
 0002:00004e24       __unwindtable$?MakeKey@INIReader@@CA?AV?$basic_string@DU?$char_traits@D@std@@V?$allocator@D@2@@std@@V23@0@Z 10021e24     INIReader.obj
 0002:00004e44       __ehfuncinfo$?ValueHandler@INIReader@@CAHPAXPBD11@Z 10021e44     INIReader.obj
 0002:00004e68       __unwindtable$?ValueHandler@INIReader@@CAHPAXPBD11@Z 10021e68     INIReader.obj
 0002:00004e78       __ehfuncinfo$??A?$map@V?$basic_string@DU?$char_traits@D@std@@V?$allocator@D@2@@std@@V12@U?$less@V?$basic_string@DU?$char_traits@D@std@@V?$allocator@D@2@@std@@@2@V?$allocator@U?$pair@$$CBV?$basic_string@DU?$char_traits@D@std@@V?$allocator@D@2@@std@@V12@@std@@@2@@std@@QAEAAV?$basic_string@DU?$char_traits@D@std@@V?$allocator@D@2@@1@ABV21@@Z 10021e78     INIReader.obj
 0002:00004e9c       __unwindtable$??A?$map@V?$basic_string@DU?$char_traits@D@std@@V?$allocator@D@2@@std@@V12@U?$less@V?$basic_string@DU?$char_traits@D@std@@V?$allocator@D@2@@std@@@2@V?$allocator@U?$pair@$$CBV?$basic_string@DU?$char_traits@D@std@@V?$allocator@D@2@@std@@V12@@std@@@2@@std@@QAEAAV?$basic_string@DU?$char_traits@D@std@@V?$allocator@D@2@@1@ABV21@@Z 10021e9c     INIReader.obj
 0002:00004eac       __ehfuncinfo$?OnClickLocation@@YIKPAUGame@@PAUUnitAny@@PAUSkillPacket@@K@Z 10021eac     LPackets.obj
 0002:00004ed0       __unwindtable$?OnClickLocation@@YIKPAUGame@@PAUUnitAny@@PAUSkillPacket@@K@Z 10021ed0     LPackets.obj
 0002:00004ee0       __ehfuncinfo$?EVENTS_SendClanInfo@@YAXPAUClientData@@@Z 10021ee0     LEvents.obj
 0002:00004f04       __unwindtable$?EVENTS_SendClanInfo@@YAXPAUClientData@@@Z 10021f04     LEvents.obj
 0002:00004f24       __ehfuncinfo$?EVENTS_BroadcastClanInfo@@YAXPAUClientData@@@Z 10021f24     LEvents.obj
 0002:00004f48       __unwindtable$?EVENTS_BroadcastClanInfo@@YAXPAUClientData@@@Z 10021f48     LEvents.obj
 0002:00004f68       __ehfuncinfo$?OnDeath@@YGXPAUUnitAny@@0PAUGame@@@Z 10021f68     LEvents.obj
 0002:00004f8c       __unwindtable$?OnDeath@@YGXPAUUnitAny@@0PAUGame@@@Z 10021f8c     LEvents.obj
 0002:00004fb4       __ehfuncinfo$?DoRoundEndStuff@@YAXPAUGame@@PAUUnitAny@@@Z 10021fb4     LEvents.obj
 0002:00004fd8       __unwindtable$?DoRoundEndStuff@@YAXPAUGame@@PAUUnitAny@@@Z 10021fd8     LEvents.obj
 0002:00004ff0       __ehfuncinfo$?ParseItemsCmds@@YA_NPAUUnitAny@@PAD1@Z 10021ff0     LItems.obj
 0002:00005014       __unwindtable$?ParseItemsCmds@@YA_NPAUUnitAny@@PAD1@Z 10022014     LItems.obj
 0002:0000501c       __ehfuncinfo$?ParseMonCmds@@YA_NPAUUnitAny@@PAD1@Z 1002201c     LMonsters.obj
 0002:00005040       __unwindtable$?ParseMonCmds@@YA_NPAUUnitAny@@PAD1@Z 10022040     LMonsters.obj
 0002:00005048       __ehfuncinfo$?QUEST_AllocQuestControl@@YGXPAUGame@@@Z 10022048     LQuests.obj
 0002:0000506c       __unwindtable$?QUEST_AllocQuestControl@@YGXPAUGame@@@Z 1002206c     LQuests.obj
 0002:00005074       __ehfuncinfo$?WE_GenerateNextDC@@YAXXZ 10022074     LWorldEvent.obj
 0002:00005098       __unwindtable$?WE_GenerateNextDC@@YAXXZ 10022098     LWorldEvent.obj
 0002:000050a8       __ehfuncinfo$?WE_UpdateCounter@@YAXH@Z 100220a8     LWorldEvent.obj
 0002:000050cc       __unwindtable$?WE_UpdateCounter@@YAXH@Z 100220cc     LWorldEvent.obj
 0002:000050dc       __ehfuncinfo$?str@?$basic_ostringstream@DU?$char_traits@D@std@@V?$allocator@D@2@@std@@QBE?AV?$basic_string@DU?$char_traits@D@std@@V?$allocator@D@2@@2@XZ 100220dc     LWorldEvent.obj
 0002:00005100       __unwindtable$?str@?$basic_ostringstream@DU?$char_traits@D@std@@V?$allocator@D@2@@std@@QBE?AV?$basic_string@DU?$char_traits@D@std@@V?$allocator@D@2@@2@XZ 10022100     LWorldEvent.obj
 0002:00005108       __ehfuncinfo$?SPECTATOR_OnClickSpecate@@YAKPAUGame@@PAUUnitAny@@1@Z 10022108     LSpectator.obj
 0002:0000512c       __unwindtable$?SPECTATOR_OnClickSpecate@@YAKPAUGame@@PAUUnitAny@@1@Z 1002212c     LSpectator.obj
 0002:00005134       __ehfuncinfo$?GetColorNameByAcc@@YAEV?$basic_string@DU?$char_traits@D@std@@V?$allocator@D@2@@std@@@Z 10022134     Misc.obj
 0002:00005158       __unwindtable$?GetColorNameByAcc@@YAEV?$basic_string@DU?$char_traits@D@std@@V?$allocator@D@2@@std@@@Z 10022158     Misc.obj
 0002:00005160       __ehfuncinfo$?isAnAdmin@@YA_NV?$basic_string@DU?$char_traits@D@std@@V?$allocator@D@2@@std@@@Z 10022160     Misc.obj
 0002:00005184       __unwindtable$?isAnAdmin@@YA_NV?$basic_string@DU?$char_traits@D@std@@V?$allocator@D@2@@std@@@Z 10022184     Misc.obj
 0002:0000519c       __ehfuncinfo$?BroadcastExEvent@@YAXPAUGame@@HHHFFV?$basic_string@DU?$char_traits@D@std@@V?$allocator@D@2@@std@@1@Z 1002219c     Misc.obj
 0002:000051c0       __unwindtable$?BroadcastExEvent@@YAXPAUGame@@HHHFFV?$basic_string@DU?$char_traits@D@std@@V?$allocator@D@2@@std@@1@Z 100221c0     Misc.obj
 0002:000051d0       __ehfuncinfo$?BroadcastExEvent@@YAXPAUGame@@HKHV?$basic_string@DU?$char_traits@D@std@@V?$allocator@D@2@@std@@@Z 100221d0     Misc.obj
 0002:000051f4       __unwindtable$?BroadcastExEvent@@YAXPAUGame@@HKHV?$basic_string@DU?$char_traits@D@std@@V?$allocator@D@2@@std@@@Z 100221f4     Misc.obj
 0002:000051fc       __ehfuncinfo$?SendExEvent@@YAXPAUClientData@@HHHFFV?$basic_string@DU?$char_traits@D@std@@V?$allocator@D@2@@std@@1@Z 100221fc     Misc.obj
 0002:00005220       __unwindtable$?SendExEvent@@YAXPAUClientData@@HHHFFV?$basic_string@DU?$char_traits@D@std@@V?$allocator@D@2@@std@@1@Z 10022220     Misc.obj
 0002:00005230       __ehfuncinfo$?ConvertSkill@@YA?AV?$basic_string@DU?$char_traits@D@std@@V?$allocator@D@2@@std@@G@Z 10022230     Misc.obj
 0002:00005254       __unwindtable$?ConvertSkill@@YA?AV?$basic_string@DU?$char_traits@D@std@@V?$allocator@D@2@@std@@G@Z 10022254     Misc.obj
 0002:00005274       __ehfuncinfo$??$to_lower@V?$basic_string@DU?$char_traits@D@std@@V?$allocator@D@2@@std@@@algorithm@boost@@YAXAAV?$basic_string@DU?$char_traits@D@std@@V?$allocator@D@2@@std@@ABVlocale@3@@Z 10022274     Misc.obj
 0002:00005298       __unwindtable$??$to_lower@V?$basic_string@DU?$char_traits@D@std@@V?$allocator@D@2@@std@@@algorithm@boost@@YAXAAV?$basic_string@DU?$char_traits@D@std@@V?$allocator@D@2@@std@@ABVlocale@3@@Z 10022298     Misc.obj
 0002:000052a8       __ehfuncinfo$??0Warden@@QAE@XZ 100222a8     Warden.obj
 0002:000052d0       __unwindtable$??0Warden@@QAE@XZ 100222d0     Warden.obj
 0002:00005328       __ehfuncinfo$?onJoinGame@Warden@@QAIKPAUPacketData@@@Z 10022328     Warden.obj
 0002:0000534c       __unwindtable$?onJoinGame@Warden@@QAIKPAUPacketData@@@Z 1002234c     Warden.obj
 0002:00005370       __ehfuncinfo$?loadConfig@Warden@@QAEXXZ 10022370     Warden.obj
 0002:00005398       __unwindtable$?loadConfig@Warden@@QAEXXZ 10022398     Warden.obj
 0002:00005510       __ehfuncinfo$??0?$token_iterator@V?$char_separator@DU?$char_traits@D@std@@@boost@@V?$_String_const_iterator@V?$_String_val@U?$_Simple_types@D@std@@@std@@@std@@V?$basic_string@DU?$char_traits@D@std@@V?$allocator@D@2@@4@@boost@@QAE@V?$char_separator@DU?$char_traits@D@std@@@1@V?$_String_const_iterator@V?$_String_val@U?$_Simple_types@D@std@@@std@@@std@@1@Z 10022510     Warden.obj
 0002:00005534       __unwindtable$??0?$token_iterator@V?$char_separator@DU?$char_traits@D@std@@@boost@@V?$_String_const_iterator@V?$_String_val@U?$_Simple_types@D@std@@@std@@@std@@V?$basic_string@DU?$char_traits@D@std@@V?$allocator@D@2@@4@@boost@@QAE@V?$char_separator@DU?$char_traits@D@std@@@1@V?$_String_const_iterator@V?$_String_val@U?$_Simple_types@D@std@@@std@@@std@@1@Z 10022534     Warden.obj
 0002:00005558       __sehtable$___scrt_is_nonwritable_in_current_image 10022558     MSVCRT:utility.obj
 0002:00005578       __sehtable$?dllmain_crt_process_attach@@YAHQAUHINSTANCE__@@QAX@Z 10022578     MSVCRT:dll_dllmain.obj
 0002:00005598       __sehtable$?dllmain_crt_process_detach@@YAH_N@Z 10022598     MSVCRT:dll_dllmain.obj
 0002:000055c0       __sehtable$?dllmain_dispatch@@YAHQAUHINSTANCE__@@KQAX@Z 100225c0     MSVCRT:dll_dllmain.obj
 0002:000056b0       .edata                     100226b0     d2warden.exp
 0002:000056d8       szName                     100226d8     d2warden.exp
 0002:00005a86       .idata$6                   10022a86     kernel32:KERNEL32.dll
 0002:000061ba       .idata$6                   100231ba     msvcprt:MSVCP140.dll
 0002:00006286       .idata$6                   10023286     vcruntime:VCRUNTIME140.dll
 0002:000064d4       .idata$6                   100234d4     ucrt:api-ms-win-crt-runtime-l1-1-0.dll
 0002:000064f6       .idata$6                   100234f6     ucrt:api-ms-win-crt-string-l1-1-0.dll
 0002:00006518       .idata$6                   10023518     ucrt:api-ms-win-crt-convert-l1-1-0.dll
 0002:0000653a       .idata$6                   1002353a     ucrt:api-ms-win-crt-stdio-l1-1-0.dll
 0002:0000655a       .idata$6                   1002355a     ucrt:api-ms-win-crt-utility-l1-1-0.dll
 0002:0000657c       .idata$6                   1002357c     ucrt:api-ms-win-crt-time-l1-1-0.dll
 0002:0000659c       .idata$6                   1002359c     ucrt:api-ms-win-crt-heap-l1-1-0.dll
 0003:00000000       unk1                       10024000     HashGameSeed.obj
 0003:00000100       unk_18C3010                10024100     HashGameSeed.obj
 0003:00000101       unk2                       10024101     HashGameSeed.obj
 0003:00000224       ?File@?1??GetColorNameByAcc@@YAEV?$basic_string@DU?$char_traits@D@std@@V?$allocator@D@2@@std@@@Z@4V23@A 10024224     Misc.obj
 0003:00000470       ?_Fac_head@std@@3PAU_Fac_node@1@A 10024470     msvcprt:locale0_implib.obj
 0003:00000474       ?_Fac_tidy_reg@std@@3U_Fac_tidy_reg_t@1@B 10024474     msvcprt:locale0_implib.obj
 0003:00000478       ?g_tss_cv@@3U_RTL_CONDITION_VARIABLE@@A 10024478     MSVCRT:thread_safe_statics.obj
 0003:0000047c       ?g_tss_event@@3PAXA        1002447c     MSVCRT:thread_safe_statics.obj
 0003:00000480       ?g_tss_mutex@@3U_RTL_CRITICAL_SECTION@@A 10024480     MSVCRT:thread_safe_statics.obj
 0003:00000498       ?g_sleep_condition_variable_cs@@3P6GHPAU_RTL_CONDITION_VARIABLE@@PAU_RTL_CRITICAL_SECTION@@K@ZA 10024498     MSVCRT:thread_safe_statics.obj
 0003:0000049c       ?g_wake_all_condition_variable@@3P6GXPAU_RTL_CONDITION_VARIABLE@@@ZA 1002449c     MSVCRT:thread_safe_statics.obj
 0003:000004a8       ?is_initialized_as_dll@@3_NA 100244a8     MSVCRT:utility.obj
 0003:000004a9       ?module_local_atexit_table_initialized@@3_NA 100244a9     MSVCRT:utility.obj
 0003:000004ac       ?module_local_atexit_table@@3U_onexit_table_t@@A 100244ac     MSVCRT:utility.obj
 0003:000004b8       ?module_local_at_quick_exit_table@@3U_onexit_table_t@@A 100244b8     MSVCRT:utility.obj
 0003:000004c8       _GS_ExceptionRecord        100244c8     MSVCRT:gs_report.obj
 0003:00000518       _GS_ContextRecord          10024518     MSVCRT:gs_report.obj
 0003:000007e4       ?__proc_attached@@3HA      100247e4     MSVCRT:dll_dllmain.obj
 0003:000013f8       ?hSpawnDuriel@?1??UBERQUEST_SpawnMonsters@@YGXPAUGame@@@Z@4UD2POINT@@A 100253f8     LUberQuest.obj
 0003:00001740       ?gQuestInit@@3PAUQuestArray@@A 10025740     LQuests.obj
 0003:00001ac0       ?gQuestIntro@@3PAUQuestIntroArray@@A 10025ac0     LQuests.obj
 0003:00001ae0       ?AttackCount@?1??OnClickUnit@@YIKPAUGame@@PAUUnitAny@@PAUSkillTargetPacket@@K@Z@4HA 10025ae0     LPackets.obj
 0003:00001ae4       ?AttackCount@?1??OnClickLocation@@YIKPAUGame@@PAUUnitAny@@PAUSkillPacket@@K@Z@4HA 10025ae4     LPackets.obj
 0003:00001ae8       ?$TSS0@?1??WE_GenerateNextDC@@YAXXZ@4HA 10025ae8     LWorldEvent.obj
 0003:00001af0       ?rng@?1??WE_GenerateNextDC@@YAXXZ@4V?$mersenne_twister_engine@I$0CA@$0CHA@$0BIN@$0BP@$0JJAILANP@$0L@$0PPPPPPPP@$06$0JNCMFGIA@$0P@$0OPMGAAAA@$0BC@$0GMAHIJGF@@random@boost@@A 10025af0     LWorldEvent.obj
 0003:000024b4       ?$TSS0@?1??GetColorNameByAcc@@YAEV?$basic_string@DU?$char_traits@D@std@@V?$allocator@D@2@@std@@@Z@4HA 100264b4     Misc.obj
 0004:00000060       $R000000                   10027060     * linker generated manifest res *

 Exports

  ordinal    name

