 d2warden

 Timestamp is 674fef7b (Wed Dec  4 02:58:19 2024)

 Preferred load address is 10000000

 Start         Length     Name                   Class
 0001:00000000 00000010H .text$di                CODE
 0001:00000010 0001ad70H .text$mn                CODE
 0001:0001ad80 00000db0H .text$x                 CODE
 0001:0001bb30 00000072H .text$yd                CODE
 0002:00000000 000001f0H .idata$5                DATA
 0002:000001f0 00000004H .00cfg                  DATA
 0002:000001f4 00000004H .CRT$XCA                DATA
 0002:000001f8 00000004H .CRT$XCL                DATA
 0002:000001fc 00000004H .CRT$XCZ                DATA
 0002:00000200 00000004H .CRT$XIA                DATA
 0002:00000204 00000004H .CRT$XIC                DATA
 0002:00000208 00000004H .CRT$XIZ                DATA
 0002:0000020c 00000004H .CRT$XLA                DATA
 0002:00000210 00000004H .CRT$XLZ                DATA
 0002:00000214 00000004H .CRT$XPA                DATA
 0002:00000218 00000004H .CRT$XPZ                DATA
 0002:0000021c 00000004H .CRT$XTA                DATA
 0002:00000220 00000010H .CRT$XTZ                DATA
 0002:00000224 00000000H .gfids$y                DATA
 0002:00000230 00004110H .rdata                  DATA
 0002:00004340 00000000H .rdata$CastGuardVftablesA DATA
 0002:00004340 00000000H .rdata$CastGuardVftablesC DATA
 0002:00004340 00000018H .rdata$T                DATA
 0002:00004358 000003a8H .rdata$r                DATA
 0002:00004700 000000a0H .rdata$sxdata           DATA
 0002:000047a0 00000028H .rdata$voltmd           DATA
 0002:000047c8 000003c0H .rdata$zzzdbg           DATA
 0002:00004b88 00000004H .rtc$IAA                DATA
 0002:00004b8c 00000004H .rtc$IZZ                DATA
 0002:00004b90 00000004H .rtc$TAA                DATA
 0002:00004b94 00000004H .rtc$TZZ                DATA
 0002:00004b98 00000004H .tls                    DATA
 0002:00004b9c 00000004H .tls$                   DATA
 0002:00004ba0 00000008H .tls$ZZZ                DATA
 0002:00004ba8 00000bf8H .xdata$x                DATA
 0002:000057a0 00000038H .edata                  DATA
 0002:000057d8 000000c8H .idata$2                DATA
 0002:000058a0 00000014H .idata$3                DATA
 0002:000058b4 000001f0H .idata$4                DATA
 0002:00005aa4 00000e02H .idata$6                DATA
 0003:00000000 00000244H .data                   DATA
 0003:00000244 0000007cH .data$r                 DATA
 0003:000002c0 000001b0H .data$rs                DATA
 0003:00000470 0000204cH .bss                    DATA
 0004:00000000 00000060H .rsrc$01                DATA
 0004:00000060 00000180H .rsrc$02                DATA

  Address         Publics by Value              Rva+Base       Lib:Object

 0000:00000000       ___guard_eh_cont_count     00000000     <absolute>
 0000:00000000       ___arm64x_extra_rfe_table  00000000     <absolute>
 0000:00000000       ___guard_longjmp_table     00000000     <absolute>
 0000:00000000       ___arm64x_native_entrypoint 00000000     <absolute>
 0000:00000000       ___hybrid_code_map_count   00000000     <absolute>
 0000:00000000       ___guard_fids_count        00000000     <absolute>
 0000:00000000       ___x64_code_ranges_to_entry_points 00000000     <absolute>
 0000:00000000       ___guard_eh_cont_table     00000000     <absolute>
 0000:00000000       ___guard_iat_count         00000000     <absolute>
 0000:00000000       ___x64_code_ranges_to_entry_points_count 00000000     <absolute>
 0000:00000000       ___hybrid_code_map         00000000     <absolute>
 0000:00000000       ___arm64x_extra_rfe_table_size 00000000     <absolute>
 0000:00000000       ___hybrid_auxiliary_iat_copy 00000000     <absolute>
 0000:00000000       ___guard_iat_table         00000000     <absolute>
 0000:00000000       ___guard_longjmp_count     00000000     <absolute>
 0000:00000000       ___hybrid_auxiliary_iat    00000000     <absolute>
 0000:00000000       ___dynamic_value_reloc_table 00000000     <absolute>
 0000:00000000       ___guard_check_icall_a64n_fptr 00000000     <absolute>
 0000:00000000       ___arm64x_redirection_metadata_count 00000000     <absolute>
 0000:00000000       ___AbsoluteZero            00000000     <absolute>
 0000:00000000       ___enclave_config          00000000     <absolute>
 0000:00000000       ___guard_fids_table        00000000     <absolute>
 0000:00000000       ___arm64x_redirection_metadata 00000000     <absolute>
 0000:00000028       ___safe_se_handler_count   00000028     <absolute>
 0000:0000002c       __tls_array                0000002c     <absolute>
 0000:00000100       ___guard_flags             00000100     <absolute>
 0000:00000000       ___ImageBase               10000000     <linker-defined>
 0001:00000010       ?LEVELS_GetActByLevel@@YIEPAULevel@@@Z 10001010 f   D2Handlers.obj
 0001:00000070       ?LEVELS_GetActByRoom2@@YIEHPAURoom2@@@Z 10001070 f   D2Handlers.obj
 0001:000000f0       ?LEVELS_GetActByLevelNo@@YGKK@Z 100010f0 f   D2Handlers.obj
 0001:00000120       ?D2GAME_IsUnitDead@@YIHPAUUnitAny@@@Z 10001120 f   D2Handlers.obj
 0001:00000170       ?OnLastHit@@YGXPAUUnitAny@@0PAUDamage@@@Z 10001170 f   D2Handlers.obj
 0001:00000720       ??_D?$basic_ostringstream@DU?$char_traits@D@std@@V?$allocator@D@2@@std@@QAEXXZ 10001720 f i D2Handlers.obj
 0001:00000760       ?DAMAGE_FireEnchanted@@YIXPAUGame@@PAUUnitAny@@HH@Z 10001760 f   D2Handlers.obj
 0001:00000770       ?isPermStore@@YGHPAUGame@@PAUUnitAny@@1@Z 10001770 f   D2Handlers.obj
 0001:000009d0       ?OnMonsterDeath@@YIXPAUUnitAny@@0PAUGame@@@Z 100019d0 f   D2Handlers.obj
 0001:000009d0       ?D2GAME_SendKillsNULL_STUB@D2Stubs@@YIXXZ 100019d0 f   D2Stubs.obj
 0001:000009e0       ?OnNPCHeal@@YIXPAUUnitAny@@@Z 100019e0 f   D2Handlers.obj
 0001:00000ad0       ?OnD2ExPacket@@YIKPAUGame@@PAUUnitAny@@PAEK@Z 10001ad0 f   D2Handlers.obj
 0001:00000b10       ?OnActLoad@@YGPAUAct@@KKKPAUGame@@KPAUD2PoolManager@@KKK@Z 10001b10 f   D2Handlers.obj
 0001:00000cb0       ?OnGameEnter@@YIHPAUClientData@@PAUGame@@PAUUnitAny@@@Z 10001cb0 f   D2Handlers.obj
 0001:00000cc0       ?ReparseChat@@YIHPAUGame@@PAUUnitAny@@PAEH@Z 10001cc0 f   D2Handlers.obj
 0001:00000f50       ?TestEvent@@YIXPAUGame@@PAUUnitAny@@HPAX2@Z 10001f50 f   D2Handlers.obj
 0001:00000f70       ?OnChat@@YIHPAUUnitAny@@PAE@Z 10001f70 f   D2Handlers.obj
 0001:00003090       ??1?$map@KPAUUnitAny@@U?$less@K@std@@V?$allocator@U?$pair@$$CBKPAUUnitAny@@@std@@@3@@std@@QAE@XZ 10004090 f i D2Handlers.obj
 0001:000030d0       ??A?$map@KPAUUnitAny@@U?$less@K@std@@V?$allocator@U?$pair@$$CBKPAUUnitAny@@@std@@@3@@std@@QAEAAPAUUnitAny@@ABK@Z 100040d0 f i D2Handlers.obj
 0001:000031b0       ?seekpos@?$basic_stringbuf@DU?$char_traits@D@std@@V?$allocator@D@2@@std@@MAE?AV?$fpos@U_Mbstatet@@@2@V32@H@Z 100041b0 f i D2Handlers.obj
 0001:000032c0       ?seekoff@?$basic_stringbuf@DU?$char_traits@D@std@@V?$allocator@D@2@@std@@MAE?AV?$fpos@U_Mbstatet@@@2@_JHH@Z 100042c0 f i D2Handlers.obj
 0001:00003450       ?underflow@?$basic_stringbuf@DU?$char_traits@D@std@@V?$allocator@D@2@@std@@MAEHXZ 10004450 f i D2Handlers.obj
 0001:000034b0       ?pbackfail@?$basic_stringbuf@DU?$char_traits@D@std@@V?$allocator@D@2@@std@@MAEHH@Z 100044b0 f i D2Handlers.obj
 0001:00003500       ?overflow@?$basic_stringbuf@DU?$char_traits@D@std@@V?$allocator@D@2@@std@@MAEHH@Z 10004500 f i D2Handlers.obj
 0001:00003650       ??1?$basic_stringbuf@DU?$char_traits@D@std@@V?$allocator@D@2@@std@@UAE@XZ 10004650 f i D2Handlers.obj
 0001:00003700       ?str@?$basic_ostringstream@DU?$char_traits@D@std@@V?$allocator@D@2@@std@@QBE?AV?$basic_string@DU?$char_traits@D@std@@V?$allocator@D@2@@2@XZ 10004700 f i D2Handlers.obj
 0001:000037e0       ??0?$basic_ostringstream@DU?$char_traits@D@std@@V?$allocator@D@2@@std@@QAE@XZ 100047e0 f i D2Handlers.obj
 0001:000038a0       ??_G?$basic_stringbuf@DU?$char_traits@D@std@@V?$allocator@D@2@@std@@UAEPAXI@Z 100048a0 f i D2Handlers.obj
 0001:000038a0       ??_E?$basic_stringbuf@DU?$char_traits@D@std@@V?$allocator@D@2@@std@@UAEPAXI@Z 100048a0 f i * CIL library *:* CIL module *
 0001:000038c0       ??_E?$basic_ostringstream@DU?$char_traits@D@std@@V?$allocator@D@2@@std@@UAEPAXI@Z 100048c0 f i * CIL library *:* CIL module *
 0001:000038c0       ??_G?$basic_ostringstream@DU?$char_traits@D@std@@V?$allocator@D@2@@std@@UAEPAXI@Z 100048c0 f i D2Handlers.obj
 0001:00003920       ?_Insert_node@?$_Tree_val@U?$_Tree_simple_types@U?$pair@$$CBV?$basic_string@DU?$char_traits@D@std@@V?$allocator@D@2@@std@@V12@@std@@@std@@@std@@QAEPAU?$_Tree_node@U?$pair@$$CBV?$basic_string@DU?$char_traits@D@std@@V?$allocator@D@2@@std@@V12@@std@@PAX@2@U?$_Tree_id@PAU?$_Tree_node@U?$pair@$$CBV?$basic_string@DU?$char_traits@D@std@@V?$allocator@D@2@@std@@V12@@std@@PAX@std@@@2@QAU32@@Z 10004920 f i INIReader.obj
 0001:00003920       ?_Insert_node@?$_Tree_val@U?$_Tree_simple_types@U?$pair@$$CBKPAUUnitAny@@@std@@@std@@@std@@QAEPAU?$_Tree_node@U?$pair@$$CBKPAUUnitAny@@@std@@PAX@2@U?$_Tree_id@PAU?$_Tree_node@U?$pair@$$CBKPAUUnitAny@@@std@@PAX@std@@@2@QAU32@@Z 10004920 f i D2Handlers.obj
 0001:00003b30       ??1?$_Alloc_construct_ptr@V?$allocator@U?$_Tree_node@U?$pair@$$CBKPAUUnitAny@@@std@@PAX@std@@@std@@@std@@QAE@XZ 10004b30 f i D2Handlers.obj
 0001:00003b50       ??$_Erase_tree@V?$allocator@U?$_Tree_node@U?$pair@$$CBKPAUUnitAny@@@std@@PAX@std@@@std@@@?$_Tree_val@U?$_Tree_simple_types@U?$pair@$$CBKPAUUnitAny@@@std@@@std@@@std@@QAEXAAV?$allocator@U?$_Tree_node@U?$pair@$$CBKPAUUnitAny@@@std@@PAX@std@@@1@PAU?$_Tree_node@U?$pair@$$CBKPAUUnitAny@@@std@@PAX@1@@Z 10004b50 f i D2Handlers.obj
 0001:00003b89       ??_E?$basic_ostringstream@DU?$char_traits@D@std@@V?$allocator@D@2@@std@@$4PPPPPPPM@A@AEPAXI@Z 10004b89 f i D2Handlers.obj
 0001:00003ba0       ?_Throw_tree_length_error@std@@YAXXZ 10004ba0 f i D2Handlers.obj
 0001:00003bb0       ___local_stdio_printf_options 10004bb0 f i D2Handlers.obj
 0001:00003bc0       __vsnprintf_s_l            10004bc0 f i D2Handlers.obj
 0001:00003c00       __snprintf_s               10004c00 f i D2Handlers.obj
 0001:00003c30       ?getInstance@Warden@@SAAAV1@XZ 10004c30 f i D2Handlers.obj
 0001:00003ce0       ??$?6U?$char_traits@D@std@@@std@@YAAAV?$basic_ostream@DU?$char_traits@D@std@@@0@AAV10@D@Z 10004ce0 f i D2Handlers.obj
 0001:00003f00       ??1_Sentry_base@?$basic_ostream@DU?$char_traits@D@std@@@std@@QAE@XZ 10004f00 f i D2Handlers.obj
 0001:00003f50       ??1sentry@?$basic_ostream@DU?$char_traits@D@std@@@std@@QAE@XZ 10004f50 f i D2Handlers.obj
 0001:00003fc0       ?_Xlen_string@std@@YAXXZ   10004fc0 f i D2Handlers.obj
 0001:00003fd0       ??0bad_array_new_length@std@@QAE@XZ 10004fd0 f i D2Handlers.obj
 0001:00003ff0       ??1bad_alloc@std@@UAE@XZ   10004ff0 f i D2Handlers.obj
 0001:00003ff0       ??1bad_cast@std@@UAE@XZ    10004ff0 f i Misc.obj
 0001:00003ff0       ??1bad_array_new_length@std@@UAE@XZ 10004ff0 f i D2Handlers.obj
 0001:00004010       ??_Ebad_alloc@std@@UAEPAXI@Z 10005010 f i * CIL library *:* CIL module *
 0001:00004010       ??_Gexception@std@@UAEPAXI@Z 10005010 f i D2Handlers.obj
 0001:00004010       ??_Gbad_alloc@std@@UAEPAXI@Z 10005010 f i D2Handlers.obj
 0001:00004010       ??_Ebad_array_new_length@std@@UAEPAXI@Z 10005010 f i * CIL library *:* CIL module *
 0001:00004010       ??_Eexception@std@@UAEPAXI@Z 10005010 f i * CIL library *:* CIL module *
 0001:00004010       ??_Gbad_array_new_length@std@@UAEPAXI@Z 10005010 f i D2Handlers.obj
 0001:00004010       ??_Gbad_cast@std@@UAEPAXI@Z 10005010 f i Misc.obj
 0001:00004010       ??_Ebad_cast@std@@UAEPAXI@Z 10005010 f i * CIL library *:* CIL module *
 0001:00004040       ??0bad_array_new_length@std@@QAE@ABV01@@Z 10005040 f i D2Handlers.obj
 0001:00004080       ??0bad_alloc@std@@QAE@ABV01@@Z 10005080 f i D2Handlers.obj
 0001:000040c0       ?_Throw_bad_array_new_length@std@@YAXXZ 100050c0 f i D2Handlers.obj
 0001:000040e0       ?allocate@?$allocator@D@std@@QAEPADI@Z 100050e0 f i D2Handlers.obj
 0001:00004130       ?assign@?$basic_string@DU?$char_traits@D@std@@V?$allocator@D@2@@std@@QAEAAV12@QBDI@Z 10005130 f i D2Handlers.obj
 0001:00004270       ??0?$basic_string@DU?$char_traits@D@std@@V?$allocator@D@2@@std@@QAE@QBD@Z 10005270 f i D2Handlers.obj
 0001:000042b0       ?deallocate@?$allocator@D@std@@QAEXQADI@Z 100052b0 f i D2Handlers.obj
 0001:000042f0       ??1?$basic_string@DU?$char_traits@D@std@@V?$allocator@D@2@@std@@QAE@XZ 100052f0 f i D2Handlers.obj
 0001:00004340       ?what@exception@std@@UBEPBDXZ 10005340 f i D2Handlers.obj
 0001:00004350       ??0exception@std@@QAE@ABV01@@Z 10005350 f i D2Handlers.obj
 0001:00004380       ??$?6U?$char_traits@D@std@@@std@@YAAAV?$basic_ostream@DU?$char_traits@D@std@@@0@AAV10@PBD@Z 10005380 f i D2Handlers.obj
 0001:000045c0       ?patchD2@Warden@@AAEXXZ    100055c0 f   D2Patches.obj
 0001:00007cb0       ?Get@INIReader@@QAE?AV?$basic_string@DU?$char_traits@D@std@@V?$allocator@D@2@@std@@V23@00@Z 10008cb0 f   INIReader.obj
 0001:00007e90       ?MakeKey@INIReader@@CA?AV?$basic_string@DU?$char_traits@D@std@@V?$allocator@D@2@@std@@V23@0@Z 10008e90 f   INIReader.obj
 0001:00008190       ?ValueHandler@INIReader@@CAHPAXPBD11@Z 10009190 f   INIReader.obj
 0001:00008370       ??A?$map@V?$basic_string@DU?$char_traits@D@std@@V?$allocator@D@2@@std@@V12@U?$less@V?$basic_string@DU?$char_traits@D@std@@V?$allocator@D@2@@std@@@2@V?$allocator@U?$pair@$$CBV?$basic_string@DU?$char_traits@D@std@@V?$allocator@D@2@@std@@V12@@std@@@2@@std@@QAEAAV?$basic_string@DU?$char_traits@D@std@@V?$allocator@D@2@@1@ABV21@@Z 10009370 f i INIReader.obj
 0001:00008460       ??0?$basic_string@DU?$char_traits@D@std@@V?$allocator@D@2@@std@@QAE@ABV01@@Z 10009460 f i INIReader.obj
 0001:00008520       ??$_Find_lower_bound@V?$basic_string@DU?$char_traits@D@std@@V?$allocator@D@2@@std@@@?$_Tree@V?$_Tmap_traits@V?$basic_string@DU?$char_traits@D@std@@V?$allocator@D@2@@std@@V12@U?$less@V?$basic_string@DU?$char_traits@D@std@@V?$allocator@D@2@@std@@@2@V?$allocator@U?$pair@$$CBV?$basic_string@DU?$char_traits@D@std@@V?$allocator@D@2@@std@@V12@@std@@@2@$0A@@std@@@std@@IBE?AU?$_Tree_find_result@PAU?$_Tree_node@U?$pair@$$CBV?$basic_string@DU?$char_traits@D@std@@V?$allocator@D@2@@std@@V12@@std@@PAX@std@@@1@ABV?$basic_string@DU?$char_traits@D@std@@V?$allocator@D@2@@1@@Z 10009520 f i INIReader.obj
 0001:00008610       ??$_Reallocate_grow_by@V<lambda_ab246b20b9526e2ef7792587e4298a77>@@PBDI@?$basic_string@DU?$char_traits@D@std@@V?$allocator@D@2@@std@@AAEAAV01@IV<lambda_ab246b20b9526e2ef7792587e4298a77>@@PBDI@Z 10009610 f i INIReader.obj
 0001:00008780       ??R?$less@V?$basic_string@DU?$char_traits@D@std@@V?$allocator@D@2@@std@@@std@@QBE_NABV?$basic_string@DU?$char_traits@D@std@@V?$allocator@D@2@@1@0@Z 10009780 f i INIReader.obj
 0001:00008820       ??1?$_Tree_temp_node_alloc@V?$allocator@U?$_Tree_node@U?$pair@$$CBV?$basic_string@DU?$char_traits@D@std@@V?$allocator@D@2@@std@@V12@@std@@PAX@std@@@std@@@std@@QAE@XZ 10009820 f i INIReader.obj
 0001:00008820       ??1?$_Alloc_construct_ptr@V?$allocator@U?$_Tree_node@U?$pair@$$CBV?$basic_string@DU?$char_traits@D@std@@V?$allocator@D@2@@std@@V12@@std@@PAX@std@@@std@@@std@@QAE@XZ 10009820 f i INIReader.obj
 0001:00008840       ??$_Erase_tree@V?$allocator@U?$_Tree_node@U?$pair@$$CBV?$basic_string@DU?$char_traits@D@std@@V?$allocator@D@2@@std@@V12@@std@@PAX@std@@@std@@@?$_Tree_val@U?$_Tree_simple_types@U?$pair@$$CBV?$basic_string@DU?$char_traits@D@std@@V?$allocator@D@2@@std@@V12@@std@@@std@@@std@@QAEXAAV?$allocator@U?$_Tree_node@U?$pair@$$CBV?$basic_string@DU?$char_traits@D@std@@V?$allocator@D@2@@std@@V12@@std@@PAX@std@@@1@PAU?$_Tree_node@U?$pair@$$CBV?$basic_string@DU?$char_traits@D@std@@V?$allocator@D@2@@std@@V12@@std@@PAX@1@@Z 10009840 f i INIReader.obj
 0001:00008890       ??$_Traits_equal@U?$char_traits@D@std@@@std@@YA_NQBDI0I@Z 10009890 f i INIReader.obj
 0001:00008900       ??1?$pair@$$CBV?$basic_string@DU?$char_traits@D@std@@V?$allocator@D@2@@std@@V12@@std@@QAE@XZ 10009900 f i INIReader.obj
 0001:00008900       ??1?$char_separator@DU?$char_traits@D@std@@@boost@@QAE@XZ 10009900 f i Warden.obj
 0001:00008a50       _ini_parse_stream          10009a50 f   ini.obj
 0001:00008cb0       ?DAMAGE_ApplyResistPenalty@@YGHPAUAttack@@PAUResRecord@@@Z 10009cb0 f   LDamage.obj
 0001:00008e10       ?DAMAGE_AppylResistPenalty_STUB@@YAXXZ 10009e10 f   LDamage.obj
 0001:00008e20       ?OnCreatePacketReceive@@YGXPAUPacketData@@@Z 10009e20 f   LPackets.obj
 0001:00008f20       ?OnDebugPacketReceive@@YGXPAUPacketData@@@Z 10009f20 f   LPackets.obj
 0001:00009190       ?OnPacketReceive@@YGHPAEPAUUnitAny@@PAUGame@@H@Z 1000a190 f   LPackets.obj
 0001:00009c00       ?OnClickUnit@@YIKPAUGame@@PAUUnitAny@@PAUSkillTargetPacket@@K@Z 1000ac00 f   LPackets.obj
 0001:00009e50       ?OnClickLocation@@YIKPAUGame@@PAUUnitAny@@PAUSkillPacket@@K@Z 1000ae50 f   LPackets.obj
 0001:0000a360       ?OnRunToLocation@@YIKPAUGame@@PAUUnitAny@@PAUSkillPacket@@K@Z 1000b360 f   LPackets.obj
 0001:0000a580       ?OnResurrect@@YIKPAUGame@@PAUUnitAny@@PAEK@Z 1000b580 f   LPackets.obj
 0001:0000a770       _sprintf_s                 1000b770 f i LPackets.obj
 0001:0000a7b0       ?OnPartyRelationChange@@YIKPAUGame@@PAUUnitAny@@PAEH@Z 1000b7b0 f   LParty.obj
 0001:0000a8a0       ?UBERQUEST_SpawnMonsters@@YGXPAUGame@@@Z 1000b8a0 f   LUberQuest.obj
 0001:0000acf0       ?NODES_CrashDump@D2Stubs@@YAXPAUUnitNode@@PAUUnitAny@@@Z 1000bcf0 f   D2Stubs.obj
 0001:0000b140       ?D2GAME_TestCrash_STUB@D2Stubs@@YAXXZ 1000c140 f   D2Stubs.obj
 0001:0000b150       ?UBERQUEST_SpawnMonsters_STUB@D2Stubs@@YAXXZ 1000c150 f   D2Stubs.obj
 0001:0000b160       ?GetActByLevelNo_STUB1@D2Stubs@@YIEK@Z 1000c160 f   D2Stubs.obj
 0001:0000b180       ?GetActByLevelNo_STUB2@D2Stubs@@YIEK@Z 1000c180 f   D2Stubs.obj
 0001:0000b1a0       ?OnDebugPacketReceive_STUB@D2Stubs@@YIXXZ 1000c1a0 f   D2Stubs.obj
 0001:0000b1b0       ?D2GAME_IsUnitDead_STUB@D2Stubs@@YIXXZ 1000c1b0 f   D2Stubs.obj
 0001:0000b1d0       ?D2GAME_OnPacketReceive_STUB@D2Stubs@@YGXXZ 1000c1d0 f   D2Stubs.obj
 0001:0000b1e0       ?D2GAME_OnCreateDamage_STUB@D2Stubs@@YIXXZ 1000c1e0 f   D2Stubs.obj
 0001:0000b200       ?D2GAME_LastHitIntercept_STUB@D2Stubs@@YIXXZ 1000c200 f   D2Stubs.obj
 0001:0000b210       ?D2GAME_OnMonsterDeath_STUB@D2Stubs@@YIXXZ 1000c210 f   D2Stubs.obj
 0001:0000b230       ?D2GAME_AssignNode_STUB@D2Stubs@@YGXH@Z 1000c230 f   D2Stubs.obj
 0001:0000b250       ?D2GAME_FreeNode_STUB@D2Stubs@@YIXPAUGame@@PAUUnitAny@@@Z 1000c250 f   D2Stubs.obj
 0001:0000b260       ?D2GAME_FreeNodes_STUB@D2Stubs@@YIXPAUGame@@@Z 1000c260 f   D2Stubs.obj
 0001:0000b270       ?D2GAME_FreeChildNode_STUB@D2Stubs@@YIXPAUGame@@PAUUnitAny@@@Z 1000c270 f   D2Stubs.obj
 0001:0000b280       ?D2GAME_SetUnitsNode_STUB@D2Stubs@@YGXPAUUnitAny@@PAUUnitNode@@@Z 1000c280 f   D2Stubs.obj
 0001:0000b2a0       ?D2GAME_SetNodeParented_STUB@D2Stubs@@YGXPAUUnitNode@@@Z 1000c2a0 f   D2Stubs.obj
 0001:0000b2c0       ?D2GAME_PermStore_STUB@D2Stubs@@YIHXZ 1000c2c0 f   D2Stubs.obj
 0001:0000b2d0       ?D2GAME_GameEnter_STUB@D2Stubs@@YIXXZ 1000c2d0 f   D2Stubs.obj
 0001:0000b2f0       ?D2GAME_OnEventSend_STUB@D2Stubs@@YIXXZ 1000c2f0 f   D2Stubs.obj
 0001:0000b300       ?D2GAME_GameDestroy_STUB@D2Stubs@@YIXXZ 1000c300 f   D2Stubs.obj
 0001:0000b310       ?D2GAME_NPCHeal_STUB@D2Stubs@@YIXXZ 1000c310 f   D2Stubs.obj
 0001:0000b330       ?D2GAME_Chat_STUB@D2Stubs@@YIXXZ 1000c330 f   D2Stubs.obj
 0001:0000b370       ?D2GAME_DeathMsg_STUB@D2Stubs@@YIXPAUUnitAny@@PAXPAUGame@@@Z 1000c370 f   D2Stubs.obj
 0001:0000b380       ?D2GAME_SendStatToOther_STUB@D2Stubs@@YIHXZ 1000c380 f   D2Stubs.obj
 0001:0000b3e0       ?D2GAME_FindUnit_STUB@D2Stubs@@YIPAUUnitAny@@XZ 1000c3e0 f   D2Stubs.obj
 0001:0000b3f0       ?D2GAME_UpdateRoomUnits@D2ASMFuncs@@YGXPAUGame@@@Z 1000c3f0 f   D2Stubs.obj
 0001:0000b400       ?D2GAME_RemovePets@D2ASMFuncs@@YIXPAUGame@@PAUUnitAny@@@Z 1000c400 f   D2Stubs.obj
 0001:0000b410       ?D2GAME_BroadcastLeavingEvent@D2ASMFuncs@@YGXPAUClientData@@PAUGame@@E@Z 1000c410 f   D2Stubs.obj
 0001:0000b430       ?D2GAME_StopSequence@D2ASMFuncs@@YIXPAUUnitAny@@@Z 1000c430 f   D2Stubs.obj
 0001:0000b440       ?D2GAME_RemoveBuffs@D2ASMFuncs@@YIXPAUGame@@PAUUnitAny@@@Z 1000c440 f   D2Stubs.obj
 0001:0000b450       ?D2GAME_ResetTimers@D2ASMFuncs@@YIXPAUGame@@PAUUnitAny@@@Z 1000c450 f   D2Stubs.obj
 0001:0000b460       ?D2GAME_DeleteTimers@D2ASMFuncs@@YIXPAUGame@@PAUUnitAny@@@Z 1000c460 f   D2Stubs.obj
 0001:0000b470       ?D2GAME_RemoveInteraction@D2ASMFuncs@@YIXPAUGame@@PAUUnitAny@@@Z 1000c470 f   D2Stubs.obj
 0001:0000b480       ?D2GAME_CastSkill@D2ASMFuncs@@YIXPAUUnitAny@@PAUSkill@@PAUGame@@HH@Z 1000c480 f   D2Stubs.obj
 0001:0000b490       ?D2GAME_CastSkillOnUnit@D2ASMFuncs@@YIHPAUUnitAny@@PAUSkill@@PAUGame@@KKH@Z 1000c490 f   D2Stubs.obj
 0001:0000b4a0       ?D2GAME_UpdateBonuses@D2ASMFuncs@@YGXPAUUnitAny@@@Z 1000c4a0 f   D2Stubs.obj
 0001:0000b4b0       ?D2GAME_LevelAwards@D2ASMFuncs@@YIXPAUUnitAny@@PAUGame@@@Z 1000c4b0 f   D2Stubs.obj
 0001:0000b4c0       ?D2GAME_GetExpGained@D2ASMFuncs@@YGHHPAUUnitAny@@HPAUGame@@H@Z 1000c4c0 f   D2Stubs.obj
 0001:0000b4f0       ?D2GAME_ForEachInParty@D2ASMFuncs@@YIXPAUUnitAny@@PAUGame@@P6IX10PAX@Z2@Z 1000c4f0 f   D2Stubs.obj
 0001:0000b510       ?D2GAME_DupeItem@D2ASMFuncs@@YIPAUUnitAny@@PAUGame@@PAU2@H@Z 1000c510 f   D2Stubs.obj
 0001:0000b520       ?D2GAME_DropItem@D2ASMFuncs@@YIXPAUUnitAny@@PAURoom1@@PAUGame@@0HH@Z 1000c520 f   D2Stubs.obj
 0001:0000b540       ?D2GAME_FindFreeCoords@D2ASMFuncs@@YIPAURoom1@@PAUD2POINT@@PAU2@0H@Z 1000c540 f   D2Stubs.obj
 0001:0000b560       ?D2GAME_isUnitInRange@D2ASMFuncs@@YIHPAUGame@@KKPAUUnitAny@@H@Z 1000c560 f   D2Stubs.obj
 0001:0000b580       ?D2GAME_GetPartyID@D2ASMFuncs@@YIFPAUUnitAny@@@Z 1000c580 f   D2Stubs.obj
 0001:0000b590       ?D2COMMON_GetUnitX@D2ASMFuncs@@YGHPAUPath@@@Z 1000c590 f   D2Stubs.obj
 0001:0000b5b0       ?D2COMMON_GetUnitY@D2ASMFuncs@@YGHPAUPath@@@Z 1000c5b0 f   D2Stubs.obj
 0001:0000b5d0       ?D2GAME_MoveUnitToLevelId@D2ASMFuncs@@YIXPAUUnitAny@@HPAUGame@@@Z 1000c5d0 f   D2Stubs.obj
 0001:0000b5f0       ?D2GAME_TeleportUnit@D2ASMFuncs@@YIHHHPAURoom1@@PAUGame@@PAUUnitAny@@@Z 1000c5f0 f   D2Stubs.obj
 0001:0000b610       ?D2GAME_FindUnit@D2ASMFuncs@@YGPAUUnitAny@@PAUGame@@KE@Z 1000c610 f   D2Stubs.obj
 0001:0000b6d0       ?D2GAME_SendPacket@D2ASMFuncs@@YIKPAUClientData@@PAEH@Z 1000c6d0 f   D2Stubs.obj
 0001:0000b6f0       ?EVENTS_SendClanInfo@@YAXPAUClientData@@@Z 1000c6f0 f   LEvents.obj
 0001:0000b970       ?EVENTS_BroadcastClanInfo@@YAXPAUClientData@@@Z 1000c970 f   LEvents.obj
 0001:0000bb70       ?EVENTS_OnGameJoin@@YAXPAUGame@@PAUClientData@@@Z 1000cb70 f   LEvents.obj
 0001:0000c0e0       ?OnDeath@@YGXPAUUnitAny@@0PAUGame@@@Z 1000d0e0 f   LEvents.obj
 0001:0000c6c0       ?OnCreateCorpse@@YGXPAUGame@@PAUUnitAny@@HHPAURoom1@@@Z 1000d6c0 f   LEvents.obj
 0001:0000c730       ?OnBroadcastEvent@@YGXPAUGame@@PAUEventPacket@@@Z 1000d730 f   LEvents.obj
 0001:0000c9c0       ?DoRoundEndStuff@@YAXPAUGame@@PAUUnitAny@@@Z 1000d9c0 f   LEvents.obj
 0001:0000cd80       ?substr@?$basic_string@DU?$char_traits@D@std@@V?$allocator@D@2@@std@@QBE?AV12@II@Z 1000dd80 f i LEvents.obj
 0001:0000cdd0       ?ITEMS_AddKillerId@@YIPAUUnitAny@@PAUGame@@PAUPresetItem@@H@Z 1000ddd0 f   LItems.obj
 0001:0000ce40       ?ParseItemsCmds@@YA_NPAUUnitAny@@PAD1@Z 1000de40 f   LItems.obj
 0001:0000da20       ?CreateFFAItems@@YAXPAUUnitAny@@@Z 1000ea20 f   LItems.obj
 0001:0000e7a0       ?OnMonsterSpawn@@YIPAUUnitAny@@PAUPresetMonster@@@Z 1000f7a0 f   LMonsters.obj
 0001:0000e7b0       ?ParseMonCmds@@YA_NPAUUnitAny@@PAD1@Z 1000f7b0 f   LMonsters.obj
 0001:0000ec80       ?GetDyeRealCol@@YAHH@Z     1000fc80 f   LQuests.obj
 0001:0000ed30       ?DYES_DrawItem@@YGPAEPAUUnitAny@@0PAEH@Z 1000fd30 f   LQuests.obj
 0001:0000edb0       ?DYES_Prepare@@YIHPAUGame@@PAUUnitAny@@11HHH@Z 1000fdb0 f   LQuests.obj
 0001:0000ee00       ?DYES_Colorize@@YIHPAUGame@@PAUUnitAny@@11HHH@Z 1000fe00 f   LQuests.obj
 0001:0000f030       ?QUESTS_OpenPortal@@YGHPAUGame@@PAUUnitAny@@K@Z 10010030 f   LQuests.obj
 0001:0000f1e0       ?QUEST_AllocQuestControl@@YGXPAUGame@@@Z 100101e0 f   LQuests.obj
 0001:0000f480       ?OnCreateDamage@@YGXPAUUnitAny@@PAUDamage@@0@Z 10010480 f   LRoster.obj
 0001:0000f4b0       ?COMBAT_Free@@YAXPAUGame@@PAUUnitAny@@@Z 100104b0 f   LRoster.obj
 0001:0000f510       ?OnGameDestroy@@YIXPAUGame@@@Z 10010510 f   LRoster.obj
 0001:0000f5d0       ?SyncClient@LRoster@@YAXPAUGame@@KPAULRosterData@@@Z 100105d0 f   LRoster.obj
 0001:0000f6a0       ?Find@LRoster@@YAPAULRosterData@@PAUGame@@PAD@Z 100106a0 f   LRoster.obj
 0001:0000f6e0       ?UpdateRoster@LRoster@@YAXPAUGame@@PADE@Z 100106e0 f   LRoster.obj
 0001:0000f7b0       ?WE_isKey@@YA_NPAUUnitAny@@@Z 100107b0 f   LWorldEvent.obj
 0001:0000fa40       ?WE_GenerateNextDC@@YAXXZ  10010a40 f   LWorldEvent.obj
 0001:0000fc50       ?WE_Spawn@@YIHPAUGame@@PAUUnitAny@@11HHH@Z 10010c50 f   LWorldEvent.obj
 0001:0000fdc0       ?WE_UpdateCounter@@YAXH@Z  10010dc0 f   LWorldEvent.obj
 0001:0000ff10       ?WE_Inform@@YAXPAUGame@@@Z 10010f10 f   LWorldEvent.obj
 0001:0000ff80       ??R?$variate_generator@AAV?$mersenne_twister_engine@I$0CA@$0CHA@$0BIN@$0BP@$0JJAILANP@$0L@$0PPPPPPPP@$06$0JNCMFGIA@$0P@$0OPMGAAAA@$0BC@$0GMAHIJGF@@random@boost@@V?$uniform_int@H@3@@random@boost@@QAEHXZ 10010f80 f i LWorldEvent.obj
 0001:00010020       ?seed@?$mersenne_twister_engine@I$0CA@$0CHA@$0BIN@$0BP@$0JJAILANP@$0L@$0PPPPPPPP@$06$0JNCMFGIA@$0P@$0OPMGAAAA@$0BC@$0GMAHIJGF@@random@boost@@QAEXABI@Z 10011020 f i LWorldEvent.obj
 0001:00010070       ??R?$mersenne_twister_engine@I$0CA@$0CHA@$0BIN@$0BP@$0JJAILANP@$0L@$0PPPPPPPP@$06$0JNCMFGIA@$0P@$0OPMGAAAA@$0BC@$0GMAHIJGF@@random@boost@@QAEIXZ 10011070 f i LWorldEvent.obj
 0001:000100c0       ?twist@?$mersenne_twister_engine@I$0CA@$0CHA@$0BIN@$0BP@$0JJAILANP@$0L@$0PPPPPPPP@$06$0JNCMFGIA@$0P@$0OPMGAAAA@$0BC@$0GMAHIJGF@@random@boost@@AAEXXZ 100110c0 f i LWorldEvent.obj
 0001:000102d0       ?NODES_AssignNode@@YIXPAUGame@@PAUUnitAny@@PAUUnitNode@@@Z 100112d0 f   NodesEx.obj
 0001:000103f0       ?NODES_FreeChildNode@@YIXPAUGame@@PAUUnitAny@@@Z 100113f0 f   NodesEx.obj
 0001:000104e0       ?NODES_FreeUnitNode@@YIXPAUGame@@PAUUnitAny@@@Z 100114e0 f   NodesEx.obj
 0001:00010560       ?getMaxPlayers@@YGEXZ      10011560 f   NodesEx.obj
 0001:00010570       ?NODES_GetUnitNode@@YIPAUUnitNode@@PAUUnitAny@@PAUGame@@@Z 10011570 f   NodesEx.obj
 0001:000105c0       ?NODES_SetUnitNode@@YIXPAUGame@@PAUUnitAny@@PAUUnitNode@@H@Z 100115c0 f   NodesEx.obj
 0001:00010690       ?NODES_AddAsParentNode@@YIXPAUGame@@PAUUnitAny@@PAUUnitNode@@H@Z 10011690 f   NodesEx.obj
 0001:00010740       ?NODES_Free@@YIXPAUGame@@@Z 10011740 f   NodesEx.obj
 0001:00010800       ?NODES_NormalCheck@@YGPAUUnitAny@@PAUGame@@PAU1@PAH2HP6IH11@Z@Z 10011800 f   NodesEx.obj
 0001:00010ad0       ?NODES_BaalCheck@@YGPAUUnitAny@@PAUGame@@PAU1@PAH2HP6IH11@Z@Z 10011ad0 f   NodesEx.obj
 0001:00010da0       ?EXPFormula@@YIHH@Z        10011da0 f   PartyExp.obj
 0001:00010db0       ?HPFormula@@YIHH@Z         10011db0 f   PartyExp.obj
 0001:00010dd0       ?nPlayersFormula@@YAHXZ    10011dd0 f   PartyExp.obj
 0001:00010de0       ?HpGainFormula@@YAHXZ      10011de0 f   PartyExp.obj
 0001:00010df0       ?ExpCallback@@YIXPAUGame@@PAUUnitAny@@PAUPartyExp@@@Z 10011df0 f   PartyExp.obj
 0001:00010f10       ?AddExp@@YAXPAUGame@@PAUUnitAny@@HH@Z 10011f10 f   PartyExp.obj
 0001:00010f90       ?ExpShare_NEW@@YGXPAUUnitAny@@PAUGame@@0HHH@Z 10011f90 f   PartyExp.obj
 0001:000110f0       ?rc4_setup@@YAXPAE0H@Z     100120f0 f   RC4.obj
 0001:00011150       ?rc4_crypt@@YAXPAE0H@Z     10012150 f   RC4.obj
 0001:000111b0       ?SPECTATOR_UpdatePositions@@YAXPAUGame@@PAUUnitAny@@GG@Z 100121b0 f   LSpectator.obj
 0001:00011340       ?SPECTATOR_RemoveFromQueue@@YAXPAUGame@@K@Z 10012340 f   LSpectator.obj
 0001:00011500       ?SPECTATOR_OnClickSpecate@@YAKPAUGame@@PAUUnitAny@@1@Z 10012500 f   LSpectator.obj
 0001:00011740       ??1?$_Alloc_construct_ptr@V?$allocator@U?$_List_node@UPlayerObservation@@PAX@std@@@std@@@std@@QAE@XZ 10012740 f i LSpectator.obj
 0001:00011760       ?UnitTypeToStr@@YAPBDK@Z   10012760 f   Misc.obj
 0001:000117b0       ?GetEIP@@YAKXZ             100127b0 f   Misc.obj
 0001:000117c0       ?GetColorNameByAcc@@YAEV?$basic_string@DU?$char_traits@D@std@@V?$allocator@D@2@@std@@@Z 100127c0 f   Misc.obj
 0001:00011990       ?isAnAdmin@@YA_NV?$basic_string@DU?$char_traits@D@std@@V?$allocator@D@2@@std@@@Z 10012990 f   Misc.obj
 0001:00011aa0       ?isItemBelongToUnit@@YAHPAUUnitAny@@KW4ItemQuality@@@Z 10012aa0 f   Misc.obj
 0001:00011b30       ?FindClientDataByName@@YAPAUClientData@@PAUGame@@PAD@Z 10012b30 f   Misc.obj
 0001:00011b80       ?TransQuality@@YAHV?$basic_string@DU?$char_traits@D@std@@V?$allocator@D@2@@std@@@Z 10012b80 f   Misc.obj
 0001:00011f20       ?TransCode@@YAKPBD@Z       10012f20 f   Misc.obj
 0001:00011fb0       ?TransCode@@YAPBDK@Z       10012fb0 f   Misc.obj
 0001:00012070       ?BootPlayer@@YAXKW4BootReason@@@Z 10013070 f   Misc.obj
 0001:000120b0       ?SendMsgToClient@@YAXPAUClientData@@PADZZ 100130b0 f   Misc.obj
 0001:00012180       ?BroadcastMsg@@YAXPAUGame@@PADZZ 10013180 f   Misc.obj
 0001:00012270       ?BroadcastExEvent@@YAXPAUGame@@HHHFFV?$basic_string@DU?$char_traits@D@std@@V?$allocator@D@2@@std@@1@Z 10013270 f   Misc.obj
 0001:00012400       ?BroadcastExEvent@@YAXPAUGame@@HKHV?$basic_string@DU?$char_traits@D@std@@V?$allocator@D@2@@std@@@Z 10013400 f   Misc.obj
 0001:00012520       ?SendExEvent@@YAXPAUClientData@@HHHFFV?$basic_string@DU?$char_traits@D@std@@V?$allocator@D@2@@std@@1@Z 10013520 f   Misc.obj
 0001:000126a0       ?BroadcastEventMsg@@YAXPAUGame@@HPADZZ 100136a0 f   Misc.obj
 0001:00012790       ?BroadcastEventMsgEx@@YAXPAUGame@@HV?$basic_string@DU?$char_traits@D@std@@V?$allocator@D@2@@std@@1@Z 10013790 f   Misc.obj
 0001:00012950       ?ClearSayGoFlag@@YAXPAUGame@@@Z 10013950 f   Misc.obj
 0001:00012990       ?PatchGS@@YAXEKKKPAD@Z     10013990 f   Misc.obj
 0001:00012ac0       ?ConvertSkill@@YA?AV?$basic_string@DU?$char_traits@D@std@@V?$allocator@D@2@@std@@G@Z 10013ac0 f   Misc.obj
 0001:00012e20       ?isSafeSkill@@YA_NG@Z      10013e20 f   Misc.obj
 0001:00012f70       ?Log@@YAXPADZZ             10013f70 f   Misc.obj
 0001:000130e0       ?LogToFile@@YAXPAD_N0ZZ    100140e0 f   Misc.obj
 0001:00013250       ??$to_lower@V?$basic_string@DU?$char_traits@D@std@@V?$allocator@D@2@@std@@@algorithm@boost@@YAXAAV?$basic_string@DU?$char_traits@D@std@@V?$allocator@D@2@@std@@ABVlocale@3@@Z 10014250 f i Misc.obj
 0001:000133a0       ??1?$_Tidy_deallocate_guard@V?$basic_string@DU?$char_traits@D@std@@V?$allocator@D@2@@std@@@std@@QAE@XZ 100143a0 f i Misc.obj
 0001:000133f0       ??0bad_cast@std@@QAE@XZ    100143f0 f i Misc.obj
 0001:00013410       ??0bad_cast@std@@QAE@ABV01@@Z 10014410 f i Misc.obj
 0001:00013450       ?_Throw_bad_cast@std@@YAXXZ 10014450 f i Misc.obj
 0001:00013470       ??1?$unique_ptr@V_Facet_base@std@@U?$default_delete@V_Facet_base@std@@@2@@std@@QAE@XZ 10014470 f i Misc.obj
 0001:00013480       ??$_Reallocate_grow_by@V<lambda_15711c68e099a15a58f4d77303cb286d>@@D@?$basic_string@DU?$char_traits@D@std@@V?$allocator@D@2@@std@@AAEAAV01@IV<lambda_15711c68e099a15a58f4d77303cb286d>@@D@Z 10014480 f i Misc.obj
 0001:000135b0       ?reserve@?$basic_string@DU?$char_traits@D@std@@V?$allocator@D@2@@std@@QAEXI@Z 100145b0 f i Misc.obj
 0001:00013750       ??1?$basic_string@_WU?$char_traits@_W@std@@V?$allocator@_W@2@@std@@QAE@XZ 10014750 f i Misc.obj
 0001:000137b0       ?assign@?$basic_string@_WU?$char_traits@_W@std@@V?$allocator@_W@2@@std@@QAEAAV12@QB_WI@Z 100147b0 f i Misc.obj
 0001:00013920       ??$_Reallocate_grow_by@V<lambda_c1b8c41cb4019640539cfd828748c4d4>@@ID@?$basic_string@DU?$char_traits@D@std@@V?$allocator@D@2@@std@@AAEAAV01@IV<lambda_c1b8c41cb4019640539cfd828748c4d4>@@ID@Z 10014920 f i Misc.obj
 0001:00013a80       ?resize@?$basic_string@DU?$char_traits@D@std@@V?$allocator@D@2@@std@@QAEXID@Z 10014a80 f i Misc.obj
 0001:00013b00       __vscprintf_l              10014b00 f i Misc.obj
 0001:00013b40       ??1locale@std@@QAE@XZ      10014b40 f i Misc.obj
 0001:00013b60       ??0Warden@@QAE@XZ          10014b60 f   Warden.obj
 0001:00014190       ??1INIReader@@QAE@XZ       10015190 f i Warden.obj
 0001:000141b0       ??1?$map@KV?$vector@V?$basic_string@DU?$char_traits@D@std@@V?$allocator@D@2@@std@@V?$allocator@V?$basic_string@DU?$char_traits@D@std@@V?$allocator@D@2@@std@@@2@@std@@U?$less@K@2@V?$allocator@U?$pair@$$CBKV?$vector@V?$basic_string@DU?$char_traits@D@std@@V?$allocator@D@2@@std@@V?$allocator@V?$basic_string@DU?$char_traits@D@std@@V?$allocator@D@2@@std@@@2@@std@@@std@@@2@@std@@QAE@XZ 100151b0 f i Warden.obj
 0001:000141d0       ??1Warden@@QAE@XZ          100151d0 f   Warden.obj
 0001:000144c0       ?findClientById@Warden@@QAE?AV?$_List_iterator@V?$_List_val@U?$_List_simple_types@VWardenClient@@@std@@@std@@@std@@K@Z 100154c0 f   Warden.obj
 0001:00014500       ?findClientByAcc@Warden@@QAE?AV?$_List_iterator@V?$_List_val@U?$_List_simple_types@VWardenClient@@@std@@@std@@@std@@V?$basic_string@DU?$char_traits@D@std@@V?$allocator@D@2@@3@@Z 10015500 f   Warden.obj
 0001:000145f0       ?findClientByName@Warden@@QAE?AV?$_List_iterator@V?$_List_val@U?$_List_simple_types@VWardenClient@@@std@@@std@@@std@@V?$basic_string@DU?$char_traits@D@std@@V?$allocator@D@2@@3@@Z 100155f0 f   Warden.obj
 0001:000146e0       ?onJoinGame@Warden@@QAIKPAUPacketData@@@Z 100156e0 f   Warden.obj
 0001:00014c00       ?loadConfig@Warden@@QAEXXZ 10015c00 f   Warden.obj
 0001:00016900       ??1?$tokenizer@V?$char_separator@DU?$char_traits@D@std@@@boost@@V?$_String_const_iterator@V?$_String_val@U?$_Simple_types@D@std@@@std@@@std@@V?$basic_string@DU?$char_traits@D@std@@V?$allocator@D@2@@4@@boost@@QAE@XZ 10017900 f i Warden.obj
 0001:00016910       ??1?$token_iterator@V?$char_separator@DU?$char_traits@D@std@@@boost@@V?$_String_const_iterator@V?$_String_val@U?$_Simple_types@D@std@@@std@@@std@@V?$basic_string@DU?$char_traits@D@std@@V?$allocator@D@2@@4@@boost@@QAE@XZ 10017910 f i Warden.obj
 0001:00016970       ??1?$list@V?$basic_string@DU?$char_traits@D@std@@V?$allocator@D@2@@std@@V?$allocator@V?$basic_string@DU?$char_traits@D@std@@V?$allocator@D@2@@std@@@2@@std@@QAE@XZ 10017970 f i Warden.obj
 0001:00016a00       ??1?$list@VWardenClient@@V?$allocator@VWardenClient@@@std@@@std@@QAE@XZ 10017a00 f i Warden.obj
 0001:00016a50       ??0?$token_iterator@V?$char_separator@DU?$char_traits@D@std@@@boost@@V?$_String_const_iterator@V?$_String_val@U?$_Simple_types@D@std@@@std@@@std@@V?$basic_string@DU?$char_traits@D@std@@V?$allocator@D@2@@4@@boost@@QAE@V?$char_separator@DU?$char_traits@D@std@@@1@V?$_String_const_iterator@V?$_String_val@U?$_Simple_types@D@std@@@std@@@std@@1@Z 10017a50 f i Warden.obj
 0001:00016b30       ??$?RV?$_String_const_iterator@V?$_String_val@U?$_Simple_types@D@std@@@std@@@std@@V?$basic_string@DU?$char_traits@D@std@@V?$allocator@D@2@@1@@?$char_separator@DU?$char_traits@D@std@@@boost@@QAE_NAAV?$_String_const_iterator@V?$_String_val@U?$_Simple_types@D@std@@@std@@@std@@V23@AAV?$basic_string@DU?$char_traits@D@std@@V?$allocator@D@2@@3@@Z 10017b30 f i Warden.obj
 0001:00016e50       ?is_dropped@?$char_separator@DU?$char_traits@D@std@@@boost@@ABE_ND@Z 10017e50 f i Warden.obj
 0001:00016ec0       ?is_kept@?$char_separator@DU?$char_traits@D@std@@@boost@@ABE_ND@Z 10017ec0 f i Warden.obj
 0001:00016f30       ??1?$_Alloc_construct_ptr@V?$allocator@U?$_List_node@VWardenClient@@PAX@std@@@std@@@std@@QAE@XZ 10017f30 f i Warden.obj
 0001:00016f50       ??1?$_Alloc_construct_ptr@V?$allocator@U?$_List_node@V?$basic_string@DU?$char_traits@D@std@@V?$allocator@D@2@@std@@PAX@std@@@std@@@std@@QAE@XZ 10017f50 f i Warden.obj
 0001:00016f70       ??$_Erase_tree@V?$allocator@U?$_Tree_node@U?$pair@$$CBKV?$vector@V?$basic_string@DU?$char_traits@D@std@@V?$allocator@D@2@@std@@V?$allocator@V?$basic_string@DU?$char_traits@D@std@@V?$allocator@D@2@@std@@@2@@std@@@std@@PAX@std@@@std@@@?$_Tree_val@U?$_Tree_simple_types@U?$pair@$$CBKV?$vector@V?$basic_string@DU?$char_traits@D@std@@V?$allocator@D@2@@std@@V?$allocator@V?$basic_string@DU?$char_traits@D@std@@V?$allocator@D@2@@std@@@2@@std@@@std@@@std@@@std@@QAEXAAV?$allocator@U?$_Tree_node@U?$pair@$$CBKV?$vector@V?$basic_string@DU?$char_traits@D@std@@V?$allocator@D@2@@std@@V?$allocator@V?$basic_string@DU?$char_traits@D@std@@V?$allocator@D@2@@std@@@2@@std@@@std@@PAX@std@@@1@PAU?$_Tree_node@U?$pair@$$CBKV?$vector@V?$basic_string@DU?$char_traits@D@std@@V?$allocator@D@2@@std@@V?$allocator@V?$basic_string@DU?$char_traits@D@std@@V?$allocator@D@2@@std@@@2@@std@@@std@@PAX@1@@Z 10017f70 f i Warden.obj
 0001:00017080       ??1WardenClient@@QAE@XZ    10018080 f   WardenClient.obj
 0001:000171e0       ?SetupD2Funcs@@YAXXZ       100181e0 f   WardenInit.obj
 0001:00018180       ?SetupD2Pointers@@YAXXZ    10019180 f   WardenInit.obj
 0001:00018900       ?SetupD2Vars@@YAXXZ        10019900 f   WardenInit.obj
 0001:00018af0       _DllMain@12                10019af0 f   WardenInit.obj
 0001:00018b88       @HashGameSeed@16           10019b88 f   HashGameSeed.obj
 0001:00018bd1       _sub_18C1098               10019bd1 f   HashGameSeed.obj
 0001:00018c1a       _RC4_Init                  10019c1a f   HashGameSeed.obj
 0001:00018c7e       _sub_18C23BC               10019c7e f   HashGameSeed.obj
 0001:00018caa       _ManyBSHA______A           10019caa f   HashGameSeed.obj
 0001:00018cdb       _sub_18C1112               10019cdb f   HashGameSeed.obj
 0001:00018d1d       _BSHA_Init                 10019d1d f   HashGameSeed.obj
 0001:00018d48       _Call_BSHA_Process         10019d48 f   HashGameSeed.obj
 0001:00018dde       _sub_18C2300               10019dde f   HashGameSeed.obj
 0001:00018e3e       _BSHA_Process              10019e3e f   HashGameSeed.obj
 0001:00019141       _sub_18C135B               1001a141 f   HashGameSeed.obj
 0001:00019164       _sub_18C1339               1001a164 f   HashGameSeed.obj
 0001:00019186       _BSHA_OP1                  1001a186 f   HashGameSeed.obj
 0001:000191c3       _BSHA_OP2                  1001a1c3 f   HashGameSeed.obj
 0001:00019200       _BSHA_OP3                  1001a200 f   HashGameSeed.obj
 0001:0001923f       _BSHA_OP4                  1001a23f f   HashGameSeed.obj
 0001:0001927c       @Double_MD5@12             1001a27c f   HashGameSeed.obj
 0001:000192ee       _Call_MD5_Process          1001a2ee f   HashGameSeed.obj
 0001:000193b1       _MD5_Process               1001a3b1 f   HashGameSeed.obj
 0001:00019c0a       ?xsputn@?$basic_streambuf@DU?$char_traits@D@std@@@std@@MAE_JPBD_J@Z 1001ac0a f   msvcprt:MSVCP140.dll
 0001:00019c10       ?sync@?$basic_streambuf@DU?$char_traits@D@std@@@std@@MAEHXZ 1001ac10 f   msvcprt:MSVCP140.dll
 0001:00019c16       ?_Unlock@?$basic_streambuf@DU?$char_traits@D@std@@@std@@UAEXXZ 1001ac16 f   msvcprt:MSVCP140.dll
 0001:00019c1c       ?_Lock@?$basic_streambuf@DU?$char_traits@D@std@@@std@@UAEXXZ 1001ac1c f   msvcprt:MSVCP140.dll
 0001:00019c22       ?showmanyc@?$basic_streambuf@DU?$char_traits@D@std@@@std@@MAE_JXZ 1001ac22 f   msvcprt:MSVCP140.dll
 0001:00019c28       ?uflow@?$basic_streambuf@DU?$char_traits@D@std@@@std@@MAEHXZ 1001ac28 f   msvcprt:MSVCP140.dll
 0001:00019c2e       ?xsgetn@?$basic_streambuf@DU?$char_traits@D@std@@@std@@MAE_JPAD_J@Z 1001ac2e f   msvcprt:MSVCP140.dll
 0001:00019c34       ?setbuf@?$basic_streambuf@DU?$char_traits@D@std@@@std@@MAEPAV12@PAD_J@Z 1001ac34 f   msvcprt:MSVCP140.dll
 0001:00019c3a       ?imbue@?$basic_streambuf@DU?$char_traits@D@std@@@std@@MAEXABVlocale@2@@Z 1001ac3a f   msvcprt:MSVCP140.dll
 0001:00019c40       ??1_Fac_node@std@@QAE@XZ   1001ac40 f i msvcprt:locale0_implib.obj
 0001:00019c71       ??1_Fac_tidy_reg_t@std@@QAE@XZ 1001ac71 f i msvcprt:locale0_implib.obj
 0001:00019c98       ?_Facet_Register@std@@YAXPAV_Facet_base@1@@Z 1001ac98 f   msvcprt:locale0_implib.obj
 0001:00019cc4       @__security_check_cookie@4 1001acc4 f   MSVCRT:secchk.obj
 0001:00019cd2       ??_Gtype_info@@UAEPAXI@Z   1001acd2 f i MSVCRT:std_type_info_static.obj
 0001:00019cd2       ??_Etype_info@@UAEPAXI@Z   1001acd2 f i MSVCRT:std_type_info_static.obj
 0001:00019cf5       ??3@YAXPAXI@Z              1001acf5 f   MSVCRT:delete_scalar_size.obj
 0001:00019d03       ??2@YAPAXI@Z               1001ad03 f   MSVCRT:new_scalar.obj
 0001:00019df8       __Init_thread_abort        1001adf8 f   MSVCRT:thread_safe_statics.obj
 0001:00019e1c       __Init_thread_footer       1001ae1c f   MSVCRT:thread_safe_statics.obj
 0001:00019e66       __Init_thread_header       1001ae66 f   MSVCRT:thread_safe_statics.obj
 0001:00019eb8       __Init_thread_notify       1001aeb8 f   MSVCRT:thread_safe_statics.obj
 0001:00019eee       __Init_thread_wait         1001aeee f   MSVCRT:thread_safe_statics.obj
 0001:00019f80       ___scrt_acquire_startup_lock 1001af80 f   MSVCRT:utility.obj
 0001:00019fb2       ___scrt_dllmain_after_initialize_c 1001afb2 f   MSVCRT:utility.obj
 0001:00019fdd       ___scrt_dllmain_before_initialize_c 1001afdd f   MSVCRT:utility.obj
 0001:00019feb       ___scrt_dllmain_crt_thread_attach 1001afeb f   MSVCRT:utility.obj
 0001:0001a00a       ___scrt_dllmain_crt_thread_detach 1001b00a f   MSVCRT:utility.obj
 0001:0001a017       ___scrt_dllmain_exception_filter 1001b017 f   MSVCRT:utility.obj
 0001:0001a04b       ___scrt_dllmain_uninitialize_c 1001b04b f   MSVCRT:utility.obj
 0001:0001a06e       ___scrt_dllmain_uninitialize_critical 1001b06e f   MSVCRT:utility.obj
 0001:0001a07b       ___scrt_initialize_crt     1001b07b f   MSVCRT:utility.obj
 0001:0001a0b4       ___scrt_initialize_onexit_tables 1001b0b4 f   MSVCRT:utility.obj
 0001:0001a13b       ___scrt_is_nonwritable_in_current_image 1001b13b f   MSVCRT:utility.obj
 0001:0001a1cf       ___scrt_release_startup_lock 1001b1cf f   MSVCRT:utility.obj
 0001:0001a1ec       ___scrt_uninitialize_crt   1001b1ec f   MSVCRT:utility.obj
 0001:0001a214       __onexit                   1001b214 f   MSVCRT:utility.obj
 0001:0001a241       _atexit                    1001b241 f   MSVCRT:utility.obj
 0001:0001a256       ___raise_securityfailure   1001b256 f   MSVCRT:gs_report.obj
 0001:0001a27e       ___report_gsfailure        1001b27e f   MSVCRT:gs_report.obj
 0001:0001a378       ??_U@YAPAXI@Z              1001b378 f   MSVCRT:new_array.obj
 0001:0001a381       ??_V@YAXPAX@Z              1001b381 f   MSVCRT:delete_array.obj
 0001:0001a6c6       __DllMainCRTStartup@12     1001b6c6 f   MSVCRT:dll_dllmain.obj
 0001:0001a6e9       @_guard_check_icall_nop@4  1001b6e9 f i MSVCRT:guard_support.obj
 0001:0001a6ec       ??3@YAXPAX@Z               1001b6ec f   MSVCRT:delete_scalar.obj
 0001:0001a6f1       ??0bad_alloc@std@@QAE@XZ   1001b6f1 f i MSVCRT:throw_bad_alloc.obj
 0001:0001a709       ?__scrt_throw_std_bad_alloc@@YAXXZ 1001b709 f   MSVCRT:throw_bad_alloc.obj
 0001:0001a726       ?__scrt_throw_std_bad_array_new_length@@YAXXZ 1001b726 f   MSVCRT:throw_bad_alloc.obj
 0001:0001a743       ___scrt_fastfail           1001b743 f   MSVCRT:utility_desktop.obj
 0001:0001a85e       __crt_debugger_hook        1001b85e f   MSVCRT:utility_desktop.obj
 0001:0001a866       ___isa_available_init      1001b866 f   MSVCRT:cpu_disp.obj
 0001:0001aa37       __get_startup_argv_mode    1001ba37 f   MSVCRT:argv_mode.obj
 0001:0001aa3b       ___scrt_is_ucrt_dll_in_use 1001ba3b f   MSVCRT:ucrt_detection.obj
 0001:0001aa50       __SEH_prolog4              1001ba50 f   MSVCRT:sehprolg4.obj
 0001:0001aa95       __except_handler4          1001ba95 f   MSVCRT:chandler4gs.obj
 0001:0001ab11       ___security_init_cookie    1001bb11 f   MSVCRT:gs_support.obj
 0001:0001ab5c       ?__scrt_initialize_type_info@@YAXXZ 1001bb5c f   MSVCRT:tncleanup.obj
 0001:0001ab68       ?__scrt_uninitialize_type_info@@YAXXZ 1001bb68 f   MSVCRT:tncleanup.obj
 0001:0001ab74       ___local_stdio_scanf_options 1001bb74 f i MSVCRT:default_local_stdio_options.obj
 0001:0001ab7a       ___scrt_initialize_default_local_stdio_options 1001bb7a f   MSVCRT:default_local_stdio_options.obj
 0001:0001ab97       ___scrt_get_dyn_tls_init_callback 1001bb97 f   MSVCRT:dyn_tls_init.obj
 0001:0001ab9d       __RTC_Initialize           1001bb9d f   MSVCRT:initsect.obj
 0001:0001abc9       __RTC_Terminate            1001bbc9 f   MSVCRT:initsect.obj
 0001:0001abf5       ___CxxFrameHandler3        1001bbf5 f   vcruntime:VCRUNTIME140.dll
 0001:0001abfb       ___std_terminate           1001bbfb f   vcruntime:VCRUNTIME140.dll
 0001:0001ac01       __CxxThrowException@8      1001bc01 f   vcruntime:VCRUNTIME140.dll
 0001:0001ac07       _memset                    1001bc07 f   vcruntime:VCRUNTIME140.dll
 0001:0001ac0d       __except_handler4_common   1001bc0d f   vcruntime:VCRUNTIME140.dll
 0001:0001ac13       ___std_type_info_destroy_list 1001bc13 f   vcruntime:VCRUNTIME140.dll
 0001:0001ac19       __callnewh                 1001bc19 f   ucrt:api-ms-win-crt-heap-l1-1-0.dll
 0001:0001ac1f       _malloc                    1001bc1f f   ucrt:api-ms-win-crt-heap-l1-1-0.dll
 0001:0001ac25       __seh_filter_dll           1001bc25 f   ucrt:api-ms-win-crt-runtime-l1-1-0.dll
 0001:0001ac2b       __configure_narrow_argv    1001bc2b f   ucrt:api-ms-win-crt-runtime-l1-1-0.dll
 0001:0001ac31       __initialize_narrow_environment 1001bc31 f   ucrt:api-ms-win-crt-runtime-l1-1-0.dll
 0001:0001ac37       __initialize_onexit_table  1001bc37 f   ucrt:api-ms-win-crt-runtime-l1-1-0.dll
 0001:0001ac3d       __register_onexit_function 1001bc3d f   ucrt:api-ms-win-crt-runtime-l1-1-0.dll
 0001:0001ac43       __execute_onexit_table     1001bc43 f   ucrt:api-ms-win-crt-runtime-l1-1-0.dll
 0001:0001ac49       __crt_atexit               1001bc49 f   ucrt:api-ms-win-crt-runtime-l1-1-0.dll
 0001:0001ac4f       __cexit                    1001bc4f f   ucrt:api-ms-win-crt-runtime-l1-1-0.dll
 0001:0001ac55       __initterm                 1001bc55 f   ucrt:api-ms-win-crt-runtime-l1-1-0.dll
 0001:0001ac5b       __initterm_e               1001bc5b f   ucrt:api-ms-win-crt-runtime-l1-1-0.dll
 0001:0001ac61       _free                      1001bc61 f   ucrt:api-ms-win-crt-heap-l1-1-0.dll
 0001:0001ac67       ___vcrt_initialize         1001bc67 f   MSVCRT:ucrt_stubs.obj
 0001:0001ac67       ___scrt_stub_for_acrt_uninitialize 1001bc67 f   MSVCRT:ucrt_stubs.obj
 0001:0001ac67       ___acrt_uninitialize_critical 1001bc67 f   MSVCRT:ucrt_stubs.obj
 0001:0001ac67       ___vcrt_uninitialize_critical 1001bc67 f   MSVCRT:ucrt_stubs.obj
 0001:0001ac67       ___vcrt_uninitialize       1001bc67 f   MSVCRT:ucrt_stubs.obj
 0001:0001ac67       ___scrt_stub_for_acrt_thread_detach 1001bc67 f   MSVCRT:ucrt_stubs.obj
 0001:0001ac67       ___vcrt_thread_detach      1001bc67 f   MSVCRT:ucrt_stubs.obj
 0001:0001ac67       ___acrt_thread_detach      1001bc67 f   MSVCRT:ucrt_stubs.obj
 0001:0001ac67       ___scrt_stub_for_acrt_uninitialize_critical 1001bc67 f   MSVCRT:ucrt_stubs.obj
 0001:0001ac67       ___vcrt_thread_attach      1001bc67 f   MSVCRT:ucrt_stubs.obj
 0001:0001ac67       ___scrt_stub_for_acrt_initialize 1001bc67 f   MSVCRT:ucrt_stubs.obj
 0001:0001ac67       ___scrt_stub_for_acrt_thread_attach 1001bc67 f   MSVCRT:ucrt_stubs.obj
 0001:0001ac67       ___acrt_thread_attach      1001bc67 f   MSVCRT:ucrt_stubs.obj
 0001:0001ac67       ___acrt_initialize         1001bc67 f   MSVCRT:ucrt_stubs.obj
 0001:0001ac67       ___acrt_uninitialize       1001bc67 f   MSVCRT:ucrt_stubs.obj
 0001:0001ac6a       __is_c_termination_complete 1001bc6a f   MSVCRT:ucrt_stubs.obj
 0001:0001ac6a       ___scrt_stub_for_is_c_termination_complete 1001bc6a f   MSVCRT:ucrt_stubs.obj
 0001:0001ac6d       __filter_x86_sse2_floating_point_exception 1001bc6d f   MSVCRT:x86_exception_filter.obj
 0001:0001ac6d       __filter_x86_sse2_floating_point_exception_default 1001bc6d f   MSVCRT:x86_exception_filter.obj
 0001:0001acf0       __dtoui3                   1001bcf0 f   MSVCRT:ftol3.obj
 0001:0001ad64       _memchr                    1001bd64 f   vcruntime:VCRUNTIME140.dll
 0001:0001ad6a       _memcpy                    1001bd6a f   vcruntime:VCRUNTIME140.dll
 0001:0001ad70       _memmove                   1001bd70 f   vcruntime:VCRUNTIME140.dll
 0001:0001bb30       ??__Fwarden@?1??getInstance@Warden@@SAAAV1@XZ@YAXXZ 1001cb30 f i D2Handlers.obj
 0002:00000000       __imp__GetTickCount@0      1001d000     kernel32:KERNEL32.dll
 0002:00000004       __imp__GetModuleHandleA@4  1001d004     kernel32:KERNEL32.dll
 0002:00000008       __imp__LoadLibraryA@4      1001d008     kernel32:KERNEL32.dll
 0002:0000000c       __imp__GetProcAddress@8    1001d00c     kernel32:KERNEL32.dll
 0002:00000010       __imp__WritePrivateProfileStringA@16 1001d010     kernel32:KERNEL32.dll
 0002:00000014       __imp__GetCurrentDirectoryA@8 1001d014     kernel32:KERNEL32.dll
 0002:00000018       __imp__GetPrivateProfileIntA@16 1001d018     kernel32:KERNEL32.dll
 0002:0000001c       __imp__VirtualProtect@16   1001d01c     kernel32:KERNEL32.dll
 0002:00000020       __imp__GetLocalTime@4      1001d020     kernel32:KERNEL32.dll
 0002:00000024       __imp__GetPrivateProfileStringA@24 1001d024     kernel32:KERNEL32.dll
 0002:00000028       __imp__EnterCriticalSection@4 1001d028     kernel32:KERNEL32.dll
 0002:0000002c       __imp__LeaveCriticalSection@4 1001d02c     kernel32:KERNEL32.dll
 0002:00000030       __imp__InitializeCriticalSectionAndSpinCount@8 1001d030     kernel32:KERNEL32.dll
 0002:00000034       __imp__DeleteCriticalSection@4 1001d034     kernel32:KERNEL32.dll
 0002:00000038       __imp__SetEvent@4          1001d038     kernel32:KERNEL32.dll
 0002:0000003c       __imp__ResetEvent@4        1001d03c     kernel32:KERNEL32.dll
 0002:00000040       __imp__WaitForSingleObjectEx@12 1001d040     kernel32:KERNEL32.dll
 0002:00000044       __imp__CreateEventW@16     1001d044     kernel32:KERNEL32.dll
 0002:00000048       __imp__GetModuleHandleW@4  1001d048     kernel32:KERNEL32.dll
 0002:0000004c       __imp__UnhandledExceptionFilter@4 1001d04c     kernel32:KERNEL32.dll
 0002:00000050       __imp__SetUnhandledExceptionFilter@4 1001d050     kernel32:KERNEL32.dll
 0002:00000054       __imp__GetCurrentProcess@0 1001d054     kernel32:KERNEL32.dll
 0002:00000058       __imp__TerminateProcess@8  1001d058     kernel32:KERNEL32.dll
 0002:0000005c       __imp__IsProcessorFeaturePresent@4 1001d05c     kernel32:KERNEL32.dll
 0002:00000060       __imp__IsDebuggerPresent@0 1001d060     kernel32:KERNEL32.dll
 0002:00000064       __imp__QueryPerformanceCounter@4 1001d064     kernel32:KERNEL32.dll
 0002:00000068       __imp__GetCurrentProcessId@0 1001d068     kernel32:KERNEL32.dll
 0002:0000006c       __imp__GetCurrentThreadId@0 1001d06c     kernel32:KERNEL32.dll
 0002:00000070       __imp__GetSystemTimeAsFileTime@4 1001d070     kernel32:KERNEL32.dll
 0002:00000074       __imp__InitializeSListHead@4 1001d074     kernel32:KERNEL32.dll
 0002:00000078       __imp__CloseHandle@4       1001d078     kernel32:KERNEL32.dll
 0002:0000007c       \177KERNEL32_NULL_THUNK_DATA 1001d07c     kernel32:KERNEL32.dll
 0002:00000080       __imp_??1?$basic_streambuf@DU?$char_traits@D@std@@@std@@UAE@XZ 1001d080     msvcprt:MSVCP140.dll
 0002:00000084       __imp_??1?$basic_ostream@DU?$char_traits@D@std@@@std@@UAE@XZ 1001d084     msvcprt:MSVCP140.dll
 0002:00000088       __imp_??0?$basic_ios@DU?$char_traits@D@std@@@std@@IAE@XZ 1001d088     msvcprt:MSVCP140.dll
 0002:0000008c       __imp_??0?$basic_ostream@DU?$char_traits@D@std@@@std@@QAE@PAV?$basic_streambuf@DU?$char_traits@D@std@@@1@_N@Z 1001d08c     msvcprt:MSVCP140.dll
 0002:00000090       __imp_??0?$basic_streambuf@DU?$char_traits@D@std@@@std@@IAE@XZ 1001d090     msvcprt:MSVCP140.dll
 0002:00000094       __imp_?showmanyc@?$basic_streambuf@DU?$char_traits@D@std@@@std@@MAE_JXZ 1001d094     msvcprt:MSVCP140.dll
 0002:00000098       __imp_?uflow@?$basic_streambuf@DU?$char_traits@D@std@@@std@@MAEHXZ 1001d098     msvcprt:MSVCP140.dll
 0002:0000009c       __imp_?xsgetn@?$basic_streambuf@DU?$char_traits@D@std@@@std@@MAE_JPAD_J@Z 1001d09c     msvcprt:MSVCP140.dll
 0002:000000a0       __imp_?setbuf@?$basic_streambuf@DU?$char_traits@D@std@@@std@@MAEPAV12@PAD_J@Z 1001d0a0     msvcprt:MSVCP140.dll
 0002:000000a4       __imp_?imbue@?$basic_streambuf@DU?$char_traits@D@std@@@std@@MAEXABVlocale@2@@Z 1001d0a4     msvcprt:MSVCP140.dll
 0002:000000a8       __imp_?_Init@locale@std@@CAPAV_Locimp@12@_N@Z 1001d0a8     msvcprt:MSVCP140.dll
 0002:000000ac       __imp_?tolower@?$ctype@D@std@@QBEDD@Z 1001d0ac     msvcprt:MSVCP140.dll
 0002:000000b0       __imp_?_Getcat@?$ctype@D@std@@SAIPAPBVfacet@locale@2@PBV42@@Z 1001d0b0     msvcprt:MSVCP140.dll
 0002:000000b4       __imp_??1_Lockit@std@@QAE@XZ 1001d0b4     msvcprt:MSVCP140.dll
 0002:000000b8       __imp_??0_Lockit@std@@QAE@H@Z 1001d0b8     msvcprt:MSVCP140.dll
 0002:000000bc       __imp_?_Getgloballocale@locale@std@@CAPAV_Locimp@12@XZ 1001d0bc     msvcprt:MSVCP140.dll
 0002:000000c0       __imp_?id@?$ctype@D@std@@2V0locale@2@A 1001d0c0     msvcprt:MSVCP140.dll
 0002:000000c4       __imp_??Bid@locale@std@@QAEIXZ 1001d0c4     msvcprt:MSVCP140.dll
 0002:000000c8       __imp_??6?$basic_ostream@DU?$char_traits@D@std@@@std@@QAEAAV01@H@Z 1001d0c8     msvcprt:MSVCP140.dll
 0002:000000cc       __imp_??1?$basic_ios@DU?$char_traits@D@std@@@std@@UAE@XZ 1001d0cc     msvcprt:MSVCP140.dll
 0002:000000d0       __imp_?setstate@?$basic_ios@DU?$char_traits@D@std@@@std@@QAEXH_N@Z 1001d0d0     msvcprt:MSVCP140.dll
 0002:000000d4       __imp_?_Xlength_error@std@@YAXPBD@Z 1001d0d4     msvcprt:MSVCP140.dll
 0002:000000d8       __imp_?sputc@?$basic_streambuf@DU?$char_traits@D@std@@@std@@QAEHD@Z 1001d0d8     msvcprt:MSVCP140.dll
 0002:000000dc       __imp_?_Pninc@?$basic_streambuf@DU?$char_traits@D@std@@@std@@IAEPADXZ 1001d0dc     msvcprt:MSVCP140.dll
 0002:000000e0       __imp_?sputn@?$basic_streambuf@DU?$char_traits@D@std@@@std@@QAE_JPBD_J@Z 1001d0e0     msvcprt:MSVCP140.dll
 0002:000000e4       __imp_?xsputn@?$basic_streambuf@DU?$char_traits@D@std@@@std@@MAE_JPBD_J@Z 1001d0e4     msvcprt:MSVCP140.dll
 0002:000000e8       __imp_?_Osfx@?$basic_ostream@DU?$char_traits@D@std@@@std@@QAEXXZ 1001d0e8     msvcprt:MSVCP140.dll
 0002:000000ec       __imp_?_Lock@?$basic_streambuf@DU?$char_traits@D@std@@@std@@UAEXXZ 1001d0ec     msvcprt:MSVCP140.dll
 0002:000000f0       __imp_?flush@?$basic_ostream@DU?$char_traits@D@std@@@std@@QAEAAV12@XZ 1001d0f0     msvcprt:MSVCP140.dll
 0002:000000f4       __imp_?_Unlock@?$basic_streambuf@DU?$char_traits@D@std@@@std@@UAEXXZ 1001d0f4     msvcprt:MSVCP140.dll
 0002:000000f8       __imp_?uncaught_exception@std@@YA_NXZ 1001d0f8     msvcprt:MSVCP140.dll
 0002:000000fc       __imp_?sync@?$basic_streambuf@DU?$char_traits@D@std@@@std@@MAEHXZ 1001d0fc     msvcprt:MSVCP140.dll
 0002:00000100       \177MSVCP140_NULL_THUNK_DATA 1001d100     msvcprt:MSVCP140.dll
 0002:00000104       __imp__memcpy              1001d104     vcruntime:VCRUNTIME140.dll
 0002:00000108       __imp__memmove             1001d108     vcruntime:VCRUNTIME140.dll
 0002:0000010c       __imp____std_type_info_destroy_list 1001d10c     vcruntime:VCRUNTIME140.dll
 0002:00000110       __imp___except_handler4_common 1001d110     vcruntime:VCRUNTIME140.dll
 0002:00000114       __imp__memset              1001d114     vcruntime:VCRUNTIME140.dll
 0002:00000118       __imp___CxxThrowException@8 1001d118     vcruntime:VCRUNTIME140.dll
 0002:0000011c       __imp__strchr              1001d11c     vcruntime:VCRUNTIME140.dll
 0002:00000120       __imp____std_exception_destroy 1001d120     vcruntime:VCRUNTIME140.dll
 0002:00000124       __imp____std_terminate     1001d124     vcruntime:VCRUNTIME140.dll
 0002:00000128       __imp____std_exception_copy 1001d128     vcruntime:VCRUNTIME140.dll
 0002:0000012c       __imp____CxxFrameHandler3  1001d12c     vcruntime:VCRUNTIME140.dll
 0002:00000130       __imp__memchr              1001d130     vcruntime:VCRUNTIME140.dll
 0002:00000134       \177VCRUNTIME140_NULL_THUNK_DATA 1001d134     vcruntime:VCRUNTIME140.dll
 0002:00000138       __imp__atoi                1001d138     ucrt:api-ms-win-crt-convert-l1-1-0.dll
 0002:0000013c       \177api-ms-win-crt-convert-l1-1-0_NULL_THUNK_DATA 1001d13c     ucrt:api-ms-win-crt-convert-l1-1-0.dll
 0002:00000140       __imp___callnewh           1001d140     ucrt:api-ms-win-crt-heap-l1-1-0.dll
 0002:00000144       __imp__free                1001d144     ucrt:api-ms-win-crt-heap-l1-1-0.dll
 0002:00000148       __imp__malloc              1001d148     ucrt:api-ms-win-crt-heap-l1-1-0.dll
 0002:0000014c       \177api-ms-win-crt-heap-l1-1-0_NULL_THUNK_DATA 1001d14c     ucrt:api-ms-win-crt-heap-l1-1-0.dll
 0002:00000150       __imp___register_onexit_function 1001d150     ucrt:api-ms-win-crt-runtime-l1-1-0.dll
 0002:00000154       __imp___execute_onexit_table 1001d154     ucrt:api-ms-win-crt-runtime-l1-1-0.dll
 0002:00000158       __imp___crt_atexit         1001d158     ucrt:api-ms-win-crt-runtime-l1-1-0.dll
 0002:0000015c       __imp___cexit              1001d15c     ucrt:api-ms-win-crt-runtime-l1-1-0.dll
 0002:00000160       __imp___initterm           1001d160     ucrt:api-ms-win-crt-runtime-l1-1-0.dll
 0002:00000164       __imp___initterm_e         1001d164     ucrt:api-ms-win-crt-runtime-l1-1-0.dll
 0002:00000168       __imp___initialize_onexit_table 1001d168     ucrt:api-ms-win-crt-runtime-l1-1-0.dll
 0002:0000016c       __imp___configure_narrow_argv 1001d16c     ucrt:api-ms-win-crt-runtime-l1-1-0.dll
 0002:00000170       __imp___seh_filter_dll     1001d170     ucrt:api-ms-win-crt-runtime-l1-1-0.dll
 0002:00000174       __imp___initialize_narrow_environment 1001d174     ucrt:api-ms-win-crt-runtime-l1-1-0.dll
 0002:00000178       __imp___invalid_parameter_noinfo_noreturn 1001d178     ucrt:api-ms-win-crt-runtime-l1-1-0.dll
 0002:0000017c       __imp__exit                1001d17c     ucrt:api-ms-win-crt-runtime-l1-1-0.dll
 0002:00000180       \177api-ms-win-crt-runtime-l1-1-0_NULL_THUNK_DATA 1001d180     ucrt:api-ms-win-crt-runtime-l1-1-0.dll
 0002:00000184       __imp__fopen_s             1001d184     ucrt:api-ms-win-crt-stdio-l1-1-0.dll
 0002:00000188       __imp__fread               1001d188     ucrt:api-ms-win-crt-stdio-l1-1-0.dll
 0002:0000018c       __imp____stdio_common_vsprintf 1001d18c     ucrt:api-ms-win-crt-stdio-l1-1-0.dll
 0002:00000190       __imp__fwrite              1001d190     ucrt:api-ms-win-crt-stdio-l1-1-0.dll
 0002:00000194       __imp__ftell               1001d194     ucrt:api-ms-win-crt-stdio-l1-1-0.dll
 0002:00000198       __imp____stdio_common_vsnprintf_s 1001d198     ucrt:api-ms-win-crt-stdio-l1-1-0.dll
 0002:0000019c       __imp__fseek               1001d19c     ucrt:api-ms-win-crt-stdio-l1-1-0.dll
 0002:000001a0       __imp____stdio_common_vsprintf_s 1001d1a0     ucrt:api-ms-win-crt-stdio-l1-1-0.dll
 0002:000001a4       __imp__fopen               1001d1a4     ucrt:api-ms-win-crt-stdio-l1-1-0.dll
 0002:000001a8       __imp__fgets               1001d1a8     ucrt:api-ms-win-crt-stdio-l1-1-0.dll
 0002:000001ac       __imp__fclose              1001d1ac     ucrt:api-ms-win-crt-stdio-l1-1-0.dll
 0002:000001b0       \177api-ms-win-crt-stdio-l1-1-0_NULL_THUNK_DATA 1001d1b0     ucrt:api-ms-win-crt-stdio-l1-1-0.dll
 0002:000001b4       __imp__ispunct             1001d1b4     ucrt:api-ms-win-crt-string-l1-1-0.dll
 0002:000001b8       __imp__tolower             1001d1b8     ucrt:api-ms-win-crt-string-l1-1-0.dll
 0002:000001bc       __imp__isspace             1001d1bc     ucrt:api-ms-win-crt-string-l1-1-0.dll
 0002:000001c0       __imp__strncpy             1001d1c0     ucrt:api-ms-win-crt-string-l1-1-0.dll
 0002:000001c4       __imp___stricmp            1001d1c4     ucrt:api-ms-win-crt-string-l1-1-0.dll
 0002:000001c8       __imp__strcpy_s            1001d1c8     ucrt:api-ms-win-crt-string-l1-1-0.dll
 0002:000001cc       __imp__strncpy_s           1001d1cc     ucrt:api-ms-win-crt-string-l1-1-0.dll
 0002:000001d0       __imp___strnicmp           1001d1d0     ucrt:api-ms-win-crt-string-l1-1-0.dll
 0002:000001d4       __imp__strtok_s            1001d1d4     ucrt:api-ms-win-crt-string-l1-1-0.dll
 0002:000001d8       \177api-ms-win-crt-string-l1-1-0_NULL_THUNK_DATA 1001d1d8     ucrt:api-ms-win-crt-string-l1-1-0.dll
 0002:000001dc       __imp___time64             1001d1dc     ucrt:api-ms-win-crt-time-l1-1-0.dll
 0002:000001e0       \177api-ms-win-crt-time-l1-1-0_NULL_THUNK_DATA 1001d1e0     ucrt:api-ms-win-crt-time-l1-1-0.dll
 0002:000001e4       __imp__srand               1001d1e4     ucrt:api-ms-win-crt-utility-l1-1-0.dll
 0002:000001e8       __imp__rand                1001d1e8     ucrt:api-ms-win-crt-utility-l1-1-0.dll
 0002:000001ec       \177api-ms-win-crt-utility-l1-1-0_NULL_THUNK_DATA 1001d1ec     ucrt:api-ms-win-crt-utility-l1-1-0.dll
 0002:000001f0       ___guard_check_icall_fptr  1001d1f0     MSVCRT:guard_support.obj
 0002:000001f4       ___xc_a                    1001d1f4     MSVCRT:initializers.obj
 0002:000001fc       ___xc_z                    1001d1fc     MSVCRT:initializers.obj
 0002:00000200       ___xi_a                    1001d200     MSVCRT:initializers.obj
 0002:00000208       ___xi_z                    1001d208     MSVCRT:initializers.obj
 0002:0000020c       ___xl_a                    1001d20c     MSVCRT:tlssup.obj
 0002:00000210       ___xl_z                    1001d210     MSVCRT:tlssup.obj
 0002:00000214       ___xp_a                    1001d214     MSVCRT:initializers.obj
 0002:00000218       ___xp_z                    1001d218     MSVCRT:initializers.obj
 0002:0000021c       ___xt_a                    1001d21c     MSVCRT:initializers.obj
 0002:00000220       ___xt_z                    1001d220     MSVCRT:initializers.obj
 0002:00000234       ??_7type_info@@6B@         1001d234     MSVCRT:std_type_info_static.obj
 0002:00000238       ??_C@_1EC@JIJBPKFM@?$AAa?$AAp?$AAi?$AA?9?$AAm?$AAs?$AA?9?$AAw?$AAi?$AAn?$AA?9?$AAc?$AAo?$AAr?$AAe@ 1001d238     MSVCRT:thread_safe_statics.obj
 0002:0000027c       ??_C@_1BK@MGMFAEKH@?$AAk?$AAe?$AAr?$AAn?$AAe?$AAl?$AA3?$AA2?$AA?4?$AAd?$AAl?$AAl@ 1001d27c     MSVCRT:thread_safe_statics.obj
 0002:00000298       ??_C@_0BJ@JEBJOJFJ@SleepConditionVariableCS@ 1001d298     MSVCRT:thread_safe_statics.obj
 0002:000002b4       ??_C@_0BJ@PGPPEPCC@WakeAllConditionVariable@ 1001d2b4     MSVCRT:thread_safe_statics.obj
 0002:000002d8       __pRawDllMain              1001d2d8     MSVCRT:dll_dllmain.obj
 0002:000002d8       __pDefaultRawDllMain       1001d2d8     MSVCRT:dll_dllmain.obj
 0002:000002e0       ??_7exception@std@@6B@     1001d2e0     MSVCRT:throw_bad_alloc.obj
 0002:000002ec       ??_7bad_alloc@std@@6B@     1001d2ec     MSVCRT:throw_bad_alloc.obj
 0002:000002f4       ??_C@_0P@GHFPNOJB@bad?5allocation@ 1001d2f4     MSVCRT:throw_bad_alloc.obj
 0002:00000308       ??_7bad_array_new_length@std@@6B@ 1001d308     MSVCRT:throw_bad_alloc.obj
 0002:00000310       ??_C@_0BF@GPOBEEHL@LEVELS_GetActByLevel@ 1001d310     D2Handlers.obj
 0002:00000328       ??_C@_0FE@ONOOJEPG@C?3?2Users?2android?9jo08lemn?2Docum@ 1001d328     D2Handlers.obj
 0002:00000380       ??_C@_0EB@PFGEEHKI@Critical?5error?5in?5line?5?$CFd?0?5file@ 1001d380     D2Handlers.obj
 0002:000003c4       ??_C@_0BF@BLLHAGEG@LEVELS_GetActByRoom2@ 1001d3c4     D2Handlers.obj
 0002:000003dc       ??_C@_01DCLJPIOD@?$CB@     1001d3dc     D2Handlers.obj
 0002:000003e0       ??_C@_04BGDJAPLB@?5hp?$CJ@ 1001d3e0     D2Handlers.obj
 0002:000003e8       ??_C@_0CA@NCCKFEAI@?5has?5set?5a?5new?5damage?5record?$CB?5?$CI@ 1001d3e8     D2Handlers.obj
 0002:00000408       ??_C@_0CC@CHGNKOIN@?5ustanowil?5nowy?5rekord?5obrazen?$CB@ 1001d408     D2Handlers.obj
 0002:0000042c       ??_C@_02GFKOMOKH@?5?$CI@   1001d42c     D2Handlers.obj
 0002:00000430       ??_C@_0CD@EPDLFDFP@?5hp?$CJ?4?5Previous?5record?5belonged?5@ 1001d430     D2Handlers.obj
 0002:00000454       ??_C@_0CD@IHKLFLAF@?5hp?$CJ?4?5Poprzedni?5rekord?5nalezal?5@ 1001d454     D2Handlers.obj
 0002:00000478       ??_C@_0BA@CLCCFHGK@data?2D2Ex?2Blobs@ 1001d478     D2Handlers.obj
 0002:00000488       ??_C@_0DO@LBIENEPM@Uwaga?5masz?5starego?5klienta?$CB?5Wpi@ 1001d488     D2Handlers.obj
 0002:000004c8       ??_C@_0DM@JMJFIBAH@Warning?0?5your?5client?5is?5outdate@ 1001d4c8     D2Handlers.obj
 0002:00000504       ??_C@_02KFKPNHPM@?9?5@     1001d504     D2Handlers.obj
 0002:00000508       ??_C@_03PAEKGFEI@ffa@      1001d508     D2Handlers.obj
 0002:0000050c       ??_C@_0M@EOMDHBCC@?$CFs?7?$CFs?7?$CFs?7?$CFs@ 1001d50c     D2Handlers.obj
 0002:00000518       ??_C@_0M@POEGJCME@GameLog?4txt@ 1001d518     D2Handlers.obj
 0002:00000524       ??_C@_0L@KHADCCNN@?$CFs?3?5?$PPc?$CFd?$CFs@ 1001d524     D2Handlers.obj
 0002:00000530       ??_C@_0BA@FCBKPEIN@?$FLadministrator?$FN@ 1001d530     D2Handlers.obj
 0002:00000540       ??_C@_0L@PIPEPBAF@It?5worked?$CB@ 1001d540     D2Handlers.obj
 0002:0000054c       ??_C@_0L@HDOBPCOI@?$CDtestevent@ 1001d54c     D2Handlers.obj
 0002:00000558       ??_C@_03NFNBFJKK@Ok?$CB@   1001d558     D2Handlers.obj
 0002:0000055c       ??_C@_06JKKFCPOF@?$CDtest2@ 1001d55c     D2Handlers.obj
 0002:00000564       ??_C@_0BA@BBHNOKDE@?$CDtest2?5?$DMlvl?5no?$DO@ 1001d564     D2Handlers.obj
 0002:00000574       ??_C@_0N@JFEDLCPA@Data?5for?3?5?$CFd@ 1001d574     D2Handlers.obj
 0002:00000588       ??_C@_0FK@JCKDFCGG@nQuest?3?5?$CFd?0?5nMonstersASSUME?3?5?$CFd@ 1001d588     D2Handlers.obj
 0002:000005e4       ??_C@_06OEAJFHHG@?$CDcheer@ 1001d5e4     D2Handlers.obj
 0002:000005ec       ??_C@_0CA@ENIILIKO@?$CDcheer?5?$DMtext?$DO?5?$DMsound?5id?$DO?5?$DMname?$DO@ 1001d5ec     D2Handlers.obj
 0002:0000060c       ??_C@_0BC@IJOOEOLP@Player?5not?5found?$CB@ 1001d60c     D2Handlers.obj
 0002:00000620       ??_C@_02PMOINJOG@?$CD1@    1001d620     D2Handlers.obj
 0002:00000624       ??_C@_02OFPDOIKH@?$CD0@    1001d624     D2Handlers.obj
 0002:00000628       ??_C@_0N@CPDMNIMP@Such?5a?5noob?$CB@ 1001d628     D2Handlers.obj
 0002:00000638       ??_C@_0O@OHPEAKJK@Jestes?5zerem?$CB@ 1001d638     D2Handlers.obj
 0002:00000648       ??_C@_07GGELIGMF@?$CDroster@ 1001d648     D2Handlers.obj
 0002:00000650       ??_C@_0DI@CDCLGABN@Kills?5?3?5?$CFd?5?$HM?5Deaths?5?3?5?$CFd?5?$HM?5Assi@ 1001d650     D2Handlers.obj
 0002:00000688       ??_C@_0BK@OGHJEKOM@No?5roster?5data?5available?$CB@ 1001d688     D2Handlers.obj
 0002:000006a4       ??_C@_03CFAIMBAE@?$CDwe@   1001d6a4     D2Handlers.obj
 0002:000006a8       ??_C@_02IAAGKKDJ@On@       1001d6a8     D2Handlers.obj
 0002:000006ac       ??_C@_03GCDBBDDL@Off@      1001d6ac     D2Handlers.obj
 0002:000006b0       ??_C@_0DG@OFOOBNHP@World?5Event?5is?5?$CFs?0?5Sell?5count?5?3@ 1001d6b0     D2Handlers.obj
 0002:000006e8       ??_C@_07EKKPIOHJ@?$CDuptime@ 1001d6e8     D2Handlers.obj
 0002:000006f0       ??_C@_0DP@FHGCKCHB@GS?5Uptime?5?$CF?42d?3?$CF?42d?3?$CF?42d?0?5Warde@ 1001d6f0     D2Handlers.obj
 0002:00000730       ??_C@_06OOLKOGAA@?$CDbuild@ 1001d730     D2Handlers.obj
 0002:00000738       ??_C@_08EEPBJCAN@01?341?346@ 1001d738     D2Handlers.obj
 0002:00000744       ??_C@_0M@DLBEIFNK@Dec?5?54?52024@ 1001d744     D2Handlers.obj
 0002:00000750       ??_C@_0BM@GLEOAEGI@Program?5build?5?$CFd?5on?5?$CFs?0?5?$CFs?4@ 1001d750     D2Handlers.obj
 0002:0000076c       ??_C@_0L@CCJBOHHK@?$CDdumpunits@ 1001d76c     D2Handlers.obj
 0002:00000778       ??_C@_03ONJMBPEK@OK?$CB@   1001d778     D2Handlers.obj
 0002:0000077c       ??_C@_0N@OEFKMCHJ@?$CDdumppresets@ 1001d77c     D2Handlers.obj
 0002:0000078c       ??_C@_07PMAMKJOL@?$CDupdate@ 1001d78c     D2Handlers.obj
 0002:00000794       ??_C@_0BN@IBMAGILA@Trying?5to?5download?5patch?4?4?4?4@ 1001d794     D2Handlers.obj
 0002:000007b4       ??_C@_04BANKKKAJ@?$CDmap@  1001d7b4     D2Handlers.obj
 0002:000007bc       ??_C@_0O@EJELBAFF@Map?5Id?5?3?5?8?$CFd?8@ 1001d7bc     D2Handlers.obj
 0002:000007cc       ??_C@_03MDMBIKPO@?$CDgo@   1001d7cc     D2Handlers.obj
 0002:000007d0       ??_C@_02BAAJCDDE@?$CDg@    1001d7d0     D2Handlers.obj
 0002:000007d4       ??_C@_0BH@PBAIHEAN@Najpierw?5opusc?5miasto?$CB@ 1001d7d4     D2Handlers.obj
 0002:000007ec       ??_C@_0BC@MOBEAKKI@Leave?5town?5first?$CB@ 1001d7ec     D2Handlers.obj
 0002:00000800       ??_C@_0BF@MAMGLF@Powiedzia?$PPe?$PP?5ju?$PP?5to?$CB@ 1001d800     D2Handlers.obj
 0002:00000818       ??_C@_0BJ@PNLGCDJO@You?8ve?5already?5said?5that@ 1001d818     D2Handlers.obj
 0002:00000834       ??_C@_0O@OOFGEGJA@Round?5begins?$CB@ 1001d834     D2Handlers.obj
 0002:00000844       ??_C@_0BC@JJJFDBGL@Runda?5rozpoczeta?$CB@ 1001d844     D2Handlers.obj
 0002:00000858       ??_C@_0CB@KGHLHGAF@Nieprawidlowa?5ilosc?5druzyn?5?9?5?$CFd@ 1001d858     D2Handlers.obj
 0002:0000087c       ??_C@_0BL@OHHPJIOC@Incorrect?5party?5count?5?9?5?$CFd@ 1001d87c     D2Handlers.obj
 0002:00000898       ??_C@_03HDOMHACF@?$CDgu@   1001d898     D2Handlers.obj
 0002:0000089c       ??_C@_06LHNINOKC@?$CDdebug@ 1001d89c     D2Handlers.obj
 0002:000008a4       ??_C@_07LJOJGIGF@?$CDreload@ 1001d8a4     D2Handlers.obj
 0002:000008ac       ??_C@_0BJ@EHNIGFID@Ustawienia?5prze?$PPadowane?4@ 1001d8ac     D2Handlers.obj
 0002:000008c8       ??_C@_0BB@POMMOBEF@Config?5reloaded?4@ 1001d8c8     D2Handlers.obj
 0002:000008dc       ??_C@_0N@CLBHGCMO@?$CDreloadclans@ 1001d8dc     D2Handlers.obj
 0002:000008ec       ??_C@_0BN@FMOOJCBE@Clans?5reloaded?5successfully?4@ 1001d8ec     D2Handlers.obj
 0002:0000090c       ??_C@_0BD@HAHLLFDK@Error?5in?5ini?5file?$CB@ 1001d90c     D2Handlers.obj
 0002:00000920       ??_C@_05KLFBBAAE@?$CDkick@ 1001d920     D2Handlers.obj
 0002:00000928       ??_C@_0CG@NAMCOBOF@?$CDkick?5?$DM?$CKaccount?$DO?5or?5?$CDkick?5?$FLchar@ 1001d928     D2Handlers.obj
 0002:00000950       ??_C@_0CM@MGAKNIOO@Wrong?5charname?5?1?5Player?5is?5not?5@ 1001d950     D2Handlers.obj
 0002:0000097c       ??_C@_0BM@NBOIEKOD@?8?$CFs?8?5has?5been?5kicked?5by?5?$CK?$CFs@ 1001d97c     D2Handlers.obj
 0002:00000998       ??_C@_06MJFCEADP@?$CDstats@ 1001d998     D2Handlers.obj
 0002:000009a0       ??_C@_0GE@HHOBEDGC@Resistances?5?3?5?$PPc1Fire?5?8?$CFd?8?1?8?$CFd?$CF@ 1001d9a0     D2Handlers.obj
 0002:00000a04       ??_C@_0DM@EFOLCIHA@FCR?5?$PPc9?8?$CFd?8?$PPcc?0?5FRW?5?$PPc9?8?$CFd?8?$PPcc?0@ 1001da04     D2Handlers.obj
 0002:00000a40       ??_C@_0EA@KHDAIPHI@DS?5?$PPc9?8?$CFd?$CF?$CF?8?$PPcc?0?5OW?5?$PPc9?8?$CFd?$CF?$CF?8?$PPc@ 1001da40     D2Handlers.obj
 0002:00000a80       ??_C@_0FE@OEKMPMKI@?$PPc1Fire?5Abs?5?$PPc9?8?$CFd?$CF?$CF?8?5?$PPc3Cold?5A@ 1001da80     D2Handlers.obj
 0002:00000ad4       ??_C@_0DM@MNKCIHOM@?$PPc1Life?5?3?5?8?$CFd?8?0?5?$PPc3Mana?5?3?5?8?$CFd?8?0@ 1001dad4     D2Handlers.obj
 0002:00000b10       ??_C@_05IFBEPGGN@?$CDmove@ 1001db10     D2Handlers.obj
 0002:00000b18       ??_C@_0BK@KILCPCC@?$CDmove?5?$DMlevelid?$DO?5?$FLaccount?$FN@ 1001db18     D2Handlers.obj
 0002:00000b34       ??_C@_0BN@IHPINBGD@Moving?5?8?$CFs?8?5to?5level?5?8?$CFd?8?4?4?4@ 1001db34     D2Handlers.obj
 0002:00000b54       ??_C@_08BDCMEMDJ@?$CDmoveall@ 1001db54     D2Handlers.obj
 0002:00000b60       ??_C@_0BA@PGFDNPOG@?$CDmove?5?$DMlevelid?$DO@ 1001db60     D2Handlers.obj
 0002:00000b70       ??_C@_0CF@GNCNJGHE@Moving?5?8?$CFd?8?5clients?5to?5level?5?8?$CF@ 1001db70     D2Handlers.obj
 0002:00000b98       ??_C@_03IINFNI@?$CDop@     1001db98     D2Handlers.obj
 0002:00000b9c       ??_C@_0CK@IIFNGAFH@?$CDop?5?$DMlevelid?$DO?5?9?5opens?5a?5portal?5@ 1001db9c     D2Handlers.obj
 0002:00000bc8       ??_C@_0CC@DPMENFLE@Opening?5a?5portal?5to?5level?5?8?$CFd?8?4@ 1001dbc8     D2Handlers.obj
 0002:00000bec       ??_C@_06HLCCOGLM@?$CDlevel@ 1001dbec     D2Handlers.obj
 0002:00000bf4       ??_C@_04FHHICFME@?$CDlvl@  1001dbf4     D2Handlers.obj
 0002:00000bfc       ??_C@_0M@KLKDLGMF@?$CDremovepets@ 1001dbfc     D2Handlers.obj
 0002:00000c08       ??_C@_0BG@CHBFHIDH@Removing?5your?5pets?4?4?4@ 1001dc08     D2Handlers.obj
 0002:00000c20       ??_C@_0L@GEMPNHFN@?$CDinterinfo@ 1001dc20     D2Handlers.obj
 0002:00000c2c       ??_C@_0BH@IOHFFHBG@I?$DP?5?$CFd?0?5Id?3?5?$CFd?0?5Type?5?$CFd@ 1001dc2c     D2Handlers.obj
 0002:00000c44       ??_C@_0L@GFIEPBDJ@?$CDcheckroom@ 1001dc44     D2Handlers.obj
 0002:00000c50       ??_C@_0CJ@LPCOINCK@Skipping?5A?$CFd?5because?5is?5not?5ini@ 1001dc50     D2Handlers.obj
 0002:00000c7c       ??_C@_0BK@JHFFNJDG@Possible?5room?5found?5?$EA?5A?$CFd@ 1001dc7c     D2Handlers.obj
 0002:00000c98       ??_C@_09LIBBHMMF@?$CDsetstate@ 1001dc98     D2Handlers.obj
 0002:00000ca4       ??_C@_0CM@BCDDLNLO@Usage?3?5?$CDsetstate?5?$DMstateid?$DO?5?$DM1?00@ 1001dca4     D2Handlers.obj
 0002:00000cd0       ??_C@_0CD@CGJBIEFO@State?5?8?$CFd?8?5is?5out?5of?5range?5?$CI?$CFd?$CJ@ 1001dcd0     D2Handlers.obj
 0002:00000cf4       ??_C@_0DF@OHGFEJAN@Unknown?5state?8s?5state?5?$CI?$CFd?$CJ?4?5Onl@ 1001dcf4     D2Handlers.obj
 0002:00000d2c       ??_C@_0BH@NBCNEKJG@State?5?$CFd?5has?5been?5set?$CB@ 1001dd2c     D2Handlers.obj
 0002:00000d44       ??_C@_0N@HFEBMEJC@?$CDsetstateall@ 1001dd44     D2Handlers.obj
 0002:00000d54       ??_C@_0BB@GCADKGJO@map?1set?5too?5long@ 1001dd54     D2Handlers.obj
 0002:00000dc4       ??_8?$basic_ostringstream@DU?$char_traits@D@std@@V?$allocator@D@2@@std@@7B@ 1001ddc4     D2Handlers.obj
 0002:00000dd0       ??_7?$basic_ostringstream@DU?$char_traits@D@std@@V?$allocator@D@2@@std@@6B@ 1001ddd0     D2Handlers.obj
 0002:00000dd8       ??_7?$basic_stringbuf@DU?$char_traits@D@std@@V?$allocator@D@2@@std@@6B@ 1001ddd8     D2Handlers.obj
 0002:00000e14       ??_C@_01CLKCMJKC@?5@       1001de14     D2Handlers.obj
 0002:00000e18       ??_C@_0BA@JFNIOLAK@string?5too?5long@ 1001de18     D2Handlers.obj
 0002:00000e28       ??_C@_0BF@KINCDENJ@bad?5array?5new?5length@ 1001de28     D2Handlers.obj
 0002:00000e40       ??_C@_0BC@EOODALEL@Unknown?5exception@ 1001de40     D2Handlers.obj
 0002:00000e54       ??_C@_0CE@FKAEGLBM@Change?5the?5way?5the?5max?5resist?5w@ 1001de54     D2Patches.obj
 0002:00000e78       ??_C@_0L@MIDFOMIC@D2Game?4dll@ 1001de78     D2Patches.obj
 0002:00000e84       ??_C@_0BF@OLMCGIAE@Cow?5Level?5Dont?5Close@ 1001de84     D2Patches.obj
 0002:00000e9c       ??_C@_0BM@KMIBOPOK@Nihlathak?5Portal?5Dont?5Close@ 1001de9c     D2Patches.obj
 0002:00000eb8       ??_C@_0CA@MCKIEJN@Bring?5back?5the?5classic?5ww?5style@ 1001deb8     D2Patches.obj
 0002:00000ed8       ??_C@_0BM@GHDHFOGB@Set?5a?5stat?5for?5magic?5pierce@ 1001ded8     D2Patches.obj
 0002:00000ef4       ??_C@_0BP@IMMMPCEB@Set?5a?5stat?5for?5physical?5pierce@ 1001def4     D2Patches.obj
 0002:00000f14       ??_C@_0CB@DIOGALKB@Allow?5pierce?5to?5break?5immunitie@ 1001df14     D2Patches.obj
 0002:00000f38       ??_C@_0CD@LHNCPLDB@Disable?5reconnect?5spam?5hacklist@ 1001df38     D2Patches.obj
 0002:00000f5c       ??_C@_07FPBAAPMM@Fog?4dll@ 1001df5c     D2Patches.obj
 0002:00000f64       ??_C@_0BF@EFHPLEEB@Create?5packet?5parser@ 1001df64     D2Patches.obj
 0002:00000f7c       ??_C@_0BE@NHFOAAEH@Spawn?5uber?5monsters@ 1001df7c     D2Patches.obj
 0002:00000f90       ??_C@_0BN@DACBNPOK@Replace?5inline?5GetActByLevel@ 1001df90     D2Patches.obj
 0002:00000fb0       ??_C@_0N@PBBJKMKJ@D2Common?4dll@ 1001dfb0     D2Patches.obj
 0002:00000fc0       ??_C@_0CB@HDAPHDID@Replace?5original?5GetActByLevelN@ 1001dfc0     D2Patches.obj
 0002:00000fe4       ??_C@_0BI@HBKMIMCH@Fix?5Debug?5Packet?5Parser@ 1001dfe4     D2Patches.obj
 0002:00000ffc       ??_C@_0N@HKFOJLNI@Quest?5Init?5I@ 1001dffc     D2Patches.obj
 0002:0000100c       ??_C@_0O@KJMJPADB@Quest?5Init?5II@ 1001e00c     D2Patches.obj
 0002:0000101c       ??_C@_0BL@KOHHDACI@Assassin?8s?5Cloak?5Crash?5Fix@ 1001e01c     D2Patches.obj
 0002:00001038       ??_C@_0BG@EEENKOHM@Is?5Unit?5Dead?5Override@ 1001e038     D2Patches.obj
 0002:00001050       ??_C@_0BC@IOCCEJAO@On?5Create?5Monster@ 1001e050     D2Patches.obj
 0002:00001064       ??_C@_0BA@KNMFJMAK@Hostile?5Level?5I@ 1001e064     D2Patches.obj
 0002:00001074       ??_C@_0BB@MBMDNIMO@Hostile?5Level?5II@ 1001e074     D2Patches.obj
 0002:00001088       ??_C@_0BC@FNKGNICD@Hostile?5Level?5III@ 1001e088     D2Patches.obj
 0002:0000109c       ??_C@_0BB@MJJNGFA@Hostile?5Level?5IV@ 1001e09c     D2Patches.obj
 0002:000010b0       ??_C@_0BB@BNLDFOOE@LastHitIntercept@ 1001e0b0     D2Patches.obj
 0002:000010c4       ??_C@_0BB@LAIOKHOG@OnDamageCreation@ 1001e0c4     D2Patches.obj
 0002:000010d8       ??_C@_0BL@GAIBMOHD@Client?5Packet?5Wrapper?5NEW?5@ 1001e0d8     D2Patches.obj
 0002:000010f4       ??_C@_0N@HGPHIIAH@D2Ex?5Connect@ 1001e0f4     D2Patches.obj
 0002:00001104       ??_C@_08CHDCPHOK@Act?5Load@ 1001e104     D2Patches.obj
 0002:00001110       ??_C@_0BL@LLIGFCJA@Move?5Player?5Corpse?5To?5Town@ 1001e110     D2Patches.obj
 0002:0000112c       ??_C@_0BB@JLEEPHDK@Hostile?5WP?5Delay@ 1001e12c     D2Patches.obj
 0002:00001140       ??_C@_0BF@EPKCBMJB@Hostile?5Button?5Delay@ 1001e140     D2Patches.obj
 0002:00001158       ??_C@_0BD@CCKKFHPJ@Gold?5drop?5on?5death@ 1001e158     D2Patches.obj
 0002:0000116c       ??_C@_0BC@HAEELPGP@Ear?5drop?5on?5death@ 1001e16c     D2Patches.obj
 0002:00001180       ??_C@_0N@CONBGDED@FindUnit?5Fix@ 1001e180     D2Patches.obj
 0002:00001190       ??_C@_0BA@MKEBFHDL@Str?1dex?5bug?5fix@ 1001e190     D2Patches.obj
 0002:000011a0       ??_C@_0N@BENPAFJJ@Chat?5Wrapper@ 1001e1a0     D2Patches.obj
 0002:000011b0       ??_C@_0BG@FCFJIEEE@NPC?5Slow?5Missile?5Heal@ 1001e1b0     D2Patches.obj
 0002:000011c8       ??_C@_0P@IDICGABH@Roster?5Wrapper@ 1001e1c8     D2Patches.obj
 0002:000011d8       ??_C@_0BB@DFHCFBIO@On?5Monster?5Death@ 1001e1d8     D2Patches.obj
 0002:000011ec       ??_C@_0BI@BGODAFOA@Null?5Original?5S?9?$DOC?50x66@ 1001e1ec     D2Patches.obj
 0002:00001204       ??_C@_0BF@NKKKIOPL@Game?5Destroy?5Wrapper@ 1001e204     D2Patches.obj
 0002:0000121c       ??_C@_0BJ@GPENJECH@Add?5ClientToGame?5Wrapper@ 1001e21c     D2Patches.obj
 0002:00001238       ??_C@_0BG@OGHLPKGK@Player?5Events?5Wrapper@ 1001e238     D2Patches.obj
 0002:00001250       ??_C@_0BA@MDCHJAPD@Perm?5Store?5Stub@ 1001e250     D2Patches.obj
 0002:00001260       ??_C@_0BF@BJAJCCII@Disable?5repair?5costs@ 1001e260     D2Patches.obj
 0002:00001278       ??_C@_0BI@MPIKFJJI@Disable?5repair?5costs?5II@ 1001e278     D2Patches.obj
 0002:00001290       ??_C@_0BD@BHCPGKLH@Extend?5Game?5Struct@ 1001e290     D2Patches.obj
 0002:000012a4       ??_C@_0N@JABNHHFK@D2Client?4dll@ 1001e2a4     D2Patches.obj
 0002:000012b4       ??_C@_0BJ@IKNLOBGA@Extend?5PlayerData?5Struct@ 1001e2b4     D2Patches.obj
 0002:000012d0       ??_C@_0BI@MODEPFGC@Party?5Share?5Fix?5Prepare@ 1001e2d0     D2Patches.obj
 0002:000012e8       ??_C@_0BA@DLKCHNAA@Party?5Share?5Fix@ 1001e2e8     D2Patches.obj
 0002:000012f8       ??_C@_0BB@GIBGJDPE@Exp?5Increase?5Fix@ 1001e2f8     D2Patches.obj
 0002:0000130c       ??_C@_0BA@BFLCOFIH@Hp?5Increase?5Fix@ 1001e30c     D2Patches.obj
 0002:0000131c       ??_C@_0BH@CGNGHDLC@Decresae?5Corpse?5number@ 1001e31c     D2Patches.obj
 0002:00001334       ??_C@_0BB@KIBPLHNL@Null?5Iron?5Maiden@ 1001e334     D2Patches.obj
 0002:00001348       ??_C@_0BC@EMFMEOEG@Null?5Lower?5Resist@ 1001e348     D2Patches.obj
 0002:0000135c       ??_C@_0P@LLAAJFJN@Cows?8?5drop?5fix@ 1001e35c     D2Patches.obj
 0002:0000136c       ??_C@_0BD@CEBBIPC@Fire?5Enchanted?5Fix@ 1001e36c     D2Patches.obj
 0002:00001380       ??_C@_0BJ@DGGPPIGG@Colour?5Item?5Intercept?5IV@ 1001e380     D2Patches.obj
 0002:0000139c       ??_C@_0BI@CDOAGKPF@Colour?5Item?5Intercept?5V@ 1001e39c     D2Patches.obj
 0002:000013b4       ??_C@_0BL@EHJILLDO@Tresure?5Class?5Create?5Hndlr@ 1001e3b4     D2Patches.obj
 0002:000013d0       ??_C@_0BB@HBAAJIJF@NodesEX?3?5Baal?5Ai@ 1001e3d0     D2Patches.obj
 0002:000013e4       ??_C@_0BD@DBALMGPH@NodesEX?3?5Diablo?5Ai@ 1001e3e4     D2Patches.obj
 0002:000013f8       ??_C@_0CA@NEFBOHOP@NodesEX?3?5Alloc?516?9players?5nodes@ 1001e3f8     D2Patches.obj
 0002:00001418       ??_C@_0BP@CBAIOCCB@NodesEX?3?5Free?516?9players?5nodes@ 1001e418     D2Patches.obj
 0002:00001438       ??_C@_0CI@IOAIHKAA@NodesEX?3?5Free?5Child?5of?516?9playe@ 1001e438     D2Patches.obj
 0002:00001460       ??_C@_0BH@HEGMPDLK@NodesEX?3?5Get?5Unit?5Node@ 1001e460     D2Patches.obj
 0002:00001478       ??_C@_0CM@LNDDJOEH@NodesEX?3?5Set?5Unit?5Node?5As?5Paren@ 1001e478     D2Patches.obj
 0002:000014a4       ??_C@_0CL@JJNFDMCL@NodesEX?3?5Set?5Unit?5Node?5As?5Paren@ 1001e4a4     D2Patches.obj
[...]
 0001:0001ba7b       __unwindfunclet$?loadConfig@Warden@@QAEXXZ$61 1001ca7b f   Warden.obj
 0001:0001ba8b       __ehhandler$?loadConfig@Warden@@QAEXXZ 1001ca8b f   Warden.obj
 0001:0001bac0       __unwindfunclet$??0?$token_iterator@V?$char_separator@DU?$char_traits@D@std@@@boost@@V?$_String_const_iterator@V?$_String_val@U?$_Simple_types@D@std@@@std@@@std@@V?$basic_string@DU?$char_traits@D@std@@V?$allocator@D@2@@4@@boost@@QAE@V?$char_separator@DU?$char_traits@D@std@@@1@V?$_String_const_iterator@V?$_String_val@U?$_Simple_types@D@std@@@std@@@std@@1@Z$0 1001cac0 f   Warden.obj
 0001:0001bac8       __unwindfunclet$??0?$token_iterator@V?$char_separator@DU?$char_traits@D@std@@@boost@@V?$_String_const_iterator@V?$_String_val@U?$_Simple_types@D@std@@@std@@@std@@V?$basic_string@DU?$char_traits@D@std@@V?$allocator@D@2@@4@@boost@@QAE@V?$char_separator@DU?$char_traits@D@std@@@1@V?$_String_const_iterator@V?$_String_val@U?$_Simple_types@D@std@@@std@@@std@@1@Z$3 1001cac8 f   Warden.obj
 0001:0001bad0       __unwindfunclet$??0?$token_iterator@V?$char_separator@DU?$char_traits@D@std@@@boost@@V?$_String_const_iterator@V?$_String_val@U?$_Simple_types@D@std@@@std@@@std@@V?$basic_string@DU?$char_traits@D@std@@V?$allocator@D@2@@4@@boost@@QAE@V?$char_separator@DU?$char_traits@D@std@@@1@V?$_String_const_iterator@V?$_String_val@U?$_Simple_types@D@std@@@std@@@std@@1@Z$1 1001cad0 f   Warden.obj
 0001:0001bad8       __unwindfunclet$??0?$token_iterator@V?$char_separator@DU?$char_traits@D@std@@@boost@@V?$_String_const_iterator@V?$_String_val@U?$_Simple_types@D@std@@@std@@@std@@V?$basic_string@DU?$char_traits@D@std@@V?$allocator@D@2@@4@@boost@@QAE@V?$char_separator@DU?$char_traits@D@std@@@1@V?$_String_const_iterator@V?$_String_val@U?$_Simple_types@D@std@@@std@@@std@@1@Z$2 1001cad8 f   Warden.obj
 0001:0001bae8       __ehhandler$??0?$token_iterator@V?$char_separator@DU?$char_traits@D@std@@@boost@@V?$_String_const_iterator@V?$_String_val@U?$_Simple_types@D@std@@@std@@@std@@V?$basic_string@DU?$char_traits@D@std@@V?$allocator@D@2@@4@@boost@@QAE@V?$char_separator@DU?$char_traits@D@std@@@1@V?$_String_const_iterator@V?$_String_val@U?$_Simple_types@D@std@@@std@@@std@@1@Z 1001cae8 f   Warden.obj
 0001:0001bb10       __ehhandler$??1WardenClient@@QAE@XZ 1001cb10 f   WardenClient.obj
 0001:0001bb40       ??__FFile@?1??GetColorNameByAcc@@YAEV?$basic_string@DU?$char_traits@D@std@@V?$allocator@D@2@@std@@@Z@YAXXZ 1001cb40 f   Misc.obj
 0001:0001bb98       ??__F_Fac_tidy_reg@std@@YAXXZ 1001cb98 f   msvcprt:locale0_implib.obj
 0002:000001f8       ?_Fac_tidy_reg$initializer$@std@@3P6AXXZA 1001d1f8     msvcprt:locale0_implib.obj
 0002:00000204       ?__scrt_initialize_tss_var@@3P6AHXZA 1001d204     MSVCRT:thread_safe_statics.obj
 0002:000002d0       _GS_ExceptionPointers      1001d2d0     MSVCRT:gs_report.obj
 0002:00000d68       ?piecewise_construct@std@@3Upiecewise_construct_t@1@B 1001dd68     D2Handlers.obj
 0002:00000d69       ?_Fake_alloc@std@@3U_Fake_allocator@1@B 1001dd69     D2Handlers.obj
 0002:00000d6a       ?_Fake_alloc@std@@3U_Fake_allocator@1@B 1001dd6a     INIReader.obj
 0002:00000d6b       ?piecewise_construct@std@@3Upiecewise_construct_t@1@B 1001dd6b     INIReader.obj
 0002:00000d6c       ?_Fake_alloc@std@@3U_Fake_allocator@1@B 1001dd6c     LUberQuest.obj
 0002:00000d6d       ?_Fake_alloc@std@@3U_Fake_allocator@1@B 1001dd6d     LEvents.obj
 0002:00000d6e       ?_Fake_alloc@std@@3U_Fake_allocator@1@B 1001dd6e     LItems.obj
 0002:00000d6f       ?_Fake_alloc@std@@3U_Fake_allocator@1@B 1001dd6f     LMonsters.obj
 0002:00000d70       ?dlls@@3PAPBDA             1001dd70     Offset.obj
 0002:00000dbc       ?_Fake_alloc@std@@3U_Fake_allocator@1@B 1001ddbc     LWorldEvent.obj
 0002:00000dbd       ?_Fake_alloc@std@@3U_Fake_allocator@1@B 1001ddbd     stdafx.obj
 0002:00000dbe       ?_Fake_alloc@std@@3U_Fake_allocator@1@B 1001ddbe     Misc.obj
 0002:00000dbf       ?_Fake_alloc@std@@3U_Fake_allocator@1@B 1001ddbf     Warden.obj
 0002:00000dc0       ?_Fake_alloc@std@@3U_Fake_allocator@1@B 1001ddc0     WardenClient.obj
 0002:00004210       _NaN                       10021210     MSVCRT:ftol3.obj
 0002:00004214       _onept5                    10021214     MSVCRT:ftol3.obj
 0002:00004218       _DP2to32                   10021218     MSVCRT:ftol3.obj
 0002:00004218       _Int32ToUInt32             10021218     MSVCRT:ftol3.obj
 0002:00004ba8       __ehfuncinfo$?OnLastHit@@YGXPAUUnitAny@@0PAUDamage@@@Z 10021ba8     D2Handlers.obj
 0002:00004bd0       __unwindtable$?OnLastHit@@YGXPAUUnitAny@@0PAUDamage@@@Z 10021bd0     D2Handlers.obj
 0002:00004c10       __ehfuncinfo$?OnChat@@YIHPAUUnitAny@@PAE@Z 10021c10     D2Handlers.obj
 0002:00004c38       __unwindtable$?OnChat@@YIHPAUUnitAny@@PAE@Z 10021c38     D2Handlers.obj
 0002:00004ca0       __ehfuncinfo$??A?$map@KPAUUnitAny@@U?$less@K@std@@V?$allocator@U?$pair@$$CBKPAUUnitAny@@@std@@@3@@std@@QAEAAPAUUnitAny@@ABK@Z 10021ca0     D2Handlers.obj
 0002:00004cc4       __unwindtable$??A?$map@KPAUUnitAny@@U?$less@K@std@@V?$allocator@U?$pair@$$CBKPAUUnitAny@@@std@@@3@@std@@QAEAAPAUUnitAny@@ABK@Z 10021cc4     D2Handlers.obj
 0002:00004ccc       __ehfuncinfo$?str@?$basic_ostringstream@DU?$char_traits@D@std@@V?$allocator@D@2@@std@@QBE?AV?$basic_string@DU?$char_traits@D@std@@V?$allocator@D@2@@2@XZ 10021ccc     D2Handlers.obj
 0002:00004cf0       __unwindtable$?str@?$basic_ostringstream@DU?$char_traits@D@std@@V?$allocator@D@2@@std@@QBE?AV?$basic_string@DU?$char_traits@D@std@@V?$allocator@D@2@@2@XZ 10021cf0     D2Handlers.obj
 0002:00004cf8       __ehfuncinfo$??0?$basic_ostringstream@DU?$char_traits@D@std@@V?$allocator@D@2@@std@@QAE@XZ 10021cf8     D2Handlers.obj
 0002:00004d1c       __unwindtable$??0?$basic_ostringstream@DU?$char_traits@D@std@@V?$allocator@D@2@@std@@QAE@XZ 10021d1c     D2Handlers.obj
 0002:00004d2c       __ehfuncinfo$?getInstance@Warden@@SAAAV1@XZ 10021d2c     D2Handlers.obj
 0002:00004d50       __unwindtable$?getInstance@Warden@@SAAAV1@XZ 10021d50     D2Handlers.obj
 0002:00004d58       __ehfuncinfo$??$?6U?$char_traits@D@std@@@std@@YAAAV?$basic_ostream@DU?$char_traits@D@std@@@0@AAV10@D@Z 10021d58     D2Handlers.obj
 0002:00004d7c       __unwindtable$??$?6U?$char_traits@D@std@@@std@@YAAAV?$basic_ostream@DU?$char_traits@D@std@@@0@AAV10@D@Z 10021d7c     D2Handlers.obj
 0002:00004dac       __tryblocktable$??$?6U?$char_traits@D@std@@@std@@YAAAV?$basic_ostream@DU?$char_traits@D@std@@@0@AAV10@D@Z 10021dac     D2Handlers.obj
 0002:00004dc0       __catchsym$??$?6U?$char_traits@D@std@@@std@@YAAAV?$basic_ostream@DU?$char_traits@D@std@@@0@AAV10@D@Z$6 10021dc0     D2Handlers.obj
 0002:00004dd0       __ehfuncinfo$??1_Sentry_base@?$basic_ostream@DU?$char_traits@D@std@@@std@@QAE@XZ 10021dd0     D2Handlers.obj
 0002:00004dd0       __ehfuncinfo$??1Warden@@QAE@XZ 10021dd0     Warden.obj
 0002:00004dd0       __ehfuncinfo$??1WardenClient@@QAE@XZ 10021dd0     WardenClient.obj
 0002:00004df4       __ehfuncinfo$??1sentry@?$basic_ostream@DU?$char_traits@D@std@@@std@@QAE@XZ 10021df4     D2Handlers.obj
 0002:00004e18       __unwindtable$??1sentry@?$basic_ostream@DU?$char_traits@D@std@@@std@@QAE@XZ 10021e18     D2Handlers.obj
 0002:00004e20       __ehfuncinfo$??$?6U?$char_traits@D@std@@@std@@YAAAV?$basic_ostream@DU?$char_traits@D@std@@@0@AAV10@PBD@Z 10021e20     D2Handlers.obj
 0002:00004e44       __unwindtable$??$?6U?$char_traits@D@std@@@std@@YAAAV?$basic_ostream@DU?$char_traits@D@std@@@0@AAV10@PBD@Z 10021e44     D2Handlers.obj
 0002:00004e74       __tryblocktable$??$?6U?$char_traits@D@std@@@std@@YAAAV?$basic_ostream@DU?$char_traits@D@std@@@0@AAV10@PBD@Z 10021e74     D2Handlers.obj
 0002:00004e88       __catchsym$??$?6U?$char_traits@D@std@@@std@@YAAAV?$basic_ostream@DU?$char_traits@D@std@@@0@AAV10@PBD@Z$6 10021e88     D2Handlers.obj
 0002:00004e98       __ehfuncinfo$?Get@INIReader@@QAE?AV?$basic_string@DU?$char_traits@D@std@@V?$allocator@D@2@@std@@V23@00@Z 10021e98     INIReader.obj
 0002:00004ebc       __unwindtable$?Get@INIReader@@QAE?AV?$basic_string@DU?$char_traits@D@std@@V?$allocator@D@2@@std@@V23@00@Z 10021ebc     INIReader.obj
 0002:00004ee4       __ehfuncinfo$?MakeKey@INIReader@@CA?AV?$basic_string@DU?$char_traits@D@std@@V?$allocator@D@2@@std@@V23@0@Z 10021ee4     INIReader.obj
 0002:00004f08       __unwindtable$?MakeKey@INIReader@@CA?AV?$basic_string@DU?$char_traits@D@std@@V?$allocator@D@2@@std@@V23@0@Z 10021f08     INIReader.obj
 0002:00004f28       __ehfuncinfo$?ValueHandler@INIReader@@CAHPAXPBD11@Z 10021f28     INIReader.obj
 0002:00004f4c       __unwindtable$?ValueHandler@INIReader@@CAHPAXPBD11@Z 10021f4c     INIReader.obj
 0002:00004f5c       __ehfuncinfo$??A?$map@V?$basic_string@DU?$char_traits@D@std@@V?$allocator@D@2@@std@@V12@U?$less@V?$basic_string@DU?$char_traits@D@std@@V?$allocator@D@2@@std@@@2@V?$allocator@U?$pair@$$CBV?$basic_string@DU?$char_traits@D@std@@V?$allocator@D@2@@std@@V12@@std@@@2@@std@@QAEAAV?$basic_string@DU?$char_traits@D@std@@V?$allocator@D@2@@1@ABV21@@Z 10021f5c     INIReader.obj
 0002:00004f80       __unwindtable$??A?$map@V?$basic_string@DU?$char_traits@D@std@@V?$allocator@D@2@@std@@V12@U?$less@V?$basic_string@DU?$char_traits@D@std@@V?$allocator@D@2@@std@@@2@V?$allocator@U?$pair@$$CBV?$basic_string@DU?$char_traits@D@std@@V?$allocator@D@2@@std@@V12@@std@@@2@@std@@QAEAAV?$basic_string@DU?$char_traits@D@std@@V?$allocator@D@2@@1@ABV21@@Z 10021f80     INIReader.obj
 0002:00004f90       __ehfuncinfo$?OnClickLocation@@YIKPAUGame@@PAUUnitAny@@PAUSkillPacket@@K@Z 10021f90     LPackets.obj
 0002:00004fb4       __unwindtable$?OnClickLocation@@YIKPAUGame@@PAUUnitAny@@PAUSkillPacket@@K@Z 10021fb4     LPackets.obj
 0002:00004fc4       __ehfuncinfo$?EVENTS_SendClanInfo@@YAXPAUClientData@@@Z 10021fc4     LEvents.obj
 0002:00004fe8       __unwindtable$?EVENTS_SendClanInfo@@YAXPAUClientData@@@Z 10021fe8     LEvents.obj
 0002:00005008       __ehfuncinfo$?EVENTS_BroadcastClanInfo@@YAXPAUClientData@@@Z 10022008     LEvents.obj
 0002:0000502c       __unwindtable$?EVENTS_BroadcastClanInfo@@YAXPAUClientData@@@Z 1002202c     LEvents.obj
 0002:0000504c       __ehfuncinfo$?OnDeath@@YGXPAUUnitAny@@0PAUGame@@@Z 1002204c     LEvents.obj
 0002:00005070       __unwindtable$?OnDeath@@YGXPAUUnitAny@@0PAUGame@@@Z 10022070     LEvents.obj
 0002:00005098       __ehfuncinfo$?DoRoundEndStuff@@YAXPAUGame@@PAUUnitAny@@@Z 10022098     LEvents.obj
 0002:000050bc       __unwindtable$?DoRoundEndStuff@@YAXPAUGame@@PAUUnitAny@@@Z 100220bc     LEvents.obj
 0002:000050d4       __ehfuncinfo$?ParseItemsCmds@@YA_NPAUUnitAny@@PAD1@Z 100220d4     LItems.obj
 0002:000050f8       __unwindtable$?ParseItemsCmds@@YA_NPAUUnitAny@@PAD1@Z 100220f8     LItems.obj
 0002:00005100       __ehfuncinfo$?ParseMonCmds@@YA_NPAUUnitAny@@PAD1@Z 10022100     LMonsters.obj
 0002:00005124       __unwindtable$?ParseMonCmds@@YA_NPAUUnitAny@@PAD1@Z 10022124     LMonsters.obj
 0002:0000512c       __ehfuncinfo$?QUEST_AllocQuestControl@@YGXPAUGame@@@Z 1002212c     LQuests.obj
 0002:00005150       __unwindtable$?QUEST_AllocQuestControl@@YGXPAUGame@@@Z 10022150     LQuests.obj
 0002:00005158       __ehfuncinfo$?WE_GenerateNextDC@@YAXXZ 10022158     LWorldEvent.obj
 0002:0000517c       __unwindtable$?WE_GenerateNextDC@@YAXXZ 1002217c     LWorldEvent.obj
 0002:0000518c       __ehfuncinfo$?WE_UpdateCounter@@YAXH@Z 1002218c     LWorldEvent.obj
 0002:000051b0       __unwindtable$?WE_UpdateCounter@@YAXH@Z 100221b0     LWorldEvent.obj
 0002:000051c0       __ehfuncinfo$?SPECTATOR_OnClickSpecate@@YAKPAUGame@@PAUUnitAny@@1@Z 100221c0     LSpectator.obj
 0002:000051e4       __unwindtable$?SPECTATOR_OnClickSpecate@@YAKPAUGame@@PAUUnitAny@@1@Z 100221e4     LSpectator.obj
 0002:000051ec       __ehfuncinfo$?GetColorNameByAcc@@YAEV?$basic_string@DU?$char_traits@D@std@@V?$allocator@D@2@@std@@@Z 100221ec     Misc.obj
 0002:00005210       __unwindtable$?GetColorNameByAcc@@YAEV?$basic_string@DU?$char_traits@D@std@@V?$allocator@D@2@@std@@@Z 10022210     Misc.obj
 0002:00005218       __ehfuncinfo$?isAnAdmin@@YA_NV?$basic_string@DU?$char_traits@D@std@@V?$allocator@D@2@@std@@@Z 10022218     Misc.obj
 0002:0000523c       __unwindtable$?isAnAdmin@@YA_NV?$basic_string@DU?$char_traits@D@std@@V?$allocator@D@2@@std@@@Z 1002223c     Misc.obj
 0002:00005254       __ehfuncinfo$?BroadcastExEvent@@YAXPAUGame@@HHHFFV?$basic_string@DU?$char_traits@D@std@@V?$allocator@D@2@@std@@1@Z 10022254     Misc.obj
 0002:00005278       __unwindtable$?BroadcastExEvent@@YAXPAUGame@@HHHFFV?$basic_string@DU?$char_traits@D@std@@V?$allocator@D@2@@std@@1@Z 10022278     Misc.obj
 0002:00005288       __ehfuncinfo$?BroadcastExEvent@@YAXPAUGame@@HKHV?$basic_string@DU?$char_traits@D@std@@V?$allocator@D@2@@std@@@Z 10022288     Misc.obj
 0002:000052ac       __unwindtable$?BroadcastExEvent@@YAXPAUGame@@HKHV?$basic_string@DU?$char_traits@D@std@@V?$allocator@D@2@@std@@@Z 100222ac     Misc.obj
 0002:000052b4       __ehfuncinfo$?SendExEvent@@YAXPAUClientData@@HHHFFV?$basic_string@DU?$char_traits@D@std@@V?$allocator@D@2@@std@@1@Z 100222b4     Misc.obj
 0002:000052d8       __unwindtable$?SendExEvent@@YAXPAUClientData@@HHHFFV?$basic_string@DU?$char_traits@D@std@@V?$allocator@D@2@@std@@1@Z 100222d8     Misc.obj
 0002:000052e8       __ehfuncinfo$?BroadcastEventMsgEx@@YAXPAUGame@@HV?$basic_string@DU?$char_traits@D@std@@V?$allocator@D@2@@std@@1@Z 100222e8     Misc.obj
 0002:0000530c       __unwindtable$?BroadcastEventMsgEx@@YAXPAUGame@@HV?$basic_string@DU?$char_traits@D@std@@V?$allocator@D@2@@std@@1@Z 1002230c     Misc.obj
 0002:0000531c       __ehfuncinfo$?ConvertSkill@@YA?AV?$basic_string@DU?$char_traits@D@std@@V?$allocator@D@2@@std@@G@Z 1002231c     Misc.obj
 0002:00005340       __unwindtable$?ConvertSkill@@YA?AV?$basic_string@DU?$char_traits@D@std@@V?$allocator@D@2@@std@@G@Z 10022340     Misc.obj
 0002:00005360       __ehfuncinfo$??$to_lower@V?$basic_string@DU?$char_traits@D@std@@V?$allocator@D@2@@std@@@algorithm@boost@@YAXAAV?$basic_string@DU?$char_traits@D@std@@V?$allocator@D@2@@std@@ABVlocale@3@@Z 10022360     Misc.obj
 0002:00005384       __unwindtable$??$to_lower@V?$basic_string@DU?$char_traits@D@std@@V?$allocator@D@2@@std@@@algorithm@boost@@YAXAAV?$basic_string@DU?$char_traits@D@std@@V?$allocator@D@2@@std@@ABVlocale@3@@Z 10022384     Misc.obj
 0002:00005398       __ehfuncinfo$??0Warden@@QAE@XZ 10022398     Warden.obj
 0002:000053c0       __unwindtable$??0Warden@@QAE@XZ 100223c0     Warden.obj
 0002:00005418       __ehfuncinfo$?onJoinGame@Warden@@QAIKPAUPacketData@@@Z 10022418     Warden.obj
 0002:0000543c       __unwindtable$?onJoinGame@Warden@@QAIKPAUPacketData@@@Z 1002243c     Warden.obj
 0002:00005460       __ehfuncinfo$?loadConfig@Warden@@QAEXXZ 10022460     Warden.obj
 0002:00005488       __unwindtable$?loadConfig@Warden@@QAEXXZ 10022488     Warden.obj
 0002:00005600       __ehfuncinfo$??0?$token_iterator@V?$char_separator@DU?$char_traits@D@std@@@boost@@V?$_String_const_iterator@V?$_String_val@U?$_Simple_types@D@std@@@std@@@std@@V?$basic_string@DU?$char_traits@D@std@@V?$allocator@D@2@@4@@boost@@QAE@V?$char_separator@DU?$char_traits@D@std@@@1@V?$_String_const_iterator@V?$_String_val@U?$_Simple_types@D@std@@@std@@@std@@1@Z 10022600     Warden.obj
 0002:00005624       __unwindtable$??0?$token_iterator@V?$char_separator@DU?$char_traits@D@std@@@boost@@V?$_String_const_iterator@V?$_String_val@U?$_Simple_types@D@std@@@std@@@std@@V?$basic_string@DU?$char_traits@D@std@@V?$allocator@D@2@@4@@boost@@QAE@V?$char_separator@DU?$char_traits@D@std@@@1@V?$_String_const_iterator@V?$_String_val@U?$_Simple_types@D@std@@@std@@@std@@1@Z 10022624     Warden.obj
 0002:00005648       __sehtable$___scrt_is_nonwritable_in_current_image 10022648     MSVCRT:utility.obj
 0002:00005668       __sehtable$?dllmain_crt_process_attach@@YAHQAUHINSTANCE__@@QAX@Z 10022668     MSVCRT:dll_dllmain.obj
 0002:00005688       __sehtable$?dllmain_crt_process_detach@@YAH_N@Z 10022688     MSVCRT:dll_dllmain.obj
 0002:000056b0       __sehtable$?dllmain_dispatch@@YAHQAUHINSTANCE__@@KQAX@Z 100226b0     MSVCRT:dll_dllmain.obj
 0002:000057a0       .edata                     100227a0     d2warden.exp
 0002:000057c8       szName                     100227c8     d2warden.exp
 0002:00005b76       .idata$6                   10022b76     kernel32:KERNEL32.dll
 0002:000062aa       .idata$6                   100232aa     msvcprt:MSVCP140.dll
 0002:00006376       .idata$6                   10023376     vcruntime:VCRUNTIME140.dll
 0002:000065c4       .idata$6                   100235c4     ucrt:api-ms-win-crt-runtime-l1-1-0.dll
 0002:000065e6       .idata$6                   100235e6     ucrt:api-ms-win-crt-string-l1-1-0.dll
 0002:00006608       .idata$6                   10023608     ucrt:api-ms-win-crt-convert-l1-1-0.dll
 0002:0000662a       .idata$6                   1002362a     ucrt:api-ms-win-crt-stdio-l1-1-0.dll
 0002:0000664a       .idata$6                   1002364a     ucrt:api-ms-win-crt-utility-l1-1-0.dll
 0002:0000666c       .idata$6                   1002366c     ucrt:api-ms-win-crt-time-l1-1-0.dll
 0002:0000668c       .idata$6                   1002368c     ucrt:api-ms-win-crt-heap-l1-1-0.dll
 0003:00000000       unk1                       10024000     HashGameSeed.obj
 0003:00000100       unk_18C3010                10024100     HashGameSeed.obj
 0003:00000101       unk2                       10024101     HashGameSeed.obj
 0003:00000224       ?File@?1??GetColorNameByAcc@@YAEV?$basic_string@DU?$char_traits@D@std@@V?$allocator@D@2@@std@@@Z@4V23@A 10024224     Misc.obj
 0003:00000470       ?_Fac_head@std@@3PAU_Fac_node@1@A 10024470     msvcprt:locale0_implib.obj
 0003:00000474       ?_Fac_tidy_reg@std@@3U_Fac_tidy_reg_t@1@B 10024474     msvcprt:locale0_implib.obj
 0003:00000478       ?g_tss_cv@@3U_RTL_CONDITION_VARIABLE@@A 10024478     MSVCRT:thread_safe_statics.obj
 0003:0000047c       ?g_tss_event@@3PAXA        1002447c     MSVCRT:thread_safe_statics.obj
 0003:00000480       ?g_tss_mutex@@3U_RTL_CRITICAL_SECTION@@A 10024480     MSVCRT:thread_safe_statics.obj
 0003:00000498       ?g_sleep_condition_variable_cs@@3P6GHPAU_RTL_CONDITION_VARIABLE@@PAU_RTL_CRITICAL_SECTION@@K@ZA 10024498     MSVCRT:thread_safe_statics.obj
 0003:0000049c       ?g_wake_all_condition_variable@@3P6GXPAU_RTL_CONDITION_VARIABLE@@@ZA 1002449c     MSVCRT:thread_safe_statics.obj
 0003:000004a8       ?is_initialized_as_dll@@3_NA 100244a8     MSVCRT:utility.obj
 0003:000004a9       ?module_local_atexit_table_initialized@@3_NA 100244a9     MSVCRT:utility.obj
 0003:000004ac       ?module_local_atexit_table@@3U_onexit_table_t@@A 100244ac     MSVCRT:utility.obj
 0003:000004b8       ?module_local_at_quick_exit_table@@3U_onexit_table_t@@A 100244b8     MSVCRT:utility.obj
 0003:000004c8       _GS_ExceptionRecord        100244c8     MSVCRT:gs_report.obj
 0003:00000518       _GS_ContextRecord          10024518     MSVCRT:gs_report.obj
 0003:000007e4       ?__proc_attached@@3HA      100247e4     MSVCRT:dll_dllmain.obj
 0003:000013f8       ?hSpawnDuriel@?1??UBERQUEST_SpawnMonsters@@YGXPAUGame@@@Z@4UD2POINT@@A 100253f8     LUberQuest.obj
 0003:00001740       ?gQuestInit@@3PAUQuestArray@@A 10025740     LQuests.obj
 0003:00001ac0       ?gQuestIntro@@3PAUQuestIntroArray@@A 10025ac0     LQuests.obj
 0003:00001ae0       ?AttackCount@?1??OnClickUnit@@YIKPAUGame@@PAUUnitAny@@PAUSkillTargetPacket@@K@Z@4HA 10025ae0     LPackets.obj
 0003:00001ae4       ?AttackCount@?1??OnClickLocation@@YIKPAUGame@@PAUUnitAny@@PAUSkillPacket@@K@Z@4HA 10025ae4     LPackets.obj
 0003:00001ae8       ?$TSS0@?1??WE_GenerateNextDC@@YAXXZ@4HA 10025ae8     LWorldEvent.obj
 0003:00001af0       ?rng@?1??WE_GenerateNextDC@@YAXXZ@4V?$mersenne_twister_engine@I$0CA@$0CHA@$0BIN@$0BP@$0JJAILANP@$0L@$0PPPPPPPP@$06$0JNCMFGIA@$0P@$0OPMGAAAA@$0BC@$0GMAHIJGF@@random@boost@@A 10025af0     LWorldEvent.obj
 0003:000024b4       ?$TSS0@?1??GetColorNameByAcc@@YAEV?$basic_string@DU?$char_traits@D@std@@V?$allocator@D@2@@std@@@Z@4HA 100264b4     Misc.obj
 0004:00000060       $R000000                   10027060     * linker generated manifest res *

 Exports

  ordinal    name

